#
# There is insufficient memory for the Java Runtime Environment to continue.
# Native memory allocation (malloc) failed to allocate 1799696 bytes. Error detail: Chunk::new
# Possible reasons:
#   The system is out of physical RAM or swap space
#   This process is running with CompressedOops enabled, and the Java Heap may be blocking the growth of the native heap
# Possible solutions:
#   Reduce memory load on the system
#   Increase physical memory or swap space
#   Check if swap backing store is full
#   Decrease Java heap size (-Xmx/-Xms)
#   Decrease number of Java threads
#   Decrease Java thread stack sizes (-Xss)
#   Set larger code cache with -XX:ReservedCodeCacheSize=
#   JVM is running with Unscaled Compressed Oops mode in which the Java heap is
#     placed in the first 4GB address space. The Java Heap base address is the
#     maximum limit for the native heap growth. Please use -XX:HeapBaseMinAddress
#     to set the Java Heap base and to place the Java Heap above 4GB virtual address.
# This output file may be truncated or incomplete.
#
#  Out of Memory Error (arena.cpp:168), pid=18168, tid=21884
#
# JRE version: OpenJDK Runtime Environment Temurin-21.0.12.1+1 (21.0.12.1+1) (build 21.0.12.1+1-LTS)
# Java VM: OpenJDK 64-Bit Server VM Temurin-21.0.12.1+1 (21.0.12.1+1-LTS, mixed mode, sharing, tiered, compressed oops, compressed class ptrs, g1 gc, windows-amd64)
# No core dump will be written. Minidumps are not enabled by default on client versions of Windows
#

---------------  S U M M A R Y ------------

Command Line: --add-opens=java.base/java.lang=ALL-UNNAMED --add-opens=java.base/java.lang.invoke=ALL-UNNAMED --add-opens=java.base/java.util=ALL-UNNAMED --add-opens=java.prefs/java.util.prefs=ALL-UNNAMED --add-exports=jdk.compiler/com.sun.tools.javac.api=ALL-UNNAMED --add-exports=jdk.compiler/com.sun.tools.javac.util=ALL-UNNAMED --add-opens=java.base/java.nio.charset=ALL-UNNAMED --add-opens=java.base/java.net=ALL-UNNAMED --add-opens=java.base/java.util.concurrent=ALL-UNNAMED --add-opens=java.base/java.util.concurrent.atomic=ALL-UNNAMED --add-opens=java.xml/javax.xml.namespace=ALL-UNNAMED --add-opens=java.base/java.time=ALL-UNNAMED -XX:MaxMetaspaceSize=384m -XX:+HeapDumpOnOutOfMemoryError -Xms256m -Xmx512m -Dfile.encoding=UTF-8 -Duser.country=US -Duser.language=en -Duser.variant -javaagent:C:\Users\Admin\.gradle\wrapper\dists\gradle-9.5.1-bin\iq79hdu3mqx29lgffhp8bfmx\gradle-9.5.1\lib\agents\gradle-instrumentation-agent-9.5.1.jar org.gradle.launcher.daemon.bootstrap.GradleDaemon 9.5.1

Host: AMD Ryzen 7 5800H with Radeon Graphics         , 16 cores, 13G,  Windows 11 , 64 bit Build 26100 (10.0.26100.8875)
Time: Mon Sep 14 10:59:27 2026 SE Asia Standard Time elapsed time: 175.062216 seconds (0d 0h 2m 55s)

---------------  T H R E A D  ---------------

Current thread (0x0000024e5c645620):  JavaThread "C2 CompilerThread2" daemon [_thread_in_native, id=21884, stack(0x000000ab2f900000,0x000000ab2fa00000) (1024K)]


Current CompileTask:
C2:175062 4797   !   4       java.net.URLClassLoader$1::run (81 bytes)

Stack: [0x000000ab2f900000,0x000000ab2fa00000]
Native frames: (J=compiled Java code, j=interpreted, Vv=VM code, C=native code)
V  [jvm.dll+0x6d83e9]
V  [jvm.dll+0x8b5736]
V  [jvm.dll+0x8b7cee]
V  [jvm.dll+0x8b83d3]
V  [jvm.dll+0x284596]
V  [jvm.dll+0xc685d]
V  [jvm.dll+0xc6da1]
V  [jvm.dll+0x3bf151]
V  [jvm.dll+0x38b6d2]
V  [jvm.dll+0x38ab1a]
V  [jvm.dll+0x24c700]
V  [jvm.dll+0x24bce0]
V  [jvm.dll+0x1cb4ae]
V  [jvm.dll+0x25baad]
V  [jvm.dll+0x25a03a]
V  [jvm.dll+0x3f8aae]
V  [jvm.dll+0x8600cd]
V  [jvm.dll+0x6d6c1d]
C  [ucrtbase.dll+0x2cd30]
C  [KERNEL32.DLL+0x2e957]
C  [ntdll.dll+0xaad6c]


---------------  P R O C E S S  ---------------

Threads class SMR info:
_java_thread_list=0x0000024e5d0b9120, length=39, elements={
0x0000024e2c791340, 0x0000024e42c07180, 0x0000024e42c09bf0, 0x0000024e42c0c660,
0x0000024e42c0d4d0, 0x0000024e42c11f40, 0x0000024e42c129a0, 0x0000024e42c13730,
0x0000024e42c1b3d0, 0x0000024e42e63770, 0x0000024e42ecbcc0, 0x0000024e42d643c0,
0x0000024e5c75aa40, 0x0000024e5d0cd0a0, 0x0000024e5d0a8ed0, 0x0000024e5cd47e00,
0x0000024e5c943720, 0x0000024e5d0b83b0, 0x0000024e5cf929e0, 0x0000024e5cf94420,
0x0000024e5cf93070, 0x0000024e5cf92350, 0x0000024e5cf93700, 0x0000024e5cf957d0,
0x0000024e5cf93d90, 0x0000024e5e71b430, 0x0000024e5e71bac0, 0x0000024e5e71c7e0,
0x0000024e5e71d500, 0x0000024e5e71c150, 0x0000024e5e71ce70, 0x0000024e5e71a080,
0x0000024e5e71a710, 0x0000024e5e71e8b0, 0x0000024e5e7202f0, 0x0000024e5c647160,
0x0000024e5c645620, 0x0000024e5c647830, 0x0000024e5c646a90
}

Java Threads: ( => current thread )
  0x0000024e2c791340 JavaThread "main"                              [_thread_blocked, id=16048, stack(0x000000ab2db00000,0x000000ab2dc00000) (1024K)]
  0x0000024e42c07180 JavaThread "Reference Handler"          daemon [_thread_blocked, id=13296, stack(0x000000ab2e300000,0x000000ab2e400000) (1024K)]
  0x0000024e42c09bf0 JavaThread "Finalizer"                  daemon [_thread_blocked, id=8316, stack(0x000000ab2e400000,0x000000ab2e500000) (1024K)]
  0x0000024e42c0c660 JavaThread "Signal Dispatcher"          daemon [_thread_blocked, id=15156, stack(0x000000ab2e500000,0x000000ab2e600000) (1024K)]
  0x0000024e42c0d4d0 JavaThread "Attach Listener"            daemon [_thread_blocked, id=2272, stack(0x000000ab2e600000,0x000000ab2e700000) (1024K)]
  0x0000024e42c11f40 JavaThread "Service Thread"             daemon [_thread_blocked, id=6680, stack(0x000000ab2e700000,0x000000ab2e800000) (1024K)]
  0x0000024e42c129a0 JavaThread "Monitor Deflation Thread"   daemon [_thread_blocked, id=3736, stack(0x000000ab2e800000,0x000000ab2e900000) (1024K)]
  0x0000024e42c13730 JavaThread "C2 CompilerThread0"         daemon [_thread_in_vm, id=8752, stack(0x000000ab2e900000,0x000000ab2ea00000) (1024K)]
  0x0000024e42c1b3d0 JavaThread "C1 CompilerThread0"         daemon [_thread_blocked, id=18256, stack(0x000000ab2ea00000,0x000000ab2eb00000) (1024K)]
  0x0000024e42e63770 JavaThread "Common-Cleaner"             daemon [_thread_blocked, id=28356, stack(0x000000ab2ee00000,0x000000ab2ef00000) (1024K)]
  0x0000024e42ecbcc0 JavaThread "Notification Thread"        daemon [_thread_blocked, id=27076, stack(0x000000ab2ec00000,0x000000ab2ed00000) (1024K)]
  0x0000024e42d643c0 JavaThread "Daemon health stats"               [_thread_blocked, id=20096, stack(0x000000ab2f300000,0x000000ab2f400000) (1024K)]
  0x0000024e5c75aa40 JavaThread "Incoming local TCP Connector on port 57546"        [_thread_in_native, id=19972, stack(0x000000ab2f500000,0x000000ab2f600000) (1024K)]
  0x0000024e5d0cd0a0 JavaThread "Daemon periodic checks"            [_thread_in_Java, id=18772, stack(0x000000ab2f400000,0x000000ab2f500000) (1024K)]
  0x0000024e5d0a8ed0 JavaThread "Daemon"                            [_thread_blocked, id=28688, stack(0x000000ab2f600000,0x000000ab2f700000) (1024K)]
  0x0000024e5cd47e00 JavaThread "Handler for socket connection from /127.0.0.1:57546 to /127.0.0.1:58854"        [_thread_in_native, id=23248, stack(0x000000ab2f700000,0x000000ab2f800000) (1024K)]
  0x0000024e5c943720 JavaThread "Cancel handler"                    [_thread_blocked, id=25440, stack(0x000000ab2f800000,0x000000ab2f900000) (1024K)]
  0x0000024e5d0b83b0 JavaThread "Daemon worker"                     [_thread_in_vm, id=29476, stack(0x000000ab2fa00000,0x000000ab2fb00000) (1024K)]
  0x0000024e5cf929e0 JavaThread "Asynchronous log dispatcher for DefaultDaemonConnection: socket connection from /127.0.0.1:57546 to /127.0.0.1:58854"        [_thread_blocked, id=30680, stack(0x000000ab2fb00000,0x000000ab2fc00000) (1024K)]
  0x0000024e5cf94420 JavaThread "Stdin handler"                     [_thread_blocked, id=27508, stack(0x000000ab2fc00000,0x000000ab2fd00000) (1024K)]
  0x0000024e5cf93070 JavaThread "Daemon client event forwarder"        [_thread_blocked, id=23516, stack(0x000000ab2fd00000,0x000000ab2fe00000) (1024K)]
  0x0000024e5cf92350 JavaThread "Cache worker for journal cache (C:\Users\Admin\.gradle\caches\journal-1)"        [_thread_blocked, id=18752, stack(0x000000ab2fe00000,0x000000ab2ff00000) (1024K)]
  0x0000024e5cf93700 JavaThread "File lock request listener"        [_thread_in_native, id=22988, stack(0x000000ab2ff00000,0x000000ab30000000) (1024K)]
  0x0000024e5cf957d0 JavaThread "File lock release action executor"        [_thread_blocked, id=21592, stack(0x000000ab30000000,0x000000ab30100000) (1024K)]
  0x0000024e5cf93d90 JavaThread "Cache worker for file hash cache (C:\Users\Admin\.gradle\caches\9.5.1\fileHashes)"        [_thread_blocked, id=14896, stack(0x000000ab30300000,0x000000ab30400000) (1024K)]
  0x0000024e5e71b430 JavaThread "Cache worker for file hash cache (C:\Users\Admin\Downloads\mini-banking\.gradle\9.5.1\fileHashes)"        [_thread_blocked, id=29352, stack(0x000000ab30100000,0x000000ab30200000) (1024K)]
  0x0000024e5e71bac0 JavaThread "Cache worker for Build Output Cleanup Cache (C:\Users\Admin\Downloads\mini-banking\.gradle\buildOutputCleanup)"        [_thread_blocked, id=30216, stack(0x000000ab30c00000,0x000000ab30d00000) (1024K)]
  0x0000024e5e71c7e0 JavaThread "File watcher server"        daemon [_thread_in_native, id=23484, stack(0x000000ab30d00000,0x000000ab30e00000) (1024K)]
  0x0000024e5e71d500 JavaThread "File watcher consumer"      daemon [_thread_blocked, id=18988, stack(0x000000ab30e00000,0x000000ab30f00000) (1024K)]
  0x0000024e5e71c150 JavaThread "Cache worker for file content cache (C:\Users\Admin\.gradle\caches\9.5.1\fileContent)"        [_thread_blocked, id=27392, stack(0x000000ab30f00000,0x000000ab31000000) (1024K)]
  0x0000024e5e71ce70 JavaThread "Cache worker for checksums cache (C:\Users\Admin\Downloads\mini-banking\.gradle\9.5.1\checksums)"        [_thread_blocked, id=30568, stack(0x000000ab31000000,0x000000ab31100000) (1024K)]
  0x0000024e5e71a080 JavaThread "Cache worker for cache directory md-supplier (C:\Users\Admin\.gradle\caches\9.5.1\md-supplier)"        [_thread_blocked, id=2340, stack(0x000000ab31100000,0x000000ab31200000) (1024K)]
  0x0000024e5e71a710 JavaThread "Cache worker for cache directory md-rule (C:\Users\Admin\.gradle\caches\9.5.1\md-rule)"        [_thread_blocked, id=10144, stack(0x000000ab31200000,0x000000ab31300000) (1024K)]
  0x0000024e5e71e8b0 JavaThread "jar transforms"                    [_thread_blocked, id=18812, stack(0x000000ab2f200000,0x000000ab2f300000) (1024K)]
  0x0000024e5e7202f0 JavaThread "jar transforms Thread 2"           [_thread_blocked, id=12388, stack(0x000000ab2d900000,0x000000ab2da00000) (1024K)]
  0x0000024e5c647160 JavaThread "C2 CompilerThread1"         daemon [_thread_in_native, id=30264, stack(0x000000ab2da00000,0x000000ab2db00000) (1024K)]
=>0x0000024e5c645620 JavaThread "C2 CompilerThread2"         daemon [_thread_in_native, id=21884, stack(0x000000ab2f900000,0x000000ab2fa00000) (1024K)]
  0x0000024e5c647830 JavaThread "C2 CompilerThread3"         daemon [_thread_in_native, id=18020, stack(0x000000ab31300000,0x000000ab31400000) (1024K)]
  0x0000024e5c646a90 JavaThread "C1 CompilerThread1"         daemon [_thread_blocked, id=26748, stack(0x000000ab31400000,0x000000ab31500000) (1024K)]
Total: 39

Other Threads:
  0x0000024e42be15d0 VMThread "VM Thread"                           [id=27372, stack(0x000000ab2e200000,0x000000ab2e300000) (1024K)]
  0x0000024e42bd60c0 WatcherThread "VM Periodic Task Thread"        [id=17380, stack(0x000000ab2e100000,0x000000ab2e200000) (1024K)]
  0x0000024e2c7bdaf0 WorkerThread "GC Thread#0"                     [id=18300, stack(0x000000ab2dc00000,0x000000ab2dd00000) (1024K)]
  0x0000024e5c651e60 WorkerThread "GC Thread#1"                     [id=23284, stack(0x000000ab2eb00000,0x000000ab2ec00000) (1024K)]
  0x0000024e5c1962c0 WorkerThread "GC Thread#2"                     [id=12440, stack(0x000000ab2ed00000,0x000000ab2ee00000) (1024K)]
  0x0000024e5c196c80 WorkerThread "GC Thread#3"                     [id=16268, stack(0x000000ab2ef00000,0x000000ab2f000000) (1024K)]
  0x0000024e5c197640 WorkerThread "GC Thread#4"                     [id=8948, stack(0x000000ab2f000000,0x000000ab2f100000) (1024K)]
  0x0000024e5c7e50c0 WorkerThread "GC Thread#5"                     [id=6520, stack(0x000000ab2f100000,0x000000ab2f200000) (1024K)]
  0x0000024e5dc72590 WorkerThread "GC Thread#6"                     [id=18240, stack(0x000000ab30200000,0x000000ab30300000) (1024K)]
  0x0000024e5dc72940 WorkerThread "GC Thread#7"                     [id=25436, stack(0x000000ab30400000,0x000000ab30500000) (1024K)]
  0x0000024e5dc70f70 WorkerThread "GC Thread#8"                     [id=14520, stack(0x000000ab30500000,0x000000ab30600000) (1024K)]
  0x0000024e5dc71320 WorkerThread "GC Thread#9"                     [id=27968, stack(0x000000ab30600000,0x000000ab30700000) (1024K)]
  0x0000024e602bce40 WorkerThread "GC Thread#10"                    [id=27192, stack(0x000000ab30700000,0x000000ab30800000) (1024K)]
  0x0000024e602bc330 WorkerThread "GC Thread#11"                    [id=26284, stack(0x000000ab30800000,0x000000ab30900000) (1024K)]
  0x0000024e602bbf80 WorkerThread "GC Thread#12"                    [id=28452, stack(0x000000ab30900000,0x000000ab30a00000) (1024K)]
  0x0000024e2c7c09d0 ConcurrentGCThread "G1 Main Marker"            [id=27836, stack(0x000000ab2dd00000,0x000000ab2de00000) (1024K)]
  0x0000024e2a4bc4d0 WorkerThread "G1 Conc#0"                       [id=28972, stack(0x000000ab2de00000,0x000000ab2df00000) (1024K)]
  0x0000024e6011c7e0 WorkerThread "G1 Conc#1"                       [id=1952, stack(0x000000ab30a00000,0x000000ab30b00000) (1024K)]
  0x0000024e6011d2f0 WorkerThread "G1 Conc#2"                       [id=20088, stack(0x000000ab30b00000,0x000000ab30c00000) (1024K)]
  0x0000024e42a9de40 ConcurrentGCThread "G1 Refine#0"               [id=28484, stack(0x000000ab2df00000,0x000000ab2e000000) (1024K)]
  0x0000024e42a9e7d0 ConcurrentGCThread "G1 Service"                [id=29336, stack(0x000000ab2e000000,0x000000ab2e100000) (1024K)]
Total: 21

Threads with active compile tasks:
C2 CompilerThread0  175132 4752   !   4       java.lang.ClassLoader::loadClass (121 bytes)
C2 CompilerThread1  175132 4794   !   4       java.net.URLClassLoader::findClass (47 bytes)
C2 CompilerThread2  175133 4797   !   4       java.net.URLClassLoader$1::run (81 bytes)
C2 CompilerThread3  175133 4796       4       java.net.URLClassLoader$1::run (5 bytes)
Total: 4

VM state: not at safepoint (normal execution)

VM Mutex/Monitor currently owned by a thread: None

Heap address: 0x00000000e0000000, size: 512 MB, Compressed Oops mode: 32-bit

CDS archive(s) mapped at: [0x0000024e43000000-0x0000024e43ba0000-0x0000024e43ba0000), size 12189696, SharedBaseAddress: 0x0000024e43000000, ArchiveRelocationMode: 1.
Compressed class space mapped at: 0x0000024e44000000-0x0000024e58000000, reserved size: 335544320
Narrow klass base: 0x0000024e43000000, Narrow klass shift: 0, Narrow klass range: 0x100000000

GC Precious Log:
 CardTable entry size: 512
 Card Set container configuration: InlinePtr #cards 5 size 8 Array Of Cards #cards 12 size 40 Howl #buckets 4 coarsen threshold 1843 Howl Bitmap #cards 512 size 80 coarsen threshold 460 Card regions per heap region 1 cards per card region 2048
 CPUs: 16 total, 16 available
 Memory: 14182M
 Large Page Support: Disabled
 NUMA Support: Disabled
 Compressed Oops: Enabled (32-bit)
 Heap Region Size: 1M
 Heap Min Capacity: 256M
 Heap Initial Capacity: 256M
 Heap Max Capacity: 512M
 Pre-touch: Disabled
 Parallel Workers: 13
 Concurrent Workers: 3
 Concurrent Refinement Workers: 13
 Periodic GC: Disabled

Heap:
 garbage-first heap   total 262144K, used 61550K [0x00000000e0000000, 0x0000000100000000)
  region size 1024K, 39 young (39936K), 8 survivors (8192K)
 Metaspace       used 38192K, committed 39744K, reserved 393216K
  class space    used 5501K, committed 6272K, reserved 327680K

Heap Regions: E=young(eden), S=young(survivor), O=old, HS=humongous(starts), HC=humongous(continues), CS=collection set, F=free, TAMS=top-at-mark-start, PB=parsable bottom
|   0|0x00000000e0000000, 0x00000000e0100000, 0x00000000e0100000|100%|HS|  |TAMS 0x00000000e0000000| PB 0x00000000e0000000| Complete 
|   1|0x00000000e0100000, 0x00000000e0200000, 0x00000000e0200000|100%|HC|  |TAMS 0x00000000e0100000| PB 0x00000000e0100000| Complete 
|   2|0x00000000e0200000, 0x00000000e0300000, 0x00000000e0300000|100%|HC|  |TAMS 0x00000000e0200000| PB 0x00000000e0200000| Complete 
|   3|0x00000000e0300000, 0x00000000e0400000, 0x00000000e0400000|100%|HC|  |TAMS 0x00000000e0300000| PB 0x00000000e0300000| Complete 
|   4|0x00000000e0400000, 0x00000000e0500000, 0x00000000e0500000|100%| O|  |TAMS 0x00000000e0400000| PB 0x00000000e0400000| Untracked 
|   5|0x00000000e0500000, 0x00000000e0500000, 0x00000000e0600000|  0%| F|  |TAMS 0x00000000e0500000| PB 0x00000000e0500000| Untracked 
|   6|0x00000000e0600000, 0x00000000e0700000, 0x00000000e0700000|100%| O|  |TAMS 0x00000000e0600000| PB 0x00000000e0600000| Untracked 
|   7|0x00000000e0700000, 0x00000000e0800000, 0x00000000e0800000|100%| O|  |TAMS 0x00000000e0700000| PB 0x00000000e0700000| Untracked 
|   8|0x00000000e0800000, 0x00000000e0900000, 0x00000000e0900000|100%|HS|  |TAMS 0x00000000e0800000| PB 0x00000000e0800000| Complete 
|   9|0x00000000e0900000, 0x00000000e0a00000, 0x00000000e0a00000|100%| O|  |TAMS 0x00000000e0900000| PB 0x00000000e0900000| Untracked 
|  10|0x00000000e0a00000, 0x00000000e0b00000, 0x00000000e0b00000|100%| O|  |TAMS 0x00000000e0a00000| PB 0x00000000e0a00000| Untracked 
|  11|0x00000000e0b00000, 0x00000000e0c00000, 0x00000000e0c00000|100%| O|  |TAMS 0x00000000e0b00000| PB 0x00000000e0b00000| Untracked 
|  12|0x00000000e0c00000, 0x00000000e0d00000, 0x00000000e0d00000|100%| O|  |TAMS 0x00000000e0c00000| PB 0x00000000e0c00000| Untracked 
|  13|0x00000000e0d00000, 0x00000000e0e00000, 0x00000000e0e00000|100%| O|  |TAMS 0x00000000e0d00000| PB 0x00000000e0d00000| Untracked 
|  14|0x00000000e0e00000, 0x00000000e0f00000, 0x00000000e0f00000|100%| O|  |TAMS 0x00000000e0e00000| PB 0x00000000e0e00000| Untracked 
|  15|0x00000000e0f00000, 0x00000000e1000000, 0x00000000e1000000|100%| O|  |TAMS 0x00000000e0f00000| PB 0x00000000e0f00000| Untracked 
|  16|0x00000000e1000000, 0x00000000e1100000, 0x00000000e1100000|100%| O|  |TAMS 0x00000000e1000000| PB 0x00000000e1000000| Untracked 
|  17|0x00000000e1100000, 0x00000000e1200000, 0x00000000e1200000|100%| O|  |TAMS 0x00000000e1100000| PB 0x00000000e1100000| Untracked 
|  18|0x00000000e1200000, 0x00000000e1300000, 0x00000000e1300000|100%| O|  |TAMS 0x00000000e1200000| PB 0x00000000e1200000| Untracked 
|  19|0x00000000e1300000, 0x00000000e1400000, 0x00000000e1400000|100%| O|  |TAMS 0x00000000e1300000| PB 0x00000000e1300000| Untracked 
|  20|0x00000000e1400000, 0x00000000e1500000, 0x00000000e1500000|100%| O|  |TAMS 0x00000000e1400000| PB 0x00000000e1400000| Untracked 
|  21|0x00000000e1500000, 0x00000000e1600000, 0x00000000e1600000|100%| O|  |TAMS 0x00000000e1500000| PB 0x00000000e1500000| Untracked 
|  22|0x00000000e1600000, 0x00000000e1700000, 0x00000000e1700000|100%| O|Cm|TAMS 0x00000000e1600000| PB 0x00000000e1600000| Complete 
|  23|0x00000000e1700000, 0x00000000e178d3e0, 0x00000000e1800000| 55%| O|  |TAMS 0x00000000e1700000| PB 0x00000000e1700000| Untracked 
|  24|0x00000000e1800000, 0x00000000e1800000, 0x00000000e1900000|  0%| F|  |TAMS 0x00000000e1800000| PB 0x00000000e1800000| Untracked 
|  25|0x00000000e1900000, 0x00000000e1900000, 0x00000000e1a00000|  0%| F|  |TAMS 0x00000000e1900000| PB 0x00000000e1900000| Untracked 
|  26|0x00000000e1a00000, 0x00000000e1a00000, 0x00000000e1b00000|  0%| F|  |TAMS 0x00000000e1a00000| PB 0x00000000e1a00000| Untracked 
|  27|0x00000000e1b00000, 0x00000000e1b00000, 0x00000000e1c00000|  0%| F|  |TAMS 0x00000000e1b00000| PB 0x00000000e1b00000| Untracked 
|  28|0x00000000e1c00000, 0x00000000e1c00000, 0x00000000e1d00000|  0%| F|  |TAMS 0x00000000e1c00000| PB 0x00000000e1c00000| Untracked 
|  29|0x00000000e1d00000, 0x00000000e1d00000, 0x00000000e1e00000|  0%| F|  |TAMS 0x00000000e1d00000| PB 0x00000000e1d00000| Untracked 
|  30|0x00000000e1e00000, 0x00000000e1e00000, 0x00000000e1f00000|  0%| F|  |TAMS 0x00000000e1e00000| PB 0x00000000e1e00000| Untracked 
|  31|0x00000000e1f00000, 0x00000000e1f00000, 0x00000000e2000000|  0%| F|  |TAMS 0x00000000e1f00000| PB 0x00000000e1f00000| Untracked 
|  32|0x00000000e2000000, 0x00000000e2000000, 0x00000000e2100000|  0%| F|  |TAMS 0x00000000e2000000| PB 0x00000000e2000000| Untracked 
|  33|0x00000000e2100000, 0x00000000e2100000, 0x00000000e2200000|  0%| F|  |TAMS 0x00000000e2100000| PB 0x00000000e2100000| Untracked 
|  34|0x00000000e2200000, 0x00000000e2200000, 0x00000000e2300000|  0%| F|  |TAMS 0x00000000e2200000| PB 0x00000000e2200000| Untracked 
|  35|0x00000000e2300000, 0x00000000e2300000, 0x00000000e2400000|  0%| F|  |TAMS 0x00000000e2300000| PB 0x00000000e2300000| Untracked 
|  36|0x00000000e2400000, 0x00000000e2400000, 0x00000000e2500000|  0%| F|  |TAMS 0x00000000e2400000| PB 0x00000000e2400000| Untracked 
|  37|0x00000000e2500000, 0x00000000e2500000, 0x00000000e2600000|  0%| F|  |TAMS 0x00000000e2500000| PB 0x00000000e2500000| Untracked 
|  38|0x00000000e2600000, 0x00000000e2600000, 0x00000000e2700000|  0%| F|  |TAMS 0x00000000e2600000| PB 0x00000000e2600000| Untracked 
|  39|0x00000000e2700000, 0x00000000e2700000, 0x00000000e2800000|  0%| F|  |TAMS 0x00000000e2700000| PB 0x00000000e2700000| Untracked 
|  40|0x00000000e2800000, 0x00000000e2800000, 0x00000000e2900000|  0%| F|  |TAMS 0x00000000e2800000| PB 0x00000000e2800000| Untracked 
|  41|0x00000000e2900000, 0x00000000e2900000, 0x00000000e2a00000|  0%| F|  |TAMS 0x00000000e2900000| PB 0x00000000e2900000| Untracked 
|  42|0x00000000e2a00000, 0x00000000e2a00000, 0x00000000e2b00000|  0%| F|  |TAMS 0x00000000e2a00000| PB 0x00000000e2a00000| Untracked 
|  43|0x00000000e2b00000, 0x00000000e2b00000, 0x00000000e2c00000|  0%| F|  |TAMS 0x00000000e2b00000| PB 0x00000000e2b00000| Untracked 
|  44|0x00000000e2c00000, 0x00000000e2c00000, 0x00000000e2d00000|  0%| F|  |TAMS 0x00000000e2c00000| PB 0x00000000e2c00000| Untracked 
|  45|0x00000000e2d00000, 0x00000000e2d00000, 0x00000000e2e00000|  0%| F|  |TAMS 0x00000000e2d00000| PB 0x00000000e2d00000| Untracked 
|  46|0x00000000e2e00000, 0x00000000e2e00000, 0x00000000e2f00000|  0%| F|  |TAMS 0x00000000e2e00000| PB 0x00000000e2e00000| Untracked 
|  47|0x00000000e2f00000, 0x00000000e2f00000, 0x00000000e3000000|  0%| F|  |TAMS 0x00000000e2f00000| PB 0x00000000e2f00000| Untracked 
|  48|0x00000000e3000000, 0x00000000e3000000, 0x00000000e3100000|  0%| F|  |TAMS 0x00000000e3000000| PB 0x00000000e3000000| Untracked 
|  49|0x00000000e3100000, 0x00000000e3100000, 0x00000000e3200000|  0%| F|  |TAMS 0x00000000e3100000| PB 0x00000000e3100000| Untracked 
|  50|0x00000000e3200000, 0x00000000e3200000, 0x00000000e3300000|  0%| F|  |TAMS 0x00000000e3200000| PB 0x00000000e3200000| Untracked 
|  51|0x00000000e3300000, 0x00000000e3300000, 0x00000000e3400000|  0%| F|  |TAMS 0x00000000e3300000| PB 0x00000000e3300000| Untracked 
|  52|0x00000000e3400000, 0x00000000e3400000, 0x00000000e3500000|  0%| F|  |TAMS 0x00000000e3400000| PB 0x00000000e3400000| Untracked 
|  53|0x00000000e3500000, 0x00000000e3500000, 0x00000000e3600000|  0%| F|  |TAMS 0x00000000e3500000| PB 0x00000000e3500000| Untracked 
|  54|0x00000000e3600000, 0x00000000e3600000, 0x00000000e3700000|  0%| F|  |TAMS 0x00000000e3600000| PB 0x00000000e3600000| Untracked 
|  55|0x00000000e3700000, 0x00000000e3700000, 0x00000000e3800000|  0%| F|  |TAMS 0x00000000e3700000| PB 0x00000000e3700000| Untracked 
|  56|0x00000000e3800000, 0x00000000e3800000, 0x00000000e3900000|  0%| F|  |TAMS 0x00000000e3800000| PB 0x00000000e3800000| Untracked 
|  57|0x00000000e3900000, 0x00000000e3900000, 0x00000000e3a00000|  0%| F|  |TAMS 0x00000000e3900000| PB 0x00000000e3900000| Untracked 
|  58|0x00000000e3a00000, 0x00000000e3a00000, 0x00000000e3b00000|  0%| F|  |TAMS 0x00000000e3a00000| PB 0x00000000e3a00000| Untracked 
|  59|0x00000000e3b00000, 0x00000000e3b00000, 0x00000000e3c00000|  0%| F|  |TAMS 0x00000000e3b00000| PB 0x00000000e3b00000| Untracked 
|  60|0x00000000e3c00000, 0x00000000e3c00000, 0x00000000e3d00000|  0%| F|  |TAMS 0x00000000e3c00000| PB 0x00000000e3c00000| Untracked 
|  61|0x00000000e3d00000, 0x00000000e3d00000, 0x00000000e3e00000|  0%| F|  |TAMS 0x00000000e3d00000| PB 0x00000000e3d00000| Untracked 
|  62|0x00000000e3e00000, 0x00000000e3e00000, 0x00000000e3f00000|  0%| F|  |TAMS 0x00000000e3e00000| PB 0x00000000e3e00000| Untracked 
|  63|0x00000000e3f00000, 0x00000000e3f00000, 0x00000000e4000000|  0%| F|  |TAMS 0x00000000e3f00000| PB 0x00000000e3f00000| Untracked 
|  64|0x00000000e4000000, 0x00000000e4000000, 0x00000000e4100000|  0%| F|  |TAMS 0x00000000e4000000| PB 0x00000000e4000000| Untracked 
|  65|0x00000000e4100000, 0x00000000e4100000, 0x00000000e4200000|  0%| F|  |TAMS 0x00000000e4100000| PB 0x00000000e4100000| Untracked 
|  66|0x00000000e4200000, 0x00000000e4200000, 0x00000000e4300000|  0%| F|  |TAMS 0x00000000e4200000| PB 0x00000000e4200000| Untracked 
|  67|0x00000000e4300000, 0x00000000e4300000, 0x00000000e4400000|  0%| F|  |TAMS 0x00000000e4300000| PB 0x00000000e4300000| Untracked 
|  68|0x00000000e4400000, 0x00000000e4400000, 0x00000000e4500000|  0%| F|  |TAMS 0x00000000e4400000| PB 0x00000000e4400000| Untracked 
|  69|0x00000000e4500000, 0x00000000e4500000, 0x00000000e4600000|  0%| F|  |TAMS 0x00000000e4500000| PB 0x00000000e4500000| Untracked 
|  70|0x00000000e4600000, 0x00000000e4600000, 0x00000000e4700000|  0%| F|  |TAMS 0x00000000e4600000| PB 0x00000000e4600000| Untracked 
|  71|0x00000000e4700000, 0x00000000e4700000, 0x00000000e4800000|  0%| F|  |TAMS 0x00000000e4700000| PB 0x00000000e4700000| Untracked 
|  72|0x00000000e4800000, 0x00000000e4800000, 0x00000000e4900000|  0%| F|  |TAMS 0x00000000e4800000| PB 0x00000000e4800000| Untracked 
|  73|0x00000000e4900000, 0x00000000e4900000, 0x00000000e4a00000|  0%| F|  |TAMS 0x00000000e4900000| PB 0x00000000e4900000| Untracked 
|  74|0x00000000e4a00000, 0x00000000e4a00000, 0x00000000e4b00000|  0%| F|  |TAMS 0x00000000e4a00000| PB 0x00000000e4a00000| Untracked 
|  75|0x00000000e4b00000, 0x00000000e4b00000, 0x00000000e4c00000|  0%| F|  |TAMS 0x00000000e4b00000| PB 0x00000000e4b00000| Untracked 
|  76|0x00000000e4c00000, 0x00000000e4c00000, 0x00000000e4d00000|  0%| F|  |TAMS 0x00000000e4c00000| PB 0x00000000e4c00000| Untracked 
|  77|0x00000000e4d00000, 0x00000000e4d00000, 0x00000000e4e00000|  0%| F|  |TAMS 0x00000000e4d00000| PB 0x00000000e4d00000| Untracked 
|  78|0x00000000e4e00000, 0x00000000e4e00000, 0x00000000e4f00000|  0%| F|  |TAMS 0x00000000e4e00000| PB 0x00000000e4e00000| Untracked 
|  79|0x00000000e4f00000, 0x00000000e4f00000, 0x00000000e5000000|  0%| F|  |TAMS 0x00000000e4f00000| PB 0x00000000e4f00000| Untracked 
|  80|0x00000000e5000000, 0x00000000e5000000, 0x00000000e5100000|  0%| F|  |TAMS 0x00000000e5000000| PB 0x00000000e5000000| Untracked 
|  81|0x00000000e5100000, 0x00000000e5100000, 0x00000000e5200000|  0%| F|  |TAMS 0x00000000e5100000| PB 0x00000000e5100000| Untracked 
|  82|0x00000000e5200000, 0x00000000e5200000, 0x00000000e5300000|  0%| F|  |TAMS 0x00000000e5200000| PB 0x00000000e5200000| Untracked 
|  83|0x00000000e5300000, 0x00000000e5300000, 0x00000000e5400000|  0%| F|  |TAMS 0x00000000e5300000| PB 0x00000000e5300000| Untracked 
|  84|0x00000000e5400000, 0x00000000e5400000, 0x00000000e5500000|  0%| F|  |TAMS 0x00000000e5400000| PB 0x00000000e5400000| Untracked 
|  85|0x00000000e5500000, 0x00000000e5500000, 0x00000000e5600000|  0%| F|  |TAMS 0x00000000e5500000| PB 0x00000000e5500000| Untracked 
|  86|0x00000000e5600000, 0x00000000e5600000, 0x00000000e5700000|  0%| F|  |TAMS 0x00000000e5600000| PB 0x00000000e5600000| Untracked 
|  87|0x00000000e5700000, 0x00000000e5700000, 0x00000000e5800000|  0%| F|  |TAMS 0x00000000e5700000| PB 0x00000000e5700000| Untracked 
|  88|0x00000000e5800000, 0x00000000e5800000, 0x00000000e5900000|  0%| F|  |TAMS 0x00000000e5800000| PB 0x00000000e5800000| Untracked 
|  89|0x00000000e5900000, 0x00000000e5900000, 0x00000000e5a00000|  0%| F|  |TAMS 0x00000000e5900000| PB 0x00000000e5900000| Untracked 
|  90|0x00000000e5a00000, 0x00000000e5a00000, 0x00000000e5b00000|  0%| F|  |TAMS 0x00000000e5a00000| PB 0x00000000e5a00000| Untracked 
|  91|0x00000000e5b00000, 0x00000000e5b00000, 0x00000000e5c00000|  0%| F|  |TAMS 0x00000000e5b00000| PB 0x00000000e5b00000| Untracked 
|  92|0x00000000e5c00000, 0x00000000e5c00000, 0x00000000e5d00000|  0%| F|  |TAMS 0x00000000e5c00000| PB 0x00000000e5c00000| Untracked 
|  93|0x00000000e5d00000, 0x00000000e5d00000, 0x00000000e5e00000|  0%| F|  |TAMS 0x00000000e5d00000| PB 0x00000000e5d00000| Untracked 
|  94|0x00000000e5e00000, 0x00000000e5e00000, 0x00000000e5f00000|  0%| F|  |TAMS 0x00000000e5e00000| PB 0x00000000e5e00000| Untracked 
|  95|0x00000000e5f00000, 0x00000000e5f00000, 0x00000000e6000000|  0%| F|  |TAMS 0x00000000e5f00000| PB 0x00000000e5f00000| Untracked 
|  96|0x00000000e6000000, 0x00000000e6000000, 0x00000000e6100000|  0%| F|  |TAMS 0x00000000e6000000| PB 0x00000000e6000000| Untracked 
|  97|0x00000000e6100000, 0x00000000e6100000, 0x00000000e6200000|  0%| F|  |TAMS 0x00000000e6100000| PB 0x00000000e6100000| Untracked 
|  98|0x00000000e6200000, 0x00000000e6200000, 0x00000000e6300000|  0%| F|  |TAMS 0x00000000e6200000| PB 0x00000000e6200000| Untracked 
|  99|0x00000000e6300000, 0x00000000e6300000, 0x00000000e6400000|  0%| F|  |TAMS 0x00000000e6300000| PB 0x00000000e6300000| Untracked 
| 100|0x00000000e6400000, 0x00000000e6400000, 0x00000000e6500000|  0%| F|  |TAMS 0x00000000e6400000| PB 0x00000000e6400000| Untracked 
| 101|0x00000000e6500000, 0x00000000e6500000, 0x00000000e6600000|  0%| F|  |TAMS 0x00000000e6500000| PB 0x00000000e6500000| Untracked 
| 102|0x00000000e6600000, 0x00000000e6600000, 0x00000000e6700000|  0%| F|  |TAMS 0x00000000e6600000| PB 0x00000000e6600000| Untracked 
| 103|0x00000000e6700000, 0x00000000e6700000, 0x00000000e6800000|  0%| F|  |TAMS 0x00000000e6700000| PB 0x00000000e6700000| Untracked 
| 104|0x00000000e6800000, 0x00000000e6800000, 0x00000000e6900000|  0%| F|  |TAMS 0x00000000e6800000| PB 0x00000000e6800000| Untracked 
| 105|0x00000000e6900000, 0x00000000e6900000, 0x00000000e6a00000|  0%| F|  |TAMS 0x00000000e6900000| PB 0x00000000e6900000| Untracked 
| 106|0x00000000e6a00000, 0x00000000e6a00000, 0x00000000e6b00000|  0%| F|  |TAMS 0x00000000e6a00000| PB 0x00000000e6a00000| Untracked 
| 107|0x00000000e6b00000, 0x00000000e6b00000, 0x00000000e6c00000|  0%| F|  |TAMS 0x00000000e6b00000| PB 0x00000000e6b00000| Untracked 
| 108|0x00000000e6c00000, 0x00000000e6c00000, 0x00000000e6d00000|  0%| F|  |TAMS 0x00000000e6c00000| PB 0x00000000e6c00000| Untracked 
| 109|0x00000000e6d00000, 0x00000000e6d00000, 0x00000000e6e00000|  0%| F|  |TAMS 0x00000000e6d00000| PB 0x00000000e6d00000| Untracked 
| 110|0x00000000e6e00000, 0x00000000e6e00000, 0x00000000e6f00000|  0%| F|  |TAMS 0x00000000e6e00000| PB 0x00000000e6e00000| Untracked 
| 111|0x00000000e6f00000, 0x00000000e6f00000, 0x00000000e7000000|  0%| F|  |TAMS 0x00000000e6f00000| PB 0x00000000e6f00000| Untracked 
| 112|0x00000000e7000000, 0x00000000e7000000, 0x00000000e7100000|  0%| F|  |TAMS 0x00000000e7000000| PB 0x00000000e7000000| Untracked 
| 113|0x00000000e7100000, 0x00000000e7100000, 0x00000000e7200000|  0%| F|  |TAMS 0x00000000e7100000| PB 0x00000000e7100000| Untracked 
| 114|0x00000000e7200000, 0x00000000e7200000, 0x00000000e7300000|  0%| F|  |TAMS 0x00000000e7200000| PB 0x00000000e7200000| Untracked 
| 115|0x00000000e7300000, 0x00000000e7300000, 0x00000000e7400000|  0%| F|  |TAMS 0x00000000e7300000| PB 0x00000000e7300000| Untracked 
| 116|0x00000000e7400000, 0x00000000e7400000, 0x00000000e7500000|  0%| F|  |TAMS 0x00000000e7400000| PB 0x00000000e7400000| Untracked 
| 117|0x00000000e7500000, 0x00000000e7500000, 0x00000000e7600000|  0%| F|  |TAMS 0x00000000e7500000| PB 0x00000000e7500000| Untracked 
| 118|0x00000000e7600000, 0x00000000e7600000, 0x00000000e7700000|  0%| F|  |TAMS 0x00000000e7600000| PB 0x00000000e7600000| Untracked 
| 119|0x00000000e7700000, 0x00000000e7700000, 0x00000000e7800000|  0%| F|  |TAMS 0x00000000e7700000| PB 0x00000000e7700000| Untracked 
| 120|0x00000000e7800000, 0x00000000e7800000, 0x00000000e7900000|  0%| F|  |TAMS 0x00000000e7800000| PB 0x00000000e7800000| Untracked 
| 121|0x00000000e7900000, 0x00000000e7900000, 0x00000000e7a00000|  0%| F|  |TAMS 0x00000000e7900000| PB 0x00000000e7900000| Untracked 
| 122|0x00000000e7a00000, 0x00000000e7a00000, 0x00000000e7b00000|  0%| F|  |TAMS 0x00000000e7a00000| PB 0x00000000e7a00000| Untracked 
| 123|0x00000000e7b00000, 0x00000000e7b00000, 0x00000000e7c00000|  0%| F|  |TAMS 0x00000000e7b00000| PB 0x00000000e7b00000| Untracked 
| 124|0x00000000e7c00000, 0x00000000e7c00000, 0x00000000e7d00000|  0%| F|  |TAMS 0x00000000e7c00000| PB 0x00000000e7c00000| Untracked 
| 125|0x00000000e7d00000, 0x00000000e7d00000, 0x00000000e7e00000|  0%| F|  |TAMS 0x00000000e7d00000| PB 0x00000000e7d00000| Untracked 
| 126|0x00000000e7e00000, 0x00000000e7e00000, 0x00000000e7f00000|  0%| F|  |TAMS 0x00000000e7e00000| PB 0x00000000e7e00000| Untracked 
| 127|0x00000000e7f00000, 0x00000000e7f00000, 0x00000000e8000000|  0%| F|  |TAMS 0x00000000e7f00000| PB 0x00000000e7f00000| Untracked 
| 128|0x00000000e8000000, 0x00000000e8000000, 0x00000000e8100000|  0%| F|  |TAMS 0x00000000e8000000| PB 0x00000000e8000000| Untracked 
| 129|0x00000000e8100000, 0x00000000e8100000, 0x00000000e8200000|  0%| F|  |TAMS 0x00000000e8100000| PB 0x00000000e8100000| Untracked 
| 130|0x00000000e8200000, 0x00000000e8200000, 0x00000000e8300000|  0%| F|  |TAMS 0x00000000e8200000| PB 0x00000000e8200000| Untracked 
| 131|0x00000000e8300000, 0x00000000e8300000, 0x00000000e8400000|  0%| F|  |TAMS 0x00000000e8300000| PB 0x00000000e8300000| Untracked 
| 132|0x00000000e8400000, 0x00000000e8400000, 0x00000000e8500000|  0%| F|  |TAMS 0x00000000e8400000| PB 0x00000000e8400000| Untracked 
| 133|0x00000000e8500000, 0x00000000e8500000, 0x00000000e8600000|  0%| F|  |TAMS 0x00000000e8500000| PB 0x00000000e8500000| Untracked 
| 134|0x00000000e8600000, 0x00000000e8600000, 0x00000000e8700000|  0%| F|  |TAMS 0x00000000e8600000| PB 0x00000000e8600000| Untracked 
| 135|0x00000000e8700000, 0x00000000e8700000, 0x00000000e8800000|  0%| F|  |TAMS 0x00000000e8700000| PB 0x00000000e8700000| Untracked 
| 136|0x00000000e8800000, 0x00000000e8800000, 0x00000000e8900000|  0%| F|  |TAMS 0x00000000e8800000| PB 0x00000000e8800000| Untracked 
| 137|0x00000000e8900000, 0x00000000e8900000, 0x00000000e8a00000|  0%| F|  |TAMS 0x00000000e8900000| PB 0x00000000e8900000| Untracked 
| 138|0x00000000e8a00000, 0x00000000e8a00000, 0x00000000e8b00000|  0%| F|  |TAMS 0x00000000e8a00000| PB 0x00000000e8a00000| Untracked 
| 139|0x00000000e8b00000, 0x00000000e8b00000, 0x00000000e8c00000|  0%| F|  |TAMS 0x00000000e8b00000| PB 0x00000000e8b00000| Untracked 
| 140|0x00000000e8c00000, 0x00000000e8c00000, 0x00000000e8d00000|  0%| F|  |TAMS 0x00000000e8c00000| PB 0x00000000e8c00000| Untracked 
| 141|0x00000000e8d00000, 0x00000000e8d00000, 0x00000000e8e00000|  0%| F|  |TAMS 0x00000000e8d00000| PB 0x00000000e8d00000| Untracked 
| 142|0x00000000e8e00000, 0x00000000e8e00000, 0x00000000e8f00000|  0%| F|  |TAMS 0x00000000e8e00000| PB 0x00000000e8e00000| Untracked 
| 143|0x00000000e8f00000, 0x00000000e8f00000, 0x00000000e9000000|  0%| F|  |TAMS 0x00000000e8f00000| PB 0x00000000e8f00000| Untracked 
| 144|0x00000000e9000000, 0x00000000e9000000, 0x00000000e9100000|  0%| F|  |TAMS 0x00000000e9000000| PB 0x00000000e9000000| Untracked 
| 145|0x00000000e9100000, 0x00000000e9100000, 0x00000000e9200000|  0%| F|  |TAMS 0x00000000e9100000| PB 0x00000000e9100000| Untracked 
| 146|0x00000000e9200000, 0x00000000e9200000, 0x00000000e9300000|  0%| F|  |TAMS 0x00000000e9200000| PB 0x00000000e9200000| Untracked 
| 147|0x00000000e9300000, 0x00000000e9300000, 0x00000000e9400000|  0%| F|  |TAMS 0x00000000e9300000| PB 0x00000000e9300000| Untracked 
| 148|0x00000000e9400000, 0x00000000e9400000, 0x00000000e9500000|  0%| F|  |TAMS 0x00000000e9400000| PB 0x00000000e9400000| Untracked 
| 149|0x00000000e9500000, 0x00000000e9500000, 0x00000000e9600000|  0%| F|  |TAMS 0x00000000e9500000| PB 0x00000000e9500000| Untracked 
| 150|0x00000000e9600000, 0x00000000e9600000, 0x00000000e9700000|  0%| F|  |TAMS 0x00000000e9600000| PB 0x00000000e9600000| Untracked 
| 151|0x00000000e9700000, 0x00000000e9700000, 0x00000000e9800000|  0%| F|  |TAMS 0x00000000e9700000| PB 0x00000000e9700000| Untracked 
| 152|0x00000000e9800000, 0x00000000e9800000, 0x00000000e9900000|  0%| F|  |TAMS 0x00000000e9800000| PB 0x00000000e9800000| Untracked 
| 153|0x00000000e9900000, 0x00000000e9900000, 0x00000000e9a00000|  0%| F|  |TAMS 0x00000000e9900000| PB 0x00000000e9900000| Untracked 
| 154|0x00000000e9a00000, 0x00000000e9a00000, 0x00000000e9b00000|  0%| F|  |TAMS 0x00000000e9a00000| PB 0x00000000e9a00000| Untracked 
| 155|0x00000000e9b00000, 0x00000000e9b00000, 0x00000000e9c00000|  0%| F|  |TAMS 0x00000000e9b00000| PB 0x00000000e9b00000| Untracked 
| 156|0x00000000e9c00000, 0x00000000e9c00000, 0x00000000e9d00000|  0%| F|  |TAMS 0x00000000e9c00000| PB 0x00000000e9c00000| Untracked 
| 157|0x00000000e9d00000, 0x00000000e9d00000, 0x00000000e9e00000|  0%| F|  |TAMS 0x00000000e9d00000| PB 0x00000000e9d00000| Untracked 
| 158|0x00000000e9e00000, 0x00000000e9e00000, 0x00000000e9f00000|  0%| F|  |TAMS 0x00000000e9e00000| PB 0x00000000e9e00000| Untracked 
| 159|0x00000000e9f00000, 0x00000000e9f00000, 0x00000000ea000000|  0%| F|  |TAMS 0x00000000e9f00000| PB 0x00000000e9f00000| Untracked 
| 160|0x00000000ea000000, 0x00000000ea000000, 0x00000000ea100000|  0%| F|  |TAMS 0x00000000ea000000| PB 0x00000000ea000000| Untracked 
| 161|0x00000000ea100000, 0x00000000ea100000, 0x00000000ea200000|  0%| F|  |TAMS 0x00000000ea100000| PB 0x00000000ea100000| Untracked 
| 162|0x00000000ea200000, 0x00000000ea200000, 0x00000000ea300000|  0%| F|  |TAMS 0x00000000ea200000| PB 0x00000000ea200000| Untracked 
| 163|0x00000000ea300000, 0x00000000ea300000, 0x00000000ea400000|  0%| F|  |TAMS 0x00000000ea300000| PB 0x00000000ea300000| Untracked 
| 164|0x00000000ea400000, 0x00000000ea400000, 0x00000000ea500000|  0%| F|  |TAMS 0x00000000ea400000| PB 0x00000000ea400000| Untracked 
| 165|0x00000000ea500000, 0x00000000ea500000, 0x00000000ea600000|  0%| F|  |TAMS 0x00000000ea500000| PB 0x00000000ea500000| Untracked 
| 166|0x00000000ea600000, 0x00000000ea600000, 0x00000000ea700000|  0%| F|  |TAMS 0x00000000ea600000| PB 0x00000000ea600000| Untracked 
| 167|0x00000000ea700000, 0x00000000ea700000, 0x00000000ea800000|  0%| F|  |TAMS 0x00000000ea700000| PB 0x00000000ea700000| Untracked 
| 168|0x00000000ea800000, 0x00000000ea800000, 0x00000000ea900000|  0%| F|  |TAMS 0x00000000ea800000| PB 0x00000000ea800000| Untracked 
| 169|0x00000000ea900000, 0x00000000ea900000, 0x00000000eaa00000|  0%| F|  |TAMS 0x00000000ea900000| PB 0x00000000ea900000| Untracked 
| 170|0x00000000eaa00000, 0x00000000eaa00000, 0x00000000eab00000|  0%| F|  |TAMS 0x00000000eaa00000| PB 0x00000000eaa00000| Untracked 
| 171|0x00000000eab00000, 0x00000000eab00000, 0x00000000eac00000|  0%| F|  |TAMS 0x00000000eab00000| PB 0x00000000eab00000| Untracked 
| 172|0x00000000eac00000, 0x00000000eac00000, 0x00000000ead00000|  0%| F|  |TAMS 0x00000000eac00000| PB 0x00000000eac00000| Untracked 
| 173|0x00000000ead00000, 0x00000000ead00000, 0x00000000eae00000|  0%| F|  |TAMS 0x00000000ead00000| PB 0x00000000ead00000| Untracked 
| 174|0x00000000eae00000, 0x00000000eae00000, 0x00000000eaf00000|  0%| F|  |TAMS 0x00000000eae00000| PB 0x00000000eae00000| Untracked 
| 175|0x00000000eaf00000, 0x00000000eaf00000, 0x00000000eb000000|  0%| F|  |TAMS 0x00000000eaf00000| PB 0x00000000eaf00000| Untracked 
| 176|0x00000000eb000000, 0x00000000eb000000, 0x00000000eb100000|  0%| F|  |TAMS 0x00000000eb000000| PB 0x00000000eb000000| Untracked 
| 177|0x00000000eb100000, 0x00000000eb100000, 0x00000000eb200000|  0%| F|  |TAMS 0x00000000eb100000| PB 0x00000000eb100000| Untracked 
| 178|0x00000000eb200000, 0x00000000eb200000, 0x00000000eb300000|  0%| F|  |TAMS 0x00000000eb200000| PB 0x00000000eb200000| Untracked 
| 179|0x00000000eb300000, 0x00000000eb300000, 0x00000000eb400000|  0%| F|  |TAMS 0x00000000eb300000| PB 0x00000000eb300000| Untracked 
| 180|0x00000000eb400000, 0x00000000eb400000, 0x00000000eb500000|  0%| F|  |TAMS 0x00000000eb400000| PB 0x00000000eb400000| Untracked 
| 181|0x00000000eb500000, 0x00000000eb500000, 0x00000000eb600000|  0%| F|  |TAMS 0x00000000eb500000| PB 0x00000000eb500000| Untracked 
| 182|0x00000000eb600000, 0x00000000eb600000, 0x00000000eb700000|  0%| F|  |TAMS 0x00000000eb600000| PB 0x00000000eb600000| Untracked 
| 183|0x00000000eb700000, 0x00000000eb700000, 0x00000000eb800000|  0%| F|  |TAMS 0x00000000eb700000| PB 0x00000000eb700000| Untracked 
| 184|0x00000000eb800000, 0x00000000eb800000, 0x00000000eb900000|  0%| F|  |TAMS 0x00000000eb800000| PB 0x00000000eb800000| Untracked 
| 185|0x00000000eb900000, 0x00000000eb900000, 0x00000000eba00000|  0%| F|  |TAMS 0x00000000eb900000| PB 0x00000000eb900000| Untracked 
| 186|0x00000000eba00000, 0x00000000eba00000, 0x00000000ebb00000|  0%| F|  |TAMS 0x00000000eba00000| PB 0x00000000eba00000| Untracked 
| 187|0x00000000ebb00000, 0x00000000ebb00000, 0x00000000ebc00000|  0%| F|  |TAMS 0x00000000ebb00000| PB 0x00000000ebb00000| Untracked 
| 188|0x00000000ebc00000, 0x00000000ebc00000, 0x00000000ebd00000|  0%| F|  |TAMS 0x00000000ebc00000| PB 0x00000000ebc00000| Untracked 
| 189|0x00000000ebd00000, 0x00000000ebd00000, 0x00000000ebe00000|  0%| F|  |TAMS 0x00000000ebd00000| PB 0x00000000ebd00000| Untracked 
| 190|0x00000000ebe00000, 0x00000000ebe00000, 0x00000000ebf00000|  0%| F|  |TAMS 0x00000000ebe00000| PB 0x00000000ebe00000| Untracked 
| 191|0x00000000ebf00000, 0x00000000ebf00000, 0x00000000ec000000|  0%| F|  |TAMS 0x00000000ebf00000| PB 0x00000000ebf00000| Untracked 
| 192|0x00000000ec000000, 0x00000000ec000000, 0x00000000ec100000|  0%| F|  |TAMS 0x00000000ec000000| PB 0x00000000ec000000| Untracked 
| 193|0x00000000ec100000, 0x00000000ec100000, 0x00000000ec200000|  0%| F|  |TAMS 0x00000000ec100000| PB 0x00000000ec100000| Untracked 
| 194|0x00000000ec200000, 0x00000000ec200000, 0x00000000ec300000|  0%| F|  |TAMS 0x00000000ec200000| PB 0x00000000ec200000| Untracked 
| 195|0x00000000ec300000, 0x00000000ec300000, 0x00000000ec400000|  0%| F|  |TAMS 0x00000000ec300000| PB 0x00000000ec300000| Untracked 
| 196|0x00000000ec400000, 0x00000000ec400000, 0x00000000ec500000|  0%| F|  |TAMS 0x00000000ec400000| PB 0x00000000ec400000| Untracked 
| 197|0x00000000ec500000, 0x00000000ec500000, 0x00000000ec600000|  0%| F|  |TAMS 0x00000000ec500000| PB 0x00000000ec500000| Untracked 
| 198|0x00000000ec600000, 0x00000000ec600000, 0x00000000ec700000|  0%| F|  |TAMS 0x00000000ec600000| PB 0x00000000ec600000| Untracked 
| 199|0x00000000ec700000, 0x00000000ec700000, 0x00000000ec800000|  0%| F|  |TAMS 0x00000000ec700000| PB 0x00000000ec700000| Untracked 
| 200|0x00000000ec800000, 0x00000000ec800000, 0x00000000ec900000|  0%| F|  |TAMS 0x00000000ec800000| PB 0x00000000ec800000| Untracked 
| 201|0x00000000ec900000, 0x00000000ec900000, 0x00000000eca00000|  0%| F|  |TAMS 0x00000000ec900000| PB 0x00000000ec900000| Untracked 
| 202|0x00000000eca00000, 0x00000000eca00000, 0x00000000ecb00000|  0%| F|  |TAMS 0x00000000eca00000| PB 0x00000000eca00000| Untracked 
| 203|0x00000000ecb00000, 0x00000000ecb00000, 0x00000000ecc00000|  0%| F|  |TAMS 0x00000000ecb00000| PB 0x00000000ecb00000| Untracked 
| 204|0x00000000ecc00000, 0x00000000ecc00000, 0x00000000ecd00000|  0%| F|  |TAMS 0x00000000ecc00000| PB 0x00000000ecc00000| Untracked 
| 205|0x00000000ecd00000, 0x00000000ecd00000, 0x00000000ece00000|  0%| F|  |TAMS 0x00000000ecd00000| PB 0x00000000ecd00000| Untracked 
| 206|0x00000000ece00000, 0x00000000ece00000, 0x00000000ecf00000|  0%| F|  |TAMS 0x00000000ece00000| PB 0x00000000ece00000| Untracked 
| 207|0x00000000ecf00000, 0x00000000ecf00000, 0x00000000ed000000|  0%| F|  |TAMS 0x00000000ecf00000| PB 0x00000000ecf00000| Untracked 
| 208|0x00000000ed000000, 0x00000000ed000000, 0x00000000ed100000|  0%| F|  |TAMS 0x00000000ed000000| PB 0x00000000ed000000| Untracked 
| 209|0x00000000ed100000, 0x00000000ed100000, 0x00000000ed200000|  0%| F|  |TAMS 0x00000000ed100000| PB 0x00000000ed100000| Untracked 
| 210|0x00000000ed200000, 0x00000000ed200000, 0x00000000ed300000|  0%| F|  |TAMS 0x00000000ed200000| PB 0x00000000ed200000| Untracked 
| 211|0x00000000ed300000, 0x00000000ed300000, 0x00000000ed400000|  0%| F|  |TAMS 0x00000000ed300000| PB 0x00000000ed300000| Untracked 
| 212|0x00000000ed400000, 0x00000000ed400000, 0x00000000ed500000|  0%| F|  |TAMS 0x00000000ed400000| PB 0x00000000ed400000| Untracked 
| 213|0x00000000ed500000, 0x00000000ed500000, 0x00000000ed600000|  0%| F|  |TAMS 0x00000000ed500000| PB 0x00000000ed500000| Untracked 
| 214|0x00000000ed600000, 0x00000000ed600000, 0x00000000ed700000|  0%| F|  |TAMS 0x00000000ed600000| PB 0x00000000ed600000| Untracked 
| 215|0x00000000ed700000, 0x00000000ed700000, 0x00000000ed800000|  0%| F|  |TAMS 0x00000000ed700000| PB 0x00000000ed700000| Untracked 
| 216|0x00000000ed800000, 0x00000000ed800000, 0x00000000ed900000|  0%| F|  |TAMS 0x00000000ed800000| PB 0x00000000ed800000| Untracked 
| 217|0x00000000ed900000, 0x00000000eda00000, 0x00000000eda00000|100%| E|  |TAMS 0x00000000ed900000| PB 0x00000000ed900000| Complete 
| 218|0x00000000eda00000, 0x00000000edb00000, 0x00000000edb00000|100%| E|CS|TAMS 0x00000000eda00000| PB 0x00000000eda00000| Complete 
| 219|0x00000000edb00000, 0x00000000edc00000, 0x00000000edc00000|100%| E|CS|TAMS 0x00000000edb00000| PB 0x00000000edb00000| Complete 
| 220|0x00000000edc00000, 0x00000000edd00000, 0x00000000edd00000|100%| E|CS|TAMS 0x00000000edc00000| PB 0x00000000edc00000| Complete 
| 221|0x00000000edd00000, 0x00000000ede00000, 0x00000000ede00000|100%| E|CS|TAMS 0x00000000edd00000| PB 0x00000000edd00000| Complete 
| 222|0x00000000ede00000, 0x00000000edf00000, 0x00000000edf00000|100%| E|CS|TAMS 0x00000000ede00000| PB 0x00000000ede00000| Complete 
| 223|0x00000000edf00000, 0x00000000ee000000, 0x00000000ee000000|100%| E|CS|TAMS 0x00000000edf00000| PB 0x00000000edf00000| Complete 
| 224|0x00000000ee000000, 0x00000000ee100000, 0x00000000ee100000|100%| E|CS|TAMS 0x00000000ee000000| PB 0x00000000ee000000| Complete 
| 225|0x00000000ee100000, 0x00000000ee200000, 0x00000000ee200000|100%| E|CS|TAMS 0x00000000ee100000| PB 0x00000000ee100000| Complete 
| 226|0x00000000ee200000, 0x00000000ee300000, 0x00000000ee300000|100%| E|CS|TAMS 0x00000000ee200000| PB 0x00000000ee200000| Complete 
| 227|0x00000000ee300000, 0x00000000ee400000, 0x00000000ee400000|100%| E|CS|TAMS 0x00000000ee300000| PB 0x00000000ee300000| Complete 
| 228|0x00000000ee400000, 0x00000000ee500000, 0x00000000ee500000|100%| E|CS|TAMS 0x00000000ee400000| PB 0x00000000ee400000| Complete 
| 229|0x00000000ee500000, 0x00000000ee600000, 0x00000000ee600000|100%| E|CS|TAMS 0x00000000ee500000| PB 0x00000000ee500000| Complete 
| 230|0x00000000ee600000, 0x00000000ee700000, 0x00000000ee700000|100%| E|CS|TAMS 0x00000000ee600000| PB 0x00000000ee600000| Complete 
| 231|0x00000000ee700000, 0x00000000ee800000, 0x00000000ee800000|100%| E|CS|TAMS 0x00000000ee700000| PB 0x00000000ee700000| Complete 
| 232|0x00000000ee800000, 0x00000000ee900000, 0x00000000ee900000|100%| E|CS|TAMS 0x00000000ee800000| PB 0x00000000ee800000| Complete 
| 233|0x00000000ee900000, 0x00000000eea00000, 0x00000000eea00000|100%| E|CS|TAMS 0x00000000ee900000| PB 0x00000000ee900000| Complete 
| 234|0x00000000eea00000, 0x00000000eeb00000, 0x00000000eeb00000|100%| E|CS|TAMS 0x00000000eea00000| PB 0x00000000eea00000| Complete 
| 235|0x00000000eeb00000, 0x00000000eec00000, 0x00000000eec00000|100%| E|CS|TAMS 0x00000000eeb00000| PB 0x00000000eeb00000| Complete 
| 236|0x00000000eec00000, 0x00000000eed00000, 0x00000000eed00000|100%| E|CS|TAMS 0x00000000eec00000| PB 0x00000000eec00000| Complete 
| 237|0x00000000eed00000, 0x00000000eed8e650, 0x00000000eee00000| 55%| S|CS|TAMS 0x00000000eed00000| PB 0x00000000eed00000| Complete 
| 238|0x00000000eee00000, 0x00000000eef00000, 0x00000000eef00000|100%| S|CS|TAMS 0x00000000eee00000| PB 0x00000000eee00000| Complete 
| 239|0x00000000eef00000, 0x00000000ef000000, 0x00000000ef000000|100%| S|CS|TAMS 0x00000000eef00000| PB 0x00000000eef00000| Complete 
| 240|0x00000000ef000000, 0x00000000ef100000, 0x00000000ef100000|100%| S|CS|TAMS 0x00000000ef000000| PB 0x00000000ef000000| Complete 
| 241|0x00000000ef100000, 0x00000000ef200000, 0x00000000ef200000|100%| S|CS|TAMS 0x00000000ef100000| PB 0x00000000ef100000| Complete 
| 242|0x00000000ef200000, 0x00000000ef300000, 0x00000000ef300000|100%| S|CS|TAMS 0x00000000ef200000| PB 0x00000000ef200000| Complete 
| 243|0x00000000ef300000, 0x00000000ef400000, 0x00000000ef400000|100%| S|CS|TAMS 0x00000000ef300000| PB 0x00000000ef300000| Complete 
| 244|0x00000000ef400000, 0x00000000ef500000, 0x00000000ef500000|100%| S|CS|TAMS 0x00000000ef400000| PB 0x00000000ef400000| Complete 
| 245|0x00000000ef500000, 0x00000000ef600000, 0x00000000ef600000|100%| E|CS|TAMS 0x00000000ef500000| PB 0x00000000ef500000| Complete 
| 246|0x00000000ef600000, 0x00000000ef700000, 0x00000000ef700000|100%| E|CS|TAMS 0x00000000ef600000| PB 0x00000000ef600000| Complete 
| 247|0x00000000ef700000, 0x00000000ef800000, 0x00000000ef800000|100%| E|CS|TAMS 0x00000000ef700000| PB 0x00000000ef700000| Complete 
| 248|0x00000000ef800000, 0x00000000ef900000, 0x00000000ef900000|100%| E|CS|TAMS 0x00000000ef800000| PB 0x00000000ef800000| Complete 
| 249|0x00000000ef900000, 0x00000000efa00000, 0x00000000efa00000|100%| E|CS|TAMS 0x00000000ef900000| PB 0x00000000ef900000| Complete 
| 250|0x00000000efa00000, 0x00000000efb00000, 0x00000000efb00000|100%| E|CS|TAMS 0x00000000efa00000| PB 0x00000000efa00000| Complete 
| 251|0x00000000efb00000, 0x00000000efc00000, 0x00000000efc00000|100%| E|CS|TAMS 0x00000000efb00000| PB 0x00000000efb00000| Complete 
| 252|0x00000000efc00000, 0x00000000efd00000, 0x00000000efd00000|100%| E|CS|TAMS 0x00000000efc00000| PB 0x00000000efc00000| Complete 
| 253|0x00000000efd00000, 0x00000000efe00000, 0x00000000efe00000|100%| E|CS|TAMS 0x00000000efd00000| PB 0x00000000efd00000| Complete 
| 254|0x00000000efe00000, 0x00000000eff00000, 0x00000000eff00000|100%| E|CS|TAMS 0x00000000efe00000| PB 0x00000000efe00000| Complete 
| 255|0x00000000eff00000, 0x00000000f0000000, 0x00000000f0000000|100%| E|CS|TAMS 0x00000000eff00000| PB 0x00000000eff00000| Complete 

Card table byte_map: [0x0000024e3f320000,0x0000024e3f420000] _byte_map_base: 0x0000024e3ec20000

Marking Bits: (CMBitMap*) 0x0000024e2c7be110
 Bits: [0x0000024e3f420000, 0x0000024e3fc20000)

Polling page: 0x0000024e2a610000

Metaspace:

Usage:
  Non-class:     32.00 MB used.
      Class:      5.39 MB used.
       Both:     37.39 MB used.

Virtual space:
  Non-class space:       64.00 MB reserved,      32.75 MB ( 51%) committed,  1 nodes.
      Class space:      320.00 MB reserved,       6.12 MB (  2%) committed,  1 nodes.
             Both:      384.00 MB reserved,      38.88 MB ( 10%) committed. 

Chunk freelists:
   Non-Class:  14.66 MB
       Class:  9.84 MB
        Both:  24.50 MB

MaxMetaspaceSize: 384.00 MB
CompressedClassSpaceSize: 320.00 MB
Initial GC threshold: 21.00 MB
Current GC threshold: 59.81 MB
CDS: on
 - commit_granule_bytes: 65536.
 - commit_granule_words: 8192.
 - virtual_space_node_default_size: 8388608.
 - enlarge_chunks_in_place: 1.
 - use_allocation_guard: 0.


Internal statistics:

num_allocs_failed_limit: 12.
num_arena_births: 2596.
num_arena_deaths: 0.
num_vsnodes_births: 2.
num_vsnodes_deaths: 0.
num_space_committed: 622.
num_space_uncommitted: 0.
num_chunks_returned_to_freelist: 12.
num_chunks_taken_from_freelist: 4432.
num_chunk_merges: 9.
num_chunk_splits: 2879.
num_chunks_enlarged: 1759.
num_inconsistent_stats: 0.

CodeHeap 'non-profiled nmethods': size=119168Kb used=2351Kb max_used=2364Kb free=116816Kb
 bounds [0x0000024e37530000, 0x0000024e377a0000, 0x0000024e3e990000]
CodeHeap 'profiled nmethods': size=119104Kb used=8442Kb max_used=8655Kb free=110661Kb
 bounds [0x0000024e2f990000, 0x0000024e30210000, 0x0000024e36de0000]
CodeHeap 'non-nmethods': size=7488Kb used=2393Kb max_used=3035Kb free=5094Kb
 bounds [0x0000024e36de0000, 0x0000024e371e0000, 0x0000024e37530000]
CodeCache: size=245760Kb, used=13186Kb, max_used=14054Kb, free=232571Kb
 total_blobs=5119, nmethods=4412, adapters=610, full_count=0
Compilation: enabled, stopped_count=0, restarted_count=0

Compilation events (20 events):
Event: 174.045 Thread 0x0000024e5c646a90 4947       3       org.gradle.internal.instantiation.generator.AbstractClassGenerator$MethodMetadata::isAbstract (11 bytes)
Event: 174.045 Thread 0x0000024e42c1b3d0 4941       3       org.gradle.internal.instantiation.generator.AbstractClassGenerator$BooleanPropertyDeprecatingValidator::validateProperty (174 bytes)
Event: 174.046 Thread 0x0000024e5c646a90 nmethod 4947 0x0000024e2f9ab090 code [0x0000024e2f9ab240, 0x0000024e2f9ab420]
Event: 174.046 Thread 0x0000024e5c646a90 4942       3       org.gradle.internal.instantiation.generator.AbstractClassGenerator$DslMixInPropertyType::visitProperty (33 bytes)
Event: 174.047 Thread 0x0000024e5c646a90 nmethod 4942 0x0000024e2fa7e790 code [0x0000024e2fa7e9e0, 0x0000024e2fa7f3a0]
Event: 174.047 Thread 0x0000024e5c646a90 4948       3       org.gradle.internal.instantiation.generator.AsmBackedClassGenerator$ClassBuilderImpl::access$4300 (4 bytes)
Event: 174.047 Thread 0x0000024e5c646a90 nmethod 4948 0x0000024e2fc53d90 code [0x0000024e2fc53f20, 0x0000024e2fc54018]
Event: 174.047 Thread 0x0000024e5c646a90 4943       3       org.gradle.internal.instantiation.generator.AbstractClassGenerator$LazyGroovySupportTypePropertyHandler::visitProperty (43 bytes)
Event: 174.049 Thread 0x0000024e5c646a90 nmethod 4943 0x0000024e2fa7d290 code [0x0000024e2fa7d540, 0x0000024e2fa7e358]
Event: 174.049 Thread 0x0000024e5c646a90 4944       3       org.gradle.internal.instantiation.generator.AbstractClassGenerator$NamePropertyHandler::visitProperty (13 bytes)
Event: 174.049 Thread 0x0000024e42c1b3d0 nmethod 4941 0x0000024e2f9cf710 code [0x0000024e2f9cfc80, 0x0000024e2f9d2648]
Event: 174.049 Thread 0x0000024e5c646a90 nmethod 4944 0x0000024e2f9aab90 code [0x0000024e2f9aad40, 0x0000024e2f9aaf70]
Event: 174.049 Thread 0x0000024e42c1b3d0 4945       3       org.gradle.internal.instantiation.generator.AbstractClassGenerator$ManagedPropertiesHandler::visitProperty (44 bytes)
Event: 174.049 Thread 0x0000024e5c646a90 4946       3       org.gradle.internal.instantiation.generator.AbstractClassGenerator::access$2000 (5 bytes)
Event: 174.050 Thread 0x0000024e5c646a90 nmethod 4946 0x0000024e2f9cf110 code [0x0000024e2f9cf300, 0x0000024e2f9cf5d8]
Event: 174.050 Thread 0x0000024e42c1b3d0 nmethod 4945 0x0000024e2fa7c990 code [0x0000024e2fa7cba0, 0x0000024e2fa7d0a8]
Event: 174.050 Thread 0x0000024e5c646a90 4949       3       java.lang.invoke.LambdaForm$DMH/0x0000024e441f4400::newInvokeSpecial (32 bytes)
Event: 174.050 Thread 0x0000024e5c646a90 nmethod 4949 0x0000024e2fa7be10 code [0x0000024e2fa7c000, 0x0000024e2fa7c7b8]
Event: 174.527 Thread 0x0000024e5c646a90 4950       3       java.util.concurrent.ScheduledThreadPoolExecutor$DelayedWorkQueue::setIndex (16 bytes)
Event: 174.527 Thread 0x0000024e5c646a90 nmethod 4950 0x0000024e2fa7b890 code [0x0000024e2fa7ba40, 0x0000024e2fa7bd48]

GC Heap History (14 events):
Event: 31.453 GC heap before
{Heap before GC invocations=0 (full 0):
 garbage-first heap   total 262144K, used 26624K [0x00000000e0000000, 0x0000000100000000)
  region size 1024K, 23 young (23552K), 0 survivors (0K)
 Metaspace       used 2620K, committed 2752K, reserved 393216K
  class space    used 305K, committed 384K, reserved 327680K
}
Event: 31.459 GC heap after
{Heap after GC invocations=1 (full 0):
 garbage-first heap   total 262144K, used 10816K [0x00000000e0000000, 0x0000000100000000)
  region size 1024K, 3 young (3072K), 3 survivors (3072K)
 Metaspace       used 2620K, committed 2752K, reserved 393216K
  class space    used 305K, committed 384K, reserved 327680K
}
Event: 44.650 GC heap before
{Heap before GC invocations=1 (full 0):
 garbage-first heap   total 262144K, used 39488K [0x00000000e0000000, 0x0000000100000000)
  region size 1024K, 31 young (31744K), 3 survivors (3072K)
 Metaspace       used 4633K, committed 4864K, reserved 393216K
  class space    used 590K, committed 704K, reserved 327680K
}
Event: 44.660 GC heap after
{Heap after GC invocations=2 (full 0):
 garbage-first heap   total 262144K, used 15131K [0x00000000e0000000, 0x0000000100000000)
  region size 1024K, 3 young (3072K), 3 survivors (3072K)
 Metaspace       used 4633K, committed 4864K, reserved 393216K
  class space    used 590K, committed 704K, reserved 327680K
}
Event: 117.287 GC heap before
{Heap before GC invocations=2 (full 0):
 garbage-first heap   total 262144K, used 121627K [0x00000000e0000000, 0x0000000100000000)
  region size 1024K, 106 young (108544K), 3 survivors (3072K)
 Metaspace       used 18890K, committed 19520K, reserved 393216K
  class space    used 2629K, committed 2944K, reserved 327680K
}
Event: 117.553 GC heap after
{Heap after GC invocations=3 (full 0):
 garbage-first heap   total 262144K, used 23359K [0x00000000e0000000, 0x0000000100000000)
  region size 1024K, 11 young (11264K), 11 survivors (11264K)
 Metaspace       used 18890K, committed 19520K, reserved 393216K
  class space    used 2629K, committed 2944K, reserved 327680K
}
Event: 118.149 GC heap before
{Heap before GC invocations=3 (full 0):
 garbage-first heap   total 262144K, used 37695K [0x00000000e0000000, 0x0000000100000000)
  region size 1024K, 26 young (26624K), 11 survivors (11264K)
 Metaspace       used 20843K, committed 21504K, reserved 393216K
  class space    used 2961K, committed 3264K, reserved 327680K
}
Event: 118.161 GC heap after
{Heap after GC invocations=4 (full 0):
 garbage-first heap   total 262144K, used 24803K [0x00000000e0000000, 0x0000000100000000)
  region size 1024K, 2 young (2048K), 2 survivors (2048K)
 Metaspace       used 20843K, committed 21504K, reserved 393216K
  class space    used 2961K, committed 3264K, reserved 327680K
}
Event: 123.432 GC heap before
{Heap before GC invocations=5 (full 0):
 garbage-first heap   total 262144K, used 126179K [0x00000000e0000000, 0x0000000100000000)
  region size 1024K, 101 young (103424K), 2 survivors (2048K)
 Metaspace       used 34648K, committed 35968K, reserved 393216K
  class space    used 4955K, committed 5632K, reserved 327680K
}
Event: 123.439 GC heap after
{Heap after GC invocations=6 (full 0):
 garbage-first heap   total 262144K, used 30102K [0x00000000e0000000, 0x0000000100000000)
  region size 1024K, 7 young (7168K), 7 survivors (7168K)
 Metaspace       used 34648K, committed 35968K, reserved 393216K
  class space    used 4955K, committed 5632K, reserved 327680K
}
Event: 123.539 GC heap before
{Heap before GC invocations=6 (full 0):
 garbage-first heap   total 262144K, used 31126K [0x00000000e0000000, 0x0000000100000000)
  region size 1024K, 9 young (9216K), 7 survivors (7168K)
 Metaspace       used 34933K, committed 36288K, reserved 393216K
  class space    used 4976K, committed 5696K, reserved 327680K
}
Event: 123.549 GC heap after
{Heap after GC invocations=7 (full 0):
 garbage-first heap   total 262144K, used 30588K [0x00000000e0000000, 0x0000000100000000)
  region size 1024K, 8 young (8192K), 8 survivors (8192K)
 Metaspace       used 34933K, committed 36288K, reserved 393216K
  class space    used 4976K, committed 5696K, reserved 327680K
}
Event: 123.670 GC heap before
{Heap before GC invocations=7 (full 0):
 garbage-first heap   total 262144K, used 32636K [0x00000000e0000000, 0x0000000100000000)
  region size 1024K, 11 young (11264K), 8 survivors (8192K)
 Metaspace       used 35282K, committed 36608K, reserved 393216K
  class space    used 5014K, committed 5696K, reserved 327680K
}
Event: 123.677 GC heap after
{Heap after GC invocations=8 (full 0):
 garbage-first heap   total 262144K, used 30830K [0x00000000e0000000, 0x0000000100000000)
  region size 1024K, 8 young (8192K), 8 survivors (8192K)
 Metaspace       used 35282K, committed 36608K, reserved 393216K
  class space    used 5014K, committed 5696K, reserved 327680K
}

Dll operation events (20 events):
Event: 11.898 Attempting to load shared library C:\Users\Admin\.vscode\extensions\redhat.java-1.56.0-win32-x64\jre\21.0.12.1-win32-x86_64\bin\nio.dll
Event: 11.899 Loaded shared library C:\Users\Admin\.vscode\extensions\redhat.java-1.56.0-win32-x64\jre\21.0.12.1-win32-x86_64\bin\nio.dll
Event: 12.064 Attempting to load shared library C:\Users\Admin\.vscode\extensions\redhat.java-1.56.0-win32-x64\jre\21.0.12.1-win32-x86_64\bin\zip.dll
Event: 12.064 Loaded shared library C:\Users\Admin\.vscode\extensions\redhat.java-1.56.0-win32-x64\jre\21.0.12.1-win32-x86_64\bin\zip.dll
Event: 17.259 Attempting to load shared library C:\Users\Admin\.vscode\extensions\redhat.java-1.56.0-win32-x64\jre\21.0.12.1-win32-x86_64\bin\jimage.dll
Event: 17.259 Loaded shared library C:\Users\Admin\.vscode\extensions\redhat.java-1.56.0-win32-x64\jre\21.0.12.1-win32-x86_64\bin\jimage.dll
Event: 26.650 Attempting to load shared library C:\Users\Admin\.vscode\extensions\redhat.java-1.56.0-win32-x64\jre\21.0.12.1-win32-x86_64\bin\verify.dll
Event: 26.651 Loaded shared library C:\Users\Admin\.vscode\extensions\redhat.java-1.56.0-win32-x64\jre\21.0.12.1-win32-x86_64\bin\verify.dll
Event: 30.071 Attempting to load shared library C:\Users\Admin\.gradle\native\660c5614fbf4a5f2a75b1949f50a0caf5cd603558e7d8a26e50b933a0cfb79d1\windows-amd64\native-platform.dll
Event: 30.072 Loaded shared library C:\Users\Admin\.gradle\native\660c5614fbf4a5f2a75b1949f50a0caf5cd603558e7d8a26e50b933a0cfb79d1\windows-amd64\native-platform.dll
Event: 30.382 Attempting to load shared library C:\Users\Admin\.gradle\native\0.2.8\x86_64-windows-gnu\gradle-fileevents.dll
Event: 30.383 Loaded shared library C:\Users\Admin\.gradle\native\0.2.8\x86_64-windows-gnu\gradle-fileevents.dll
Event: 54.940 Attempting to load shared library C:\Users\Admin\.vscode\extensions\redhat.java-1.56.0-win32-x64\jre\21.0.12.1-win32-x86_64\bin\management.dll
Event: 55.101 Loaded shared library C:\Users\Admin\.vscode\extensions\redhat.java-1.56.0-win32-x64\jre\21.0.12.1-win32-x86_64\bin\management.dll
Event: 55.426 Attempting to load shared library C:\Users\Admin\.vscode\extensions\redhat.java-1.56.0-win32-x64\jre\21.0.12.1-win32-x86_64\bin\management_ext.dll
Event: 55.428 Loaded shared library C:\Users\Admin\.vscode\extensions\redhat.java-1.56.0-win32-x64\jre\21.0.12.1-win32-x86_64\bin\management_ext.dll
Event: 66.777 Attempting to load shared library C:\Users\Admin\.vscode\extensions\redhat.java-1.56.0-win32-x64\jre\21.0.12.1-win32-x86_64\bin\extnet.dll
Event: 66.778 Loaded shared library C:\Users\Admin\.vscode\extensions\redhat.java-1.56.0-win32-x64\jre\21.0.12.1-win32-x86_64\bin\extnet.dll
Event: 108.705 Attempting to load shared library C:\Users\Admin\.vscode\extensions\redhat.java-1.56.0-win32-x64\jre\21.0.12.1-win32-x86_64\bin\sunmscapi.dll
Event: 108.721 Loaded shared library C:\Users\Admin\.vscode\extensions\redhat.java-1.56.0-win32-x64\jre\21.0.12.1-win32-x86_64\bin\sunmscapi.dll

Deoptimization events (20 events):
Event: 173.536 Thread 0x0000024e5d0b83b0 Uncommon trap: trap_request=0xfffffff4 fr.pc=0x0000024e375605a4 relative=0x00000000000003e4
Event: 173.537 Thread 0x0000024e5d0b83b0 Uncommon trap: reason=null_check action=make_not_entrant pc=0x0000024e375605a4 method=sun.invoke.util.VerifyType.isNullConversion(Ljava/lang/Class;Ljava/lang/Class;Z)Z @ 12 c2
Event: 173.538 Thread 0x0000024e5d0b83b0 DEOPT PACKING pc=0x0000024e375605a4 sp=0x000000ab2faf8c20
Event: 173.538 Thread 0x0000024e5d0b83b0 DEOPT UNPACKING pc=0x0000024e36e34422 sp=0x000000ab2faf8bc8 mode 2
Event: 173.538 Thread 0x0000024e5d0b83b0 Uncommon trap: trap_request=0xffffff45 fr.pc=0x0000024e3769d86c relative=0x000000000000076c
Event: 173.538 Thread 0x0000024e5d0b83b0 Uncommon trap: reason=unstable_if action=reinterpret pc=0x0000024e3769d86c method=java.lang.invoke.LambdaForm$BasicType.basicType(C)Ljava/lang/invoke/LambdaForm$BasicType; @ 1 c2
Event: 173.538 Thread 0x0000024e5d0b83b0 DEOPT PACKING pc=0x0000024e3769d86c sp=0x000000ab2faf8d50
Event: 173.538 Thread 0x0000024e5d0b83b0 DEOPT UNPACKING pc=0x0000024e36e34422 sp=0x000000ab2faf8c70 mode 2
Event: 173.558 Thread 0x0000024e5d0b83b0 Uncommon trap: trap_request=0xffffff45 fr.pc=0x0000024e3769a864 relative=0x0000000000000f24
Event: 173.558 Thread 0x0000024e5d0b83b0 Uncommon trap: reason=unstable_if action=reinterpret pc=0x0000024e3769a864 method=java.lang.invoke.LambdaForm$BasicType.basicType(C)Ljava/lang/invoke/LambdaForm$BasicType; @ 1 c2
Event: 173.558 Thread 0x0000024e5d0b83b0 DEOPT PACKING pc=0x0000024e3769a864 sp=0x000000ab2faf8d50
Event: 173.558 Thread 0x0000024e5d0b83b0 DEOPT UNPACKING pc=0x0000024e36e34422 sp=0x000000ab2faf8b50 mode 2
Event: 173.559 Thread 0x0000024e5d0b83b0 Uncommon trap: trap_request=0xffffff45 fr.pc=0x0000024e37730560 relative=0x0000000000000660
Event: 173.559 Thread 0x0000024e5d0b83b0 Uncommon trap: reason=unstable_if action=reinterpret pc=0x0000024e37730560 method=java.lang.invoke.LambdaForm$BasicType.basicType(C)Ljava/lang/invoke/LambdaForm$BasicType; @ 1 c2
Event: 173.559 Thread 0x0000024e5d0b83b0 DEOPT PACKING pc=0x0000024e37730560 sp=0x000000ab2faf9170
Event: 173.559 Thread 0x0000024e5d0b83b0 DEOPT UNPACKING pc=0x0000024e36e34422 sp=0x000000ab2faf9020 mode 2
Event: 173.560 Thread 0x0000024e5d0b83b0 Uncommon trap: trap_request=0xffffff45 fr.pc=0x0000024e375f1d28 relative=0x0000000000000108
Event: 173.560 Thread 0x0000024e5d0b83b0 Uncommon trap: reason=unstable_if action=reinterpret pc=0x0000024e375f1d28 method=jdk.internal.org.objectweb.asm.ByteVector.putShort(I)Ljdk/internal/org/objectweb/asm/ByteVector; @ 13 c2
Event: 173.560 Thread 0x0000024e5d0b83b0 DEOPT PACKING pc=0x0000024e375f1d28 sp=0x000000ab2faf8bb0
Event: 173.560 Thread 0x0000024e5d0b83b0 DEOPT UNPACKING pc=0x0000024e36e34422 sp=0x000000ab2faf8b38 mode 2

Classes loaded (20 events):
Event: 173.467 Loading class java/lang/invoke/BoundMethodHandle$Species_LLLLIL
Event: 173.467 Loading class java/lang/invoke/BoundMethodHandle$Species_LLLLIL done
Event: 173.471 Loading class java/lang/invoke/BoundMethodHandle$Species_LLLLILL
Event: 173.471 Loading class java/lang/invoke/BoundMethodHandle$Species_LLLLILL done
Event: 173.474 Loading class java/lang/invoke/BoundMethodHandle$Species_LLLLILLL
Event: 173.474 Loading class java/lang/invoke/BoundMethodHandle$Species_LLLLILLL done
Event: 173.477 Loading class java/lang/invoke/BoundMethodHandle$Species_LLLLILLLL
Event: 173.477 Loading class java/lang/invoke/BoundMethodHandle$Species_LLLLILLLL done
Event: 173.480 Loading class java/lang/invoke/BoundMethodHandle$Species_LLLLILLLLL
Event: 173.480 Loading class java/lang/invoke/BoundMethodHandle$Species_LLLLILLLLL done
Event: 173.534 Loading class java/lang/invoke/MethodHandleImpl$Makers
Event: 173.534 Loading class java/lang/invoke/MethodHandleImpl$Makers done
Event: 173.534 Loading class java/lang/invoke/MethodHandleImpl$Makers$1
Event: 173.534 Loading class java/lang/invoke/MethodHandleImpl$Makers$1 done
Event: 173.534 Loading class java/lang/invoke/MethodHandleImpl$Makers$2
Event: 173.534 Loading class java/lang/invoke/MethodHandleImpl$Makers$2 done
Event: 173.535 Loading class java/lang/invoke/MethodHandleImpl$Makers$3
Event: 173.535 Loading class java/lang/invoke/MethodHandleImpl$Makers$3 done
Event: 173.535 Loading class java/lang/invoke/MethodHandleImpl$CountingWrapper
Event: 173.535 Loading class java/lang/invoke/MethodHandleImpl$CountingWrapper done

Classes unloaded (0 events):
No events

Classes redefined (0 events):
No events

Internal exceptions (20 events):
Event: 173.508 Thread 0x0000024e5d0b83b0 Exception <a 'java/lang/IncompatibleClassChangeError'{0x00000000edeff410}: Found class java.lang.Object, but interface was expected> (0x00000000edeff410) 
thrown [s\src\hotspot\share\interpreter\linkResolver.cpp, line 840]
Event: 173.509 Thread 0x0000024e5d0b83b0 Exception <a 'java/lang/NoSuchMethodError'{0x00000000edd00cc8}: 'java.lang.Object java.lang.invoke.DirectMethodHandle$Holder.invokeInterface(java.lang.Object, java.lang.Object, java.lang.Object, java.lang.Object, java.lang.Object)'> (0x00000000edd00cc8) 
thrown [s\src\hotspot\share\interpreter\linkResolver.cpp, line 773]
Event: 173.510 Thread 0x0000024e5d0b83b0 Exception <a 'java/lang/NoSuchMethodError'{0x00000000edd053b8}: 'java.lang.Object java.lang.invoke.DirectMethodHandle$Holder.invokeStaticInit(java.lang.Object, java.lang.Object, java.lang.Object, java.lang.Object)'> (0x00000000edd053b8) 
thrown [s\src\hotspot\share\interpreter\linkResolver.cpp, line 773]
Event: 173.511 Thread 0x0000024e5d0b83b0 Exception <a 'java/lang/NoSuchMethodError'{0x00000000edd09c90}: 'java.lang.Object java.lang.invoke.DirectMethodHandle$Holder.invokeInterface(java.lang.Object, java.lang.Object, java.lang.Object, java.lang.Object)'> (0x00000000edd09c90) 
thrown [s\src\hotspot\share\interpreter\linkResolver.cpp, line 773]
Event: 173.511 Thread 0x0000024e5d0b83b0 Exception <a 'java/lang/IncompatibleClassChangeError'{0x00000000edd0e428}: Found class java.lang.Object, but interface was expected> (0x00000000edd0e428) 
thrown [s\src\hotspot\share\interpreter\linkResolver.cpp, line 840]
Event: 173.512 Thread 0x0000024e5d0b83b0 Exception <a 'java/lang/NoSuchMethodError'{0x00000000edd10068}: 'java.lang.Object java.lang.invoke.DirectMethodHandle$Holder.invokeStatic(java.lang.Object, java.lang.Object, int, java.lang.Object, java.lang.Object)'> (0x00000000edd10068) 
thrown [s\src\hotspot\share\interpreter\linkResolver.cpp, line 773]
Event: 173.512 Thread 0x0000024e5d0b83b0 Exception <a 'java/lang/NoSuchMethodError'{0x00000000edd149b0}: 'java.lang.Object java.lang.invoke.DelegatingMethodHandle$Holder.reinvoke_L(java.lang.Object, java.lang.Object, int, java.lang.Object, java.lang.Object)'> (0x00000000edd149b0) 
thrown [s\src\hotspot\share\interpreter\linkResolver.cpp, line 773]
Event: 173.524 Thread 0x0000024e5d0b83b0 Exception <a 'java/lang/NoSuchMethodError'{0x00000000edd4c918}: 'java.lang.Object java.lang.invoke.DirectMethodHandle$Holder.invokeStatic(java.lang.Object, int, java.lang.Object, java.lang.Object)'> (0x00000000edd4c918) 
thrown [s\src\hotspot\share\interpreter\linkResolver.cpp, line 773]
Event: 173.525 Thread 0x0000024e5d0b83b0 Exception <a 'java/lang/NoSuchMethodError'{0x00000000edd51258}: 'java.lang.Object java.lang.invoke.DirectMethodHandle$Holder.invokeSpecial(java.lang.Object, java.lang.Object, int, java.lang.Object, java.lang.Object)'> (0x00000000edd51258) 
thrown [s\src\hotspot\share\interpreter\linkResolver.cpp, line 773]
Event: 173.532 Thread 0x0000024e5d0b83b0 Exception <a 'java/lang/NoSuchMethodError'{0x00000000edd55418}: 'java.lang.Object java.lang.invoke.DelegatingMethodHandle$Holder.delegate(java.lang.Object, int, java.lang.Object, java.lang.Object)'> (0x00000000edd55418) 
thrown [s\src\hotspot\share\interpreter\linkResolver.cpp, line 773]
Event: 173.536 Thread 0x0000024e5d0b83b0 Implicit null exception at 0x0000024e375601f8 to 0x0000024e37560594
Event: 173.563 Thread 0x0000024e5d0b83b0 Exception <a 'java/lang/NoSuchMethodError'{0x00000000edd7ae58}: 'void java.lang.invoke.Invokers$Holder.invoke_MT(java.lang.Object, java.lang.Object, java.lang.Object, java.lang.Object)'> (0x00000000edd7ae58) 
thrown [s\src\hotspot\share\interpreter\linkResolver.cpp, line 773]
Event: 173.598 Thread 0x0000024e5d0b83b0 Exception <a 'java/lang/ClassNotFoundException'{0x00000000edc192f0}: org/gradle/initialization/DefaultSettings_DecoratedBeanInfo> (0x00000000edc192f0) 
thrown [s\src\hotspot\share\classfile\systemDictionary.cpp, line 313]
Event: 173.602 Thread 0x0000024e5d0b83b0 Exception <a 'java/lang/ClassNotFoundException'{0x00000000edc299c0}: org/gradle/initialization/DefaultSettingsBeanInfo> (0x00000000edc299c0) 
thrown [s\src\hotspot\share\classfile\systemDictionary.cpp, line 313]
Event: 173.604 Thread 0x0000024e5d0b83b0 Exception <a 'java/lang/ClassNotFoundException'{0x00000000edc3a3d8}: org/gradle/api/internal/project/AbstractPluginAwareBeanInfo> (0x00000000edc3a3d8) 
thrown [s\src\hotspot\share\classfile\systemDictionary.cpp, line 313]
Event: 173.626 Thread 0x0000024e5d0b83b0 Exception <a 'java/lang/ClassNotFoundException'{0x00000000edc4ae98}: org/gradle/api/internal/project/AbstractPluginAwareCustomizer> (0x00000000edc4ae98) 
thrown [s\src\hotspot\share\classfile\systemDictionary.cpp, line 313]
Event: 173.658 Thread 0x0000024e5d0b83b0 Exception <a 'java/lang/ClassNotFoundException'{0x00000000edc61e90}: org/gradle/initialization/DefaultSettingsCustomizer> (0x00000000edc61e90) 
thrown [s\src\hotspot\share\classfile\systemDictionary.cpp, line 313]
Event: 173.707 Thread 0x0000024e5d0b83b0 Exception <a 'java/lang/ClassNotFoundException'{0x00000000edcb1510}: org/gradle/initialization/DefaultSettings_DecoratedCustomizer> (0x00000000edcb1510) 
thrown [s\src\hotspot\share\classfile\systemDictionary.cpp, line 313]
Event: 173.805 Thread 0x0000024e5d0b83b0 Exception <a 'java/lang/ClassNotFoundException'{0x00000000edb77d38}: org/gradle/initialization/DefaultProjectDescriptorBeanInfo> (0x00000000edb77d38) 
thrown [s\src\hotspot\share\classfile\systemDictionary.cpp, line 313]
Event: 173.807 Thread 0x0000024e5d0b83b0 Exception <a 'java/lang/ClassNotFoundException'{0x00000000edb889b0}: org/gradle/initialization/DefaultProjectDescriptorCustomizer> (0x00000000edb889b0) 
thrown [s\src\hotspot\share\classfile\systemDictionary.cpp, line 313]

ZGC Phase Switch (0 events):
No events

VM Operations (20 events):
Event: 157.987 Executing safepoint VM operation: Cleanup
Event: 157.987 Executing safepoint VM operation: Cleanup done
Event: 170.088 Executing safepoint VM operation: Cleanup
Event: 170.088 Executing safepoint VM operation: Cleanup done
Event: 170.485 Executing non-safepoint VM operation: HandshakeAllThreads (Deoptimize)
Event: 170.488 Executing non-safepoint VM operation: HandshakeAllThreads (Deoptimize) done
Event: 170.490 Executing non-safepoint VM operation: HandshakeAllThreads (Deoptimize)
Event: 170.490 Executing non-safepoint VM operation: HandshakeAllThreads (Deoptimize) done
Event: 171.499 Executing safepoint VM operation: Cleanup
Event: 171.513 Executing safepoint VM operation: Cleanup done
Event: 172.516 Executing safepoint VM operation: Cleanup
Event: 173.096 Executing safepoint VM operation: Cleanup done
Event: 173.445 Executing non-safepoint VM operation: HandshakeAllThreads (Deoptimize)
Event: 173.445 Executing non-safepoint VM operation: HandshakeAllThreads (Deoptimize) done
Event: 173.457 Executing non-safepoint VM operation: HandshakeAllThreads (Deoptimize)
Event: 173.458 Executing non-safepoint VM operation: HandshakeAllThreads (Deoptimize) done
Event: 173.459 Executing non-safepoint VM operation: HandshakeAllThreads (Deoptimize)
Event: 173.459 Executing non-safepoint VM operation: HandshakeAllThreads (Deoptimize) done
Event: 174.465 Executing safepoint VM operation: Cleanup
Event: 174.465 Executing safepoint VM operation: Cleanup done

Memory protections (0 events):
No events

Nmethod flushes (20 events):
Event: 123.715 Thread 0x0000024e42be15d0 flushing  nmethod 0x0000024e2fadb610
Event: 123.715 Thread 0x0000024e42be15d0 flushing  nmethod 0x0000024e2fadc090
Event: 123.715 Thread 0x0000024e42be15d0 flushing  nmethod 0x0000024e2fadd790
Event: 123.715 Thread 0x0000024e42be15d0 flushing  nmethod 0x0000024e2fadff90
Event: 123.715 Thread 0x0000024e42be15d0 flushing  nmethod 0x0000024e2fd40110
Event: 123.715 Thread 0x0000024e42be15d0 flushing  nmethod 0x0000024e2fd42f10
Event: 123.715 Thread 0x0000024e42be15d0 flushing  nmethod 0x0000024e2fd47b90
Event: 123.715 Thread 0x0000024e42be15d0 flushing  nmethod 0x0000024e2fd4ae10
Event: 123.715 Thread 0x0000024e42be15d0 flushing  nmethod 0x0000024e2fd8ea10
Event: 123.715 Thread 0x0000024e42be15d0 flushing  nmethod 0x0000024e2fd90690
Event: 123.715 Thread 0x0000024e42be15d0 flushing  nmethod 0x0000024e2fec9690
Event: 123.715 Thread 0x0000024e42be15d0 flushing  nmethod 0x0000024e2fb3b410
Event: 123.715 Thread 0x0000024e42be15d0 flushing  nmethod 0x0000024e2fb3b890
Event: 123.715 Thread 0x0000024e42be15d0 flushing  nmethod 0x0000024e2fb42e10
Event: 123.715 Thread 0x0000024e42be15d0 flushing  nmethod 0x0000024e2fb8f390
Event: 123.715 Thread 0x0000024e42be15d0 flushing  nmethod 0x0000024e2fd39390
Event: 123.715 Thread 0x0000024e42be15d0 flushing  nmethod 0x0000024e2fd39790
Event: 123.715 Thread 0x0000024e42be15d0 flushing  nmethod 0x0000024e2fd3a810
Event: 123.715 Thread 0x0000024e42be15d0 flushing  nmethod 0x0000024e2fd3ad10
Event: 123.715 Thread 0x0000024e42be15d0 flushing  nmethod 0x0000024e2fd3cf10

Events (20 events):
Event: 120.774 Thread 0x0000024e5d0b83b0 Thread added: 0x0000024e5e71c150
Event: 121.019 Thread 0x0000024e5d0b83b0 Thread added: 0x0000024e5e71ce70
Event: 121.056 Thread 0x0000024e5c6463c0 Thread added: 0x0000024e5c645620
Event: 121.559 Thread 0x0000024e5c645620 Thread exited: 0x0000024e5c645620
Event: 121.858 Thread 0x0000024e5d0b83b0 Thread added: 0x0000024e5e71a080
Event: 122.049 Thread 0x0000024e5d0b83b0 Thread added: 0x0000024e5e71a710
Event: 122.549 Thread 0x0000024e42c13730 Thread added: 0x0000024e5c645620
Event: 122.550 Thread 0x0000024e42c13730 Thread added: 0x0000024e5c647f00
Event: 123.082 Thread 0x0000024e5c647f00 Thread exited: 0x0000024e5c647f00
Event: 123.194 Thread 0x0000024e5c6463c0 Thread added: 0x0000024e5c644f50
Event: 123.322 Thread 0x0000024e5c644f50 Thread exited: 0x0000024e5c644f50
Event: 123.950 Thread 0x0000024e5c645620 Thread exited: 0x0000024e5c645620
Event: 125.518 Thread 0x0000024e5c6485d0 Thread exited: 0x0000024e5c6485d0
Event: 125.518 Thread 0x0000024e5c6463c0 Thread exited: 0x0000024e5c6463c0
Event: 134.515 Thread 0x0000024e5d0b83b0 Thread added: 0x0000024e5e71e8b0
Event: 169.210 Thread 0x0000024e5d0b83b0 Thread added: 0x0000024e5e7202f0
Event: 173.095 Thread 0x0000024e42c1b3d0 Thread added: 0x0000024e5c647160
Event: 173.097 Thread 0x0000024e42c1b3d0 Thread added: 0x0000024e5c645620
Event: 173.230 Thread 0x0000024e5c645620 Thread added: 0x0000024e5c647830
Event: 173.668 Thread 0x0000024e42c1b3d0 Thread added: 0x0000024e5c646a90


Dynamic libraries:
0x00007ff724e10000 - 0x00007ff724e1e000 	C:\Users\Admin\.vscode\extensions\redhat.java-1.56.0-win32-x64\jre\21.0.12.1-win32-x86_64\bin\java.exe
0x00007ff8b6b60000 - 0x00007ff8b6dc6000 	C:\Windows\SYSTEM32\ntdll.dll
0x00007ff8b5a10000 - 0x00007ff8b5ad9000 	C:\Windows\System32\KERNEL32.DLL
0x00007ff8b4190000 - 0x00007ff8b458e000 	C:\Windows\System32\KERNELBASE.dll
0x00007ff8b3f70000 - 0x00007ff8b40bc000 	C:\Windows\System32\ucrtbase.dll
0x00007ff8a2ff0000 - 0x00007ff8a3008000 	C:\Users\Admin\.vscode\extensions\redhat.java-1.56.0-win32-x64\jre\21.0.12.1-win32-x86_64\bin\jli.dll
0x00007ff8b62c0000 - 0x00007ff8b6487000 	C:\Windows\System32\USER32.dll
0x00007ff8b4860000 - 0x00007ff8b4887000 	C:\Windows\System32\win32u.dll
0x00007ff8b6760000 - 0x00007ff8b678b000 	C:\Windows\System32\GDI32.dll
0x00007ff8b3d80000 - 0x00007ff8b3eaa000 	C:\Windows\System32\gdi32full.dll
0x00007ff8b4720000 - 0x00007ff8b47c3000 	C:\Windows\System32\msvcp_win.dll
0x00007ff8a2fd0000 - 0x00007ff8a2fee000 	C:\Users\Admin\.vscode\extensions\redhat.java-1.56.0-win32-x64\jre\21.0.12.1-win32-x86_64\bin\VCRUNTIME140.dll
0x00007ff899ce0000 - 0x00007ff899f72000 	C:\Windows\WinSxS\amd64_microsoft.windows.common-controls_6595b64144ccf1df_6.0.26100.8875_none_3e0d5d42e32fe9dd\COMCTL32.dll
0x00007ff8b6570000 - 0x00007ff8b6619000 	C:\Windows\System32\msvcrt.dll
0x00007ff8b6620000 - 0x00007ff8b6652000 	C:\Windows\System32\IMM32.DLL
0x00007ff8ad360000 - 0x00007ff8ad36c000 	C:\Users\Admin\.vscode\extensions\redhat.java-1.56.0-win32-x64\jre\21.0.12.1-win32-x86_64\bin\vcruntime140_1.dll
0x00007ff8a2d60000 - 0x00007ff8a2ded000 	C:\Users\Admin\.vscode\extensions\redhat.java-1.56.0-win32-x64\jre\21.0.12.1-win32-x86_64\bin\msvcp140.dll
0x00007ff82a3f0000 - 0x00007ff82b192000 	C:\Users\Admin\.vscode\extensions\redhat.java-1.56.0-win32-x64\jre\21.0.12.1-win32-x86_64\bin\server\jvm.dll
0x00007ff8b5f60000 - 0x00007ff8b6017000 	C:\Windows\System32\ADVAPI32.dll
0x00007ff8b5080000 - 0x00007ff8b512a000 	C:\Windows\System32\sechost.dll
0x00007ff8b58d0000 - 0x00007ff8b59e8000 	C:\Windows\System32\RPCRT4.dll
0x00007ff8b5130000 - 0x00007ff8b51b0000 	C:\Windows\System32\WS2_32.dll
0x00007ff8b3be0000 - 0x00007ff8b3c3e000 	C:\Windows\SYSTEM32\POWRPROF.dll
0x00007ff8abdb0000 - 0x00007ff8abde6000 	C:\Windows\SYSTEM32\WINMM.dll
0x00007ff8abdf0000 - 0x00007ff8abdfb000 	C:\Windows\SYSTEM32\VERSION.dll
0x00007ff8b3bc0000 - 0x00007ff8b3bd4000 	C:\Windows\SYSTEM32\UMPDC.dll
0x00007ff8b2a60000 - 0x00007ff8b2a7b000 	C:\Windows\SYSTEM32\kernel.appcore.dll
0x00007ff8ac660000 - 0x00007ff8ac66a000 	C:\Users\Admin\.vscode\extensions\redhat.java-1.56.0-win32-x64\jre\21.0.12.1-win32-x86_64\bin\jimage.dll
0x00007ff8b13b0000 - 0x00007ff8b15f2000 	C:\Windows\SYSTEM32\DBGHELP.DLL
0x00007ff8b6790000 - 0x00007ff8b6b13000 	C:\Windows\System32\combase.dll
0x00007ff8b6490000 - 0x00007ff8b6569000 	C:\Windows\System32\OLEAUT32.dll
0x00007ff89bc70000 - 0x00007ff89bcab000 	C:\Windows\SYSTEM32\dbgcore.DLL
0x00007ff8b3eb0000 - 0x00007ff8b3f5c000 	C:\Windows\System32\bcryptPrimitives.dll
0x00007ff8a5b70000 - 0x00007ff8a5b7f000 	C:\Users\Admin\.vscode\extensions\redhat.java-1.56.0-win32-x64\jre\21.0.12.1-win32-x86_64\bin\instrument.dll
0x00007ff8a2fb0000 - 0x00007ff8a2fd0000 	C:\Users\Admin\.vscode\extensions\redhat.java-1.56.0-win32-x64\jre\21.0.12.1-win32-x86_64\bin\java.dll
0x00007ff8b48e0000 - 0x00007ff8b5072000 	C:\Windows\System32\SHELL32.dll
0x00007ff8b1860000 - 0x00007ff8b20f2000 	C:\Windows\SYSTEM32\windows.storage.dll
0x00007ff8b6660000 - 0x00007ff8b6757000 	C:\Windows\System32\SHCORE.dll
0x00007ff8b5680000 - 0x00007ff8b56e7000 	C:\Windows\System32\shlwapi.dll
0x00007ff8b3ca0000 - 0x00007ff8b3cc9000 	C:\Windows\SYSTEM32\profapi.dll
0x00007ff8a2660000 - 0x00007ff8a2678000 	C:\Users\Admin\.vscode\extensions\redhat.java-1.56.0-win32-x64\jre\21.0.12.1-win32-x86_64\bin\zip.dll
0x00007ff8a5ed0000 - 0x00007ff8a5ee0000 	C:\Users\Admin\.vscode\extensions\redhat.java-1.56.0-win32-x64\jre\21.0.12.1-win32-x86_64\bin\net.dll
0x00007ff8aba90000 - 0x00007ff8abbb7000 	C:\Windows\SYSTEM32\WINHTTP.dll
0x00007ff8b3010000 - 0x00007ff8b307c000 	C:\Windows\system32\mswsock.dll
0x00007ff8a2640000 - 0x00007ff8a2656000 	C:\Users\Admin\.vscode\extensions\redhat.java-1.56.0-win32-x64\jre\21.0.12.1-win32-x86_64\bin\nio.dll
0x00007ff8a42b0000 - 0x00007ff8a42c0000 	C:\Users\Admin\.vscode\extensions\redhat.java-1.56.0-win32-x64\jre\21.0.12.1-win32-x86_64\bin\verify.dll
0x00007ff8a13a0000 - 0x00007ff8a13c7000 	C:\Users\Admin\.gradle\native\660c5614fbf4a5f2a75b1949f50a0caf5cd603558e7d8a26e50b933a0cfb79d1\windows-amd64\native-platform.dll
0x00007ff881df0000 - 0x00007ff881e67000 	C:\Users\Admin\.gradle\native\0.2.8\x86_64-windows-gnu\gradle-fileevents.dll
0x00007ff8ae780000 - 0x00007ff8ae78a000 	C:\Users\Admin\.vscode\extensions\redhat.java-1.56.0-win32-x64\jre\21.0.12.1-win32-x86_64\bin\management.dll
0x00007ff8ae770000 - 0x00007ff8ae77c000 	C:\Users\Admin\.vscode\extensions\redhat.java-1.56.0-win32-x64\jre\21.0.12.1-win32-x86_64\bin\management_ext.dll
0x00007ff8b5d20000 - 0x00007ff8b5d28000 	C:\Windows\System32\PSAPI.DLL
0x00007ff8b2430000 - 0x00007ff8b2463000 	C:\Windows\SYSTEM32\IPHLPAPI.DLL
0x00007ff8b6250000 - 0x00007ff8b625a000 	C:\Windows\System32\NSI.dll
0x00007ff8a3a70000 - 0x00007ff8a3a79000 	C:\Users\Admin\.vscode\extensions\redhat.java-1.56.0-win32-x64\jre\21.0.12.1-win32-x86_64\bin\extnet.dll
0x00007ff8b3310000 - 0x00007ff8b332b000 	C:\Windows\SYSTEM32\CRYPTSP.dll
0x00007ff8b29c0000 - 0x00007ff8b29f9000 	C:\Windows\system32\rsaenh.dll
0x00007ff8b30d0000 - 0x00007ff8b3102000 	C:\Windows\SYSTEM32\USERENV.dll
0x00007ff8b3c70000 - 0x00007ff8b3c9a000 	C:\Windows\SYSTEM32\bcrypt.dll
0x00007ff8b3330000 - 0x00007ff8b333c000 	C:\Windows\SYSTEM32\CRYPTBASE.dll
0x00007ff8ae700000 - 0x00007ff8ae70e000 	C:\Users\Admin\.vscode\extensions\redhat.java-1.56.0-win32-x64\jre\21.0.12.1-win32-x86_64\bin\sunmscapi.dll
0x00007ff8b45a0000 - 0x00007ff8b4718000 	C:\Windows\System32\CRYPT32.dll
0x00007ff8b3550000 - 0x00007ff8b3580000 	C:\Windows\SYSTEM32\ncrypt.dll
0x00007ff8b3500000 - 0x00007ff8b353f000 	C:\Windows\SYSTEM32\NTASN1.dll
0x00007ff8a7650000 - 0x00007ff8a7658000 	C:\Windows\system32\wshunix.dll

JVMTI agents:
C:\Users\Admin\.gradle\wrapper\dists\gradle-9.5.1-bin\iq79hdu3mqx29lgffhp8bfmx\gradle-9.5.1\lib\agents\gradle-instrumentation-agent-9.5.1.jar path:C:\Users\Admin\.vscode\extensions\redhat.java-1.56.0-win32-x64\jre\21.0.12.1-win32-x86_64\bin\instrument.dll, loaded, initialized, instrumentlib options:none

dbghelp: loaded successfully - version: 4.0.5 - missing functions: none
symbol engine: initialized successfully - sym options: 0x614 - pdb path: .;C:\Users\Admin\.vscode\extensions\redhat.java-1.56.0-win32-x64\jre\21.0.12.1-win32-x86_64\bin;C:\Windows\SYSTEM32;C:\Windows\WinSxS\amd64_microsoft.windows.common-controls_6595b64144ccf1df_6.0.26100.8875_none_3e0d5d42e32fe9dd;C:\Users\Admin\.vscode\extensions\redhat.java-1.56.0-win32-x64\jre\21.0.12.1-win32-x86_64\bin\server;C:\Users\Admin\.gradle\native\660c5614fbf4a5f2a75b1949f50a0caf5cd603558e7d8a26e50b933a0cfb79d1\windows-amd64;C:\Users\Admin\.gradle\native\0.2.8\x86_64-windows-gnu

VM Arguments:
jvm_args: --add-opens=java.base/java.lang=ALL-UNNAMED --add-opens=java.base/java.lang.invoke=ALL-UNNAMED --add-opens=java.base/java.util=ALL-UNNAMED --add-opens=java.prefs/java.util.prefs=ALL-UNNAMED --add-exports=jdk.compiler/com.sun.tools.javac.api=ALL-UNNAMED --add-exports=jdk.compiler/com.sun.tools.javac.util=ALL-UNNAMED --add-opens=java.base/java.nio.charset=ALL-UNNAMED --add-opens=java.base/java.net=ALL-UNNAMED --add-opens=java.base/java.util.concurrent=ALL-UNNAMED --add-opens=java.base/java.util.concurrent.atomic=ALL-UNNAMED --add-opens=java.xml/javax.xml.namespace=ALL-UNNAMED --add-opens=java.base/java.time=ALL-UNNAMED -XX:MaxMetaspaceSize=384m -XX:+HeapDumpOnOutOfMemoryError -Xms256m -Xmx512m -Dfile.encoding=UTF-8 -Duser.country=US -Duser.language=en -Duser.variant -javaagent:C:\Users\Admin\.gradle\wrapper\dists\gradle-9.5.1-bin\iq79hdu3mqx29lgffhp8bfmx\gradle-9.5.1\lib\agents\gradle-instrumentation-agent-9.5.1.jar 
java_command: org.gradle.launcher.daemon.bootstrap.GradleDaemon 9.5.1
java_class_path (initial): C:\Users\Admin\.gradle\wrapper\dists\gradle-9.5.1-bin\iq79hdu3mqx29lgffhp8bfmx\gradle-9.5.1\lib\gradle-daemon-main-9.5.1.jar
Launcher Type: SUN_STANDARD

[Global flags]
     intx CICompilerCount                          = 12                                        {product} {ergonomic}
   size_t CompressedClassSpaceSize                 = 335544320                                 {product} {ergonomic}
     uint ConcGCThreads                            = 3                                         {product} {ergonomic}
     uint G1ConcRefinementThreads                  = 13                                        {product} {ergonomic}
   size_t G1HeapRegionSize                         = 1048576                                   {product} {ergonomic}
    uintx GCDrainStackTargetSize                   = 64                                        {product} {ergonomic}
     bool HeapDumpOnOutOfMemoryError               = true                                   {manageable} {command line}
   size_t InitialHeapSize                          = 268435456                                 {product} {command line}
   size_t MarkStackSize                            = 4194304                                   {product} {ergonomic}
   size_t MaxHeapSize                              = 536870912                                 {product} {command line}
   size_t MaxMetaspaceSize                         = 402653184                                 {product} {command line}
   size_t MaxNewSize                               = 321912832                                 {product} {ergonomic}
   size_t MinHeapDeltaBytes                        = 1048576                                   {product} {ergonomic}
   size_t MinHeapSize                              = 268435456                                 {product} {command line}
    uintx NonNMethodCodeHeapSize                   = 7602480                                {pd product} {ergonomic}
    uintx NonProfiledCodeHeapSize                  = 122027880                              {pd product} {ergonomic}
    uintx ProfiledCodeHeapSize                     = 122027880                              {pd product} {ergonomic}
    uintx ReservedCodeCacheSize                    = 251658240                              {pd product} {ergonomic}
     bool SegmentedCodeCache                       = true                                      {product} {ergonomic}
   size_t SoftMaxHeapSize                          = 536870912                              {manageable} {ergonomic}
     bool UseCompressedOops                        = true                           {product lp64_product} {ergonomic}
     bool UseG1GC                                  = true                                      {product} {ergonomic}
     bool UseLargePagesIndividualAllocation        = false                                  {pd product} {ergonomic}

Logging:
Log output configuration:
 #0: stdout all=warning uptime,level,tags foldmultilines=false
 #1: stderr all=off uptime,level,tags foldmultilines=false

Release file:
JAVA_VERSION="21.0.12.1" 
MODULES="java.base java.compiler java.datatransfer java.xml java.prefs java.desktop java.instrument java.logging java.management java.security.sasl java.naming java.rmi java.management.rmi java.net.http java.scripting java.security.jgss java.transaction.xa java.sql java.sql.rowset java.xml.crypto java.se java.smartcardio jdk.accessibility jdk.internal.jvmstat jdk.attach jdk.charsets jdk.internal.opt jdk.zipfs jdk.compiler jdk.crypto.ec jdk.crypto.cryptoki jdk.crypto.mscapi jdk.dynalink jdk.internal.ed jdk.editpad jdk.hotspot.agent jdk.httpserver jdk.internal.le jdk.internal.vm.ci jdk.internal.vm.compiler jdk.internal.vm.compiler.management jdk.jartool jdk.javadoc jdk.jcmd jdk.management jdk.management.agent jdk.jconsole jdk.jdeps jdk.jdwp.agent jdk.jdi jdk.jfr jdk.jshell jdk.jsobject jdk.jstatd jdk.localedata jdk.management.jfr jdk.naming.dns jdk.naming.rmi jdk.net jdk.nio.mapmode jdk.random jdk.sctp jdk.security.auth jdk.security.jgss jdk.unsupported jdk.unsupported.desktop jdk.xml.dom" 

Environment Variables:
PATH=C:\Program Files\Eclipse Adoptium\jdk-17.0.20.8-hotspot\bin;C:\Windows\system32;C:\Windows;C:\Windows\System32\Wbem;C:\Windows\System32\WindowsPowerShell\v1.0\;C:\Windows\System32\OpenSSH\;C:\Program Files\Git\cmd;C:\Users\Admin\AppData\Local\Microsoft\WindowsApps;C:\Users\Admin\AppData\Local\Programs\Microsoft VS Code\bin;C:\Program Files\swipl\bin;C:\Program Files (x86)\flutter\bin;
USERNAME=Admin
OS=Windows_NT
PROCESSOR_IDENTIFIER=AMD64 Family 25 Model 80 Stepping 0, AuthenticAMD
TMP=C:\Users\Admin\AppData\Local\Temp
TEMP=C:\Users\Admin\AppData\Local\Temp




Periodic native trim disabled

---------------  S Y S T E M  ---------------

OS:
 Windows 11 , 64 bit Build 26100 (10.0.26100.8875)
OS uptime: 0 days 1:18 hours

CPU: total 16 (initial active 16) (16 cores per cpu, 2 threads per core) family 25 model 80 stepping 0 microcode 0xa500011, cx8, cmov, fxsr, ht, mmx, 3dnowpref, sse, sse2, sse3, ssse3, sse4a, sse4.1, sse4.2, popcnt, lzcnt, tsc, tscinvbit, avx, avx2, aes, erms, clmul, bmi1, bmi2, adx, sha, fma, vzeroupper, clflush, clflushopt, rdtscp, rdpid, fsrm, f16c, pku, cet_ss
Processor Information for the first 16 processors :
  Max Mhz: 3201, Current Mhz: 1882, Mhz Limit: 3201

Memory: 4k page, system-wide physical 14182M (862M free)
TotalPageFile size 42805M (AvailPageFile size 328M)
current process WorkingSet (physical memory assigned to process): 178M, peak: 262M
current process commit charge ("private bytes"): 526M, peak: 528M

vm_info: OpenJDK 64-Bit Server VM (21.0.12.1+1-LTS) for windows-amd64 JRE (21.0.12.1+1-LTS), built on 2026-08-18T00:00:00Z by "admin" with MS VC++ 17.12 (VS2022)

END.
