#
# There is insufficient memory for the Java Runtime Environment to continue.
# Native memory allocation (malloc) failed to allocate 1311056 bytes. Error detail: Chunk::new
# Possible reasons:
#   The system is out of physical RAM or swap space
#   This process is running with CompressedOops enabled, and the Java Heap may be blocking the growth of the native heap
# Possible solutions:
#   Reduce memory load on the system
#   Increase physical memory or swap space
#   Check if swap backing store is full
#   Decrease Java heap size (-Xmx/-Xms)
#   Decrease number of Java threads
#   Decrease Java thread stack sizes (-Xss)
#   Set larger code cache with -XX:ReservedCodeCacheSize=
#   JVM is running with Unscaled Compressed Oops mode in which the Java heap is
#     placed in the first 4GB address space. The Java Heap base address is the
#     maximum limit for the native heap growth. Please use -XX:HeapBaseMinAddress
#     to set the Java Heap base and to place the Java Heap above 4GB virtual address.
# This output file may be truncated or incomplete.
#
#  Out of Memory Error (arena.cpp:168), pid=6320, tid=15400
#
# JRE version: OpenJDK Runtime Environment Temurin-21.0.12.1+1 (21.0.12.1+1) (build 21.0.12.1+1-LTS)
# Java VM: OpenJDK 64-Bit Server VM Temurin-21.0.12.1+1 (21.0.12.1+1-LTS, mixed mode, sharing, tiered, compressed oops, compressed class ptrs, g1 gc, windows-amd64)
# No core dump will be written. Minidumps are not enabled by default on client versions of Windows
#

---------------  S U M M A R Y ------------

Command Line: --add-opens=java.base/java.lang=ALL-UNNAMED --add-opens=java.base/java.lang.invoke=ALL-UNNAMED --add-opens=java.base/java.util=ALL-UNNAMED --add-opens=java.prefs/java.util.prefs=ALL-UNNAMED --add-exports=jdk.compiler/com.sun.tools.javac.api=ALL-UNNAMED --add-exports=jdk.compiler/com.sun.tools.javac.util=ALL-UNNAMED --add-opens=java.base/java.nio.charset=ALL-UNNAMED --add-opens=java.base/java.net=ALL-UNNAMED --add-opens=java.base/java.util.concurrent=ALL-UNNAMED --add-opens=java.base/java.util.concurrent.atomic=ALL-UNNAMED --add-opens=java.xml/javax.xml.namespace=ALL-UNNAMED --add-opens=java.base/java.time=ALL-UNNAMED -XX:MaxMetaspaceSize=384m -XX:+HeapDumpOnOutOfMemoryError -Xms256m -Xmx512m -Dfile.encoding=UTF-8 -Duser.country=US -Duser.language=en -Duser.variant -javaagent:C:\Users\Admin\.gradle\wrapper\dists\gradle-9.5.1-bin\iq79hdu3mqx29lgffhp8bfmx\gradle-9.5.1\lib\agents\gradle-instrumentation-agent-9.5.1.jar org.gradle.launcher.daemon.bootstrap.GradleDaemon 9.5.1

Host: AMD Ryzen 7 5800H with Radeon Graphics         , 16 cores, 13G,  Windows 11 , 64 bit Build 26100 (10.0.26100.8875)
Time: Mon Sep 14 07:30:41 2026 SE Asia Standard Time elapsed time: 94.827870 seconds (0d 0h 1m 34s)

---------------  T H R E A D  ---------------

Current thread (0x000001fbb11a78e0):  JavaThread "C2 CompilerThread1" daemon [_thread_in_native, id=15400, stack(0x000000286c000000,0x000000286c100000) (1024K)]


Current CompileTask:
C2:94828 6972 %     4       org.gradle.internal.instantiation.generator.AbstractClassGenerator::inspectType @ 77 (602 bytes)

Stack: [0x000000286c000000,0x000000286c100000]
Native frames: (J=compiled Java code, j=interpreted, Vv=VM code, C=native code)
V  [jvm.dll+0x6d83e9]
V  [jvm.dll+0x8b5736]
V  [jvm.dll+0x8b7cee]
V  [jvm.dll+0x8b83d3]
V  [jvm.dll+0x284596]
V  [jvm.dll+0xc685d]
V  [jvm.dll+0xc6da1]
V  [jvm.dll+0x2fb5ae]
V  [jvm.dll+0x5fee94]
V  [jvm.dll+0x255d67]
V  [jvm.dll+0x24e0f4]
V  [jvm.dll+0x24bbe6]
V  [jvm.dll+0x1cb4ae]
V  [jvm.dll+0x25baad]
V  [jvm.dll+0x25a03a]
V  [jvm.dll+0x3f8aae]
V  [jvm.dll+0x8600cd]
V  [jvm.dll+0x6d6c1d]
C  [ucrtbase.dll+0x2cd30]
C  [KERNEL32.DLL+0x2e957]
C  [ntdll.dll+0xaad6c]


---------------  P R O C E S S  ---------------

Threads class SMR info:
_java_thread_list=0x000001fbb14d3680, length=58, elements={
0x000001fbfac26290, 0x000001fb94156bd0, 0x000001fb94159640, 0x000001fb9415a0a0,
0x000001fb9415ab00, 0x000001fb9415b560, 0x000001fb9415bfc0, 0x000001fb9415cd50,
0x000001fb9415f800, 0x000001fb944186e0, 0x000001fb943ff3f0, 0x000001fbae28e780,
0x000001fbaed7d110, 0x000001fbae9330a0, 0x000001fbaf68ebf0, 0x000001fbaf44f820,
0x000001fbaf4aa860, 0x000001fb94c68640, 0x000001fbae860370, 0x000001fbae861090,
0x000001fbae861db0, 0x000001fbae85f650, 0x000001fbae861720, 0x000001fbae85e930,
0x000001fbae860a00, 0x000001fbafa03c60, 0x000001fbafa02220, 0x000001fbafa05d30,
0x000001fbafa028b0, 0x000001fbafa042f0, 0x000001fbafa05010, 0x000001fbafa063c0,
0x000001fbafa056a0, 0x000001fbafa02f40, 0x000001fbafa06a50, 0x000001fbafa035d0,
0x000001fbafa08490, 0x000001fbafa070e0, 0x000001fbafa091b0, 0x000001fbafa09840,
0x000001fbb05d9ef0, 0x000001fbb05d8b40, 0x000001fbb05d9860, 0x000001fbb05da580,
0x000001fbb05dac10, 0x000001fbb05dbfc0, 0x000001fbb05dc650, 0x000001fbb05d91d0,
0x000001fbb05dcce0, 0x000001fbb05de090, 0x000001fbb05dd370, 0x000001fbb05db2a0,
0x000001fbb05dda00, 0x000001fbb05dedb0, 0x000001fbb05de720, 0x000001fbb34f0010,
0x000001fbb05df440, 0x000001fbb11a78e0
}

Java Threads: ( => current thread )
  0x000001fbfac26290 JavaThread "main"                              [_thread_blocked, id=18940, stack(0x0000002867400000,0x0000002867500000) (1024K)]
  0x000001fb94156bd0 JavaThread "Reference Handler"          daemon [_thread_blocked, id=15840, stack(0x0000002867c00000,0x0000002867d00000) (1024K)]
  0x000001fb94159640 JavaThread "Finalizer"                  daemon [_thread_blocked, id=20320, stack(0x0000002867d00000,0x0000002867e00000) (1024K)]
  0x000001fb9415a0a0 JavaThread "Signal Dispatcher"          daemon [_thread_blocked, id=21188, stack(0x0000002867e00000,0x0000002867f00000) (1024K)]
  0x000001fb9415ab00 JavaThread "Attach Listener"            daemon [_thread_blocked, id=4788, stack(0x0000002867f00000,0x0000002868000000) (1024K)]
  0x000001fb9415b560 JavaThread "Service Thread"             daemon [_thread_blocked, id=14896, stack(0x0000002868000000,0x0000002868100000) (1024K)]
  0x000001fb9415bfc0 JavaThread "Monitor Deflation Thread"   daemon [_thread_blocked, id=15108, stack(0x0000002868100000,0x0000002868200000) (1024K)]
  0x000001fb9415cd50 JavaThread "C2 CompilerThread0"         daemon [_thread_blocked, id=6048, stack(0x0000002868200000,0x0000002868300000) (1024K)]
  0x000001fb9415f800 JavaThread "C1 CompilerThread0"         daemon [_thread_blocked, id=19464, stack(0x0000002868300000,0x0000002868400000) (1024K)]
  0x000001fb944186e0 JavaThread "Common-Cleaner"             daemon [_thread_blocked, id=6308, stack(0x0000002868700000,0x0000002868800000) (1024K)]
  0x000001fb943ff3f0 JavaThread "Notification Thread"        daemon [_thread_blocked, id=23708, stack(0x0000002868800000,0x0000002868900000) (1024K)]
  0x000001fbae28e780 JavaThread "Daemon health stats"               [_thread_blocked, id=22104, stack(0x0000002868b00000,0x0000002868c00000) (1024K)]
  0x000001fbaed7d110 JavaThread "Incoming local TCP Connector on port 51283"        [_thread_in_native, id=25352, stack(0x0000002868c00000,0x0000002868d00000) (1024K)]
  0x000001fbae9330a0 JavaThread "Daemon periodic checks"            [_thread_blocked, id=27088, stack(0x0000002868d00000,0x0000002868e00000) (1024K)]
  0x000001fbaf68ebf0 JavaThread "Daemon"                            [_thread_blocked, id=26336, stack(0x0000002869000000,0x0000002869100000) (1024K)]
  0x000001fbaf44f820 JavaThread "Handler for socket connection from /127.0.0.1:51283 to /127.0.0.1:53702"        [_thread_in_native, id=26148, stack(0x0000002869100000,0x0000002869200000) (1024K)]
  0x000001fbaf4aa860 JavaThread "Cancel handler"                    [_thread_blocked, id=25916, stack(0x0000002867100000,0x0000002867200000) (1024K)]
  0x000001fb94c68640 JavaThread "Daemon worker"                     [_thread_in_Java, id=15548, stack(0x0000002868f00000,0x0000002869000000) (1024K)]
  0x000001fbae860370 JavaThread "Asynchronous log dispatcher for DefaultDaemonConnection: socket connection from /127.0.0.1:51283 to /127.0.0.1:53702"        [_thread_blocked, id=4888, stack(0x0000002869200000,0x0000002869300000) (1024K)]
  0x000001fbae861090 JavaThread "Stdin handler"                     [_thread_blocked, id=10720, stack(0x0000002869300000,0x0000002869400000) (1024K)]
  0x000001fbae861db0 JavaThread "Daemon client event forwarder"        [_thread_in_Java, id=13408, stack(0x0000002869400000,0x0000002869500000) (1024K)]
  0x000001fbae85f650 JavaThread "Cache worker for journal cache (C:\Users\Admin\.gradle\caches\journal-1)"        [_thread_blocked, id=31032, stack(0x0000002869500000,0x0000002869600000) (1024K)]
  0x000001fbae861720 JavaThread "File lock request listener"        [_thread_in_native, id=27112, stack(0x0000002869600000,0x0000002869700000) (1024K)]
  0x000001fbae85e930 JavaThread "Cache worker for file hash cache (C:\Users\Admin\.gradle\caches\9.5.1\fileHashes)"        [_thread_blocked, id=6528, stack(0x0000002869700000,0x0000002869800000) (1024K)]
  0x000001fbae860a00 JavaThread "Cache worker for file hash cache (C:\Users\Admin\Downloads\mini-banking\.gradle\9.5.1\fileHashes)"        [_thread_blocked, id=21996, stack(0x000000286a200000,0x000000286a300000) (1024K)]
  0x000001fbafa03c60 JavaThread "Cache worker for Build Output Cleanup Cache (C:\Users\Admin\Downloads\mini-banking\.gradle\buildOutputCleanup)"        [_thread_blocked, id=26820, stack(0x0000002868e00000,0x0000002868f00000) (1024K)]
  0x000001fbafa02220 JavaThread "File lock release action executor"        [_thread_blocked, id=29424, stack(0x000000286a300000,0x000000286a400000) (1024K)]
  0x000001fbafa05d30 JavaThread "File watcher server"        daemon [_thread_in_native, id=25400, stack(0x000000286a400000,0x000000286a500000) (1024K)]
  0x000001fbafa028b0 JavaThread "File watcher consumer"      daemon [_thread_blocked, id=23592, stack(0x000000286a500000,0x000000286a600000) (1024K)]
  0x000001fbafa042f0 JavaThread "Cache worker for file content cache (C:\Users\Admin\.gradle\caches\9.5.1\fileContent)"        [_thread_blocked, id=25224, stack(0x000000286a600000,0x000000286a700000) (1024K)]
  0x000001fbafa05010 JavaThread "Cache worker for checksums cache (C:\Users\Admin\Downloads\mini-banking\.gradle\9.5.1\checksums)"        [_thread_blocked, id=31604, stack(0x000000286a700000,0x000000286a800000) (1024K)]
  0x000001fbafa063c0 JavaThread "Cache worker for cache directory md-supplier (C:\Users\Admin\.gradle\caches\9.5.1\md-supplier)"        [_thread_blocked, id=21760, stack(0x000000286a100000,0x000000286a200000) (1024K)]
  0x000001fbafa056a0 JavaThread "Cache worker for cache directory md-rule (C:\Users\Admin\.gradle\caches\9.5.1\md-rule)"        [_thread_blocked, id=30724, stack(0x000000286a900000,0x000000286aa00000) (1024K)]
  0x000001fbafa02f40 JavaThread "jar transforms"                    [_thread_blocked, id=21200, stack(0x000000286a800000,0x000000286a900000) (1024K)]
  0x000001fbafa06a50 JavaThread "jar transforms Thread 2"           [_thread_blocked, id=1764, stack(0x000000286aa00000,0x000000286ab00000) (1024K)]
  0x000001fbafa035d0 JavaThread "jar transforms Thread 3"           [_thread_blocked, id=8812, stack(0x000000286ab00000,0x000000286ac00000) (1024K)]
  0x000001fbafa08490 JavaThread "jar transforms Thread 4"           [_thread_blocked, id=14748, stack(0x000000286ac00000,0x000000286ad00000) (1024K)]
  0x000001fbafa070e0 JavaThread "jar transforms Thread 5"           [_thread_blocked, id=27120, stack(0x000000286b000000,0x000000286b100000) (1024K)]
  0x000001fbafa091b0 JavaThread "Build operations"                  [_thread_blocked, id=23180, stack(0x000000286ae00000,0x000000286af00000) (1024K)]
  0x000001fbafa09840 JavaThread "Build operations Thread 2"         [_thread_blocked, id=10584, stack(0x000000286af00000,0x000000286b000000) (1024K)]
  0x000001fbb05d9ef0 JavaThread "Build operations Thread 3"         [_thread_blocked, id=11656, stack(0x000000286b100000,0x000000286b200000) (1024K)]
  0x000001fbb05d8b40 JavaThread "Build operations Thread 4"         [_thread_blocked, id=30948, stack(0x000000286b200000,0x000000286b300000) (1024K)]
  0x000001fbb05d9860 JavaThread "Build operations Thread 5"         [_thread_blocked, id=16072, stack(0x000000286b300000,0x000000286b400000) (1024K)]
  0x000001fbb05da580 JavaThread "Build operations Thread 6"         [_thread_blocked, id=9152, stack(0x000000286b400000,0x000000286b500000) (1024K)]
  0x000001fbb05dac10 JavaThread "Build operations Thread 7"         [_thread_blocked, id=30612, stack(0x000000286b500000,0x000000286b600000) (1024K)]
  0x000001fbb05dbfc0 JavaThread "Build operations Thread 8"         [_thread_blocked, id=29744, stack(0x000000286b600000,0x000000286b700000) (1024K)]
  0x000001fbb05dc650 JavaThread "Build operations Thread 9"         [_thread_blocked, id=4236, stack(0x000000286b700000,0x000000286b800000) (1024K)]
  0x000001fbb05d91d0 JavaThread "Build operations Thread 10"        [_thread_blocked, id=31656, stack(0x000000286b800000,0x000000286b900000) (1024K)]
  0x000001fbb05dcce0 JavaThread "Build operations Thread 11"        [_thread_blocked, id=29972, stack(0x000000286b900000,0x000000286ba00000) (1024K)]
  0x000001fbb05de090 JavaThread "Build operations Thread 12"        [_thread_blocked, id=24032, stack(0x000000286ba00000,0x000000286bb00000) (1024K)]
  0x000001fbb05dd370 JavaThread "Build operations Thread 13"        [_thread_blocked, id=32604, stack(0x000000286bb00000,0x000000286bc00000) (1024K)]
  0x000001fbb05db2a0 JavaThread "Build operations Thread 14"        [_thread_blocked, id=27604, stack(0x000000286bc00000,0x000000286bd00000) (1024K)]
  0x000001fbb05dda00 JavaThread "Build operations Thread 15"        [_thread_blocked, id=32620, stack(0x000000286bd00000,0x000000286be00000) (1024K)]
  0x000001fbb05dedb0 JavaThread "Build operations Thread 16"        [_thread_blocked, id=31596, stack(0x000000286be00000,0x000000286bf00000) (1024K)]
  0x000001fbb05de720 JavaThread "File lock release action executor Thread 2"        [_thread_blocked, id=9276, stack(0x000000286bf00000,0x000000286c000000) (1024K)]
  0x000001fbb34f0010 JavaThread "C1 CompilerThread1"         daemon [_thread_blocked, id=18028, stack(0x000000286ad00000,0x000000286ae00000) (1024K)]
  0x000001fbb05df440 JavaThread "Memory manager"                    [_thread_blocked, id=19796, stack(0x000000286c300000,0x000000286c400000) (1024K)]
=>0x000001fbb11a78e0 JavaThread "C2 CompilerThread1"         daemon [_thread_in_native, id=15400, stack(0x000000286c000000,0x000000286c100000) (1024K)]
Total: 58

Other Threads:
  0x000001fbff2d2e20 VMThread "VM Thread"                           [id=17172, stack(0x0000002867b00000,0x0000002867c00000) (1024K)]
  0x000001fbff2bd8f0 WatcherThread "VM Periodic Task Thread"        [id=6600, stack(0x0000002867a00000,0x0000002867b00000) (1024K)]
  0x000001fbfd107de0 WorkerThread "GC Thread#0"                     [id=8560, stack(0x0000002867500000,0x0000002867600000) (1024K)]
  0x000001fbae2bb860 WorkerThread "GC Thread#1"                     [id=31056, stack(0x0000002868400000,0x0000002868500000) (1024K)]
  0x000001fbae2bbc10 WorkerThread "GC Thread#2"                     [id=31064, stack(0x0000002868500000,0x0000002868600000) (1024K)]
  0x000001fbae2bbfc0 WorkerThread "GC Thread#3"                     [id=31068, stack(0x0000002868600000,0x0000002868700000) (1024K)]
  0x000001fbae2bc370 WorkerThread "GC Thread#4"                     [id=31072, stack(0x0000002868900000,0x0000002868a00000) (1024K)]
  0x000001fbae0dec60 WorkerThread "GC Thread#5"                     [id=31076, stack(0x0000002868a00000,0x0000002868b00000) (1024K)]
  0x000001fbaf52e220 WorkerThread "GC Thread#6"                     [id=30624, stack(0x0000002869800000,0x0000002869900000) (1024K)]
  0x000001fbaf52e5d0 WorkerThread "GC Thread#7"                     [id=31980, stack(0x0000002869900000,0x0000002869a00000) (1024K)]
  0x000001fbaf52e980 WorkerThread "GC Thread#8"                     [id=31384, stack(0x0000002869a00000,0x0000002869b00000) (1024K)]
  0x000001fbaf52ed30 WorkerThread "GC Thread#9"                     [id=14672, stack(0x0000002869b00000,0x0000002869c00000) (1024K)]
  0x000001fbaf52dac0 WorkerThread "GC Thread#10"                    [id=26904, stack(0x0000002869c00000,0x0000002869d00000) (1024K)]
  0x000001fbaf52de70 WorkerThread "GC Thread#11"                    [id=13464, stack(0x0000002869d00000,0x0000002869e00000) (1024K)]
  0x000001fbaf52f0e0 WorkerThread "GC Thread#12"                    [id=5092, stack(0x0000002869e00000,0x0000002869f00000) (1024K)]
  0x000001fbfd10dcf0 ConcurrentGCThread "G1 Main Marker"            [id=12680, stack(0x0000002867600000,0x0000002867700000) (1024K)]
  0x000001fbfd10f720 WorkerThread "G1 Conc#0"                       [id=14272, stack(0x0000002867700000,0x0000002867800000) (1024K)]
  0x000001fbb07e3050 WorkerThread "G1 Conc#1"                       [id=12536, stack(0x0000002869f00000,0x000000286a000000) (1024K)]
  0x000001fbb07e3f10 WorkerThread "G1 Conc#2"                       [id=18200, stack(0x000000286a000000,0x000000286a100000) (1024K)]
  0x000001fbff189620 ConcurrentGCThread "G1 Refine#0"               [id=11920, stack(0x0000002867800000,0x0000002867900000) (1024K)]
  0x000001fbff189e50 ConcurrentGCThread "G1 Service"                [id=4452, stack(0x0000002867900000,0x0000002867a00000) (1024K)]
Total: 21

Threads with active compile tasks:
C2 CompilerThread0  94891 7022       4       java.io.WinNTFileSystem::normalize (224 bytes)
C2 CompilerThread1  94891 6972 %     4       org.gradle.internal.instantiation.generator.AbstractClassGenerator::inspectType @ 77 (602 bytes)
Total: 2

VM state: not at safepoint (normal execution)

VM Mutex/Monitor currently owned by a thread: None

Heap address: 0x00000000e0000000, size: 512 MB, Compressed Oops mode: 32-bit

CDS archive(s) mapped at: [0x000001fb95000000-0x000001fb95ba0000-0x000001fb95ba0000), size 12189696, SharedBaseAddress: 0x000001fb95000000, ArchiveRelocationMode: 1.
Compressed class space mapped at: 0x000001fb96000000-0x000001fbaa000000, reserved size: 335544320
Narrow klass base: 0x000001fb95000000, Narrow klass shift: 0, Narrow klass range: 0x100000000

GC Precious Log:
 CardTable entry size: 512
 Card Set container configuration: InlinePtr #cards 5 size 8 Array Of Cards #cards 12 size 40 Howl #buckets 4 coarsen threshold 1843 Howl Bitmap #cards 512 size 80 coarsen threshold 460 Card regions per heap region 1 cards per card region 2048
 CPUs: 16 total, 16 available
 Memory: 14182M
 Large Page Support: Disabled
 NUMA Support: Disabled
 Compressed Oops: Enabled (32-bit)
 Heap Region Size: 1M
 Heap Min Capacity: 256M
 Heap Initial Capacity: 256M
 Heap Max Capacity: 512M
 Pre-touch: Disabled
 Parallel Workers: 13
 Concurrent Workers: 3
 Concurrent Refinement Workers: 13
 Periodic GC: Disabled

Heap:
 garbage-first heap   total 262144K, used 47275K [0x00000000e0000000, 0x0000000100000000)
  region size 1024K, 26 young (26624K), 18 survivors (18432K)
 Metaspace       used 50266K, committed 52352K, reserved 393216K
  class space    used 7626K, committed 8640K, reserved 327680K

Heap Regions: E=young(eden), S=young(survivor), O=old, HS=humongous(starts), HC=humongous(continues), CS=collection set, F=free, TAMS=top-at-mark-start, PB=parsable bottom
|   0|0x00000000e0000000, 0x00000000e0100000, 0x00000000e0100000|100%|HS|  |TAMS 0x00000000e0000000| PB 0x00000000e0000000| Complete 
|   1|0x00000000e0100000, 0x00000000e0200000, 0x00000000e0200000|100%|HC|  |TAMS 0x00000000e0100000| PB 0x00000000e0100000| Complete 
|   2|0x00000000e0200000, 0x00000000e0300000, 0x00000000e0300000|100%|HC|  |TAMS 0x00000000e0200000| PB 0x00000000e0200000| Complete 
|   3|0x00000000e0300000, 0x00000000e0400000, 0x00000000e0400000|100%|HC|  |TAMS 0x00000000e0300000| PB 0x00000000e0300000| Complete 
|   4|0x00000000e0400000, 0x00000000e0500000, 0x00000000e0500000|100%| O|  |TAMS 0x00000000e0400000| PB 0x00000000e0400000| Untracked 
|   5|0x00000000e0500000, 0x00000000e0600000, 0x00000000e0600000|100%| O|  |TAMS 0x00000000e0500000| PB 0x00000000e0500000| Untracked 
|   6|0x00000000e0600000, 0x00000000e0700000, 0x00000000e0700000|100%| O|  |TAMS 0x00000000e0600000| PB 0x00000000e0600000| Untracked 
|   7|0x00000000e0700000, 0x00000000e0800000, 0x00000000e0800000|100%| O|  |TAMS 0x00000000e0700000| PB 0x00000000e0700000| Untracked 
|   8|0x00000000e0800000, 0x00000000e0900000, 0x00000000e0900000|100%|HS|  |TAMS 0x00000000e0800000| PB 0x00000000e0800000| Complete 
|   9|0x00000000e0900000, 0x00000000e0a00000, 0x00000000e0a00000|100%| O|  |TAMS 0x00000000e0900000| PB 0x00000000e0900000| Untracked 
|  10|0x00000000e0a00000, 0x00000000e0b00000, 0x00000000e0b00000|100%| O|  |TAMS 0x00000000e0a00000| PB 0x00000000e0a00000| Untracked 
|  11|0x00000000e0b00000, 0x00000000e0c00000, 0x00000000e0c00000|100%| O|  |TAMS 0x00000000e0b00000| PB 0x00000000e0b00000| Untracked 
|  12|0x00000000e0c00000, 0x00000000e0d00000, 0x00000000e0d00000|100%| O|  |TAMS 0x00000000e0c00000| PB 0x00000000e0c00000| Untracked 
|  13|0x00000000e0d00000, 0x00000000e0e00000, 0x00000000e0e00000|100%| O|  |TAMS 0x00000000e0d00000| PB 0x00000000e0d00000| Untracked 
|  14|0x00000000e0e00000, 0x00000000e0f00000, 0x00000000e0f00000|100%| O|  |TAMS 0x00000000e0e00000| PB 0x00000000e0e00000| Untracked 
|  15|0x00000000e0f00000, 0x00000000e1000000, 0x00000000e1000000|100%| O|Cm|TAMS 0x00000000e0f00000| PB 0x00000000e0f00000| Complete 
|  16|0x00000000e1000000, 0x00000000e1100000, 0x00000000e1100000|100%| O|  |TAMS 0x00000000e1000000| PB 0x00000000e1000000| Untracked 
|  17|0x00000000e1100000, 0x00000000e1200000, 0x00000000e1200000|100%| O|  |TAMS 0x00000000e1100000| PB 0x00000000e1100000| Untracked 
|  18|0x00000000e1200000, 0x00000000e1300000, 0x00000000e1300000|100%| O|  |TAMS 0x00000000e1200000| PB 0x00000000e1200000| Untracked 
|  19|0x00000000e1300000, 0x00000000e1400000, 0x00000000e1400000|100%| O|  |TAMS 0x00000000e1300000| PB 0x00000000e1300000| Untracked 
|  20|0x00000000e1400000, 0x00000000e1500000, 0x00000000e1500000|100%| O|  |TAMS 0x00000000e1400000| PB 0x00000000e1400000| Untracked 
|  21|0x00000000e1500000, 0x00000000e155bb48, 0x00000000e1600000| 35%| O|  |TAMS 0x00000000e1500000| PB 0x00000000e1500000| Untracked 
|  22|0x00000000e1600000, 0x00000000e1600000, 0x00000000e1700000|  0%| F|  |TAMS 0x00000000e1600000| PB 0x00000000e1600000| Untracked 
|  23|0x00000000e1700000, 0x00000000e1700000, 0x00000000e1800000|  0%| F|  |TAMS 0x00000000e1700000| PB 0x00000000e1700000| Untracked 
|  24|0x00000000e1800000, 0x00000000e1800000, 0x00000000e1900000|  0%| F|  |TAMS 0x00000000e1800000| PB 0x00000000e1800000| Untracked 
|  25|0x00000000e1900000, 0x00000000e1900000, 0x00000000e1a00000|  0%| F|  |TAMS 0x00000000e1900000| PB 0x00000000e1900000| Untracked 
|  26|0x00000000e1a00000, 0x00000000e1a00000, 0x00000000e1b00000|  0%| F|  |TAMS 0x00000000e1a00000| PB 0x00000000e1a00000| Untracked 
|  27|0x00000000e1b00000, 0x00000000e1b00000, 0x00000000e1c00000|  0%| F|  |TAMS 0x00000000e1b00000| PB 0x00000000e1b00000| Untracked 
|  28|0x00000000e1c00000, 0x00000000e1c00000, 0x00000000e1d00000|  0%| F|  |TAMS 0x00000000e1c00000| PB 0x00000000e1c00000| Untracked 
|  29|0x00000000e1d00000, 0x00000000e1d00000, 0x00000000e1e00000|  0%| F|  |TAMS 0x00000000e1d00000| PB 0x00000000e1d00000| Untracked 
|  30|0x00000000e1e00000, 0x00000000e1e00000, 0x00000000e1f00000|  0%| F|  |TAMS 0x00000000e1e00000| PB 0x00000000e1e00000| Untracked 
|  31|0x00000000e1f00000, 0x00000000e1f00000, 0x00000000e2000000|  0%| F|  |TAMS 0x00000000e1f00000| PB 0x00000000e1f00000| Untracked 
|  32|0x00000000e2000000, 0x00000000e2000000, 0x00000000e2100000|  0%| F|  |TAMS 0x00000000e2000000| PB 0x00000000e2000000| Untracked 
|  33|0x00000000e2100000, 0x00000000e2100000, 0x00000000e2200000|  0%| F|  |TAMS 0x00000000e2100000| PB 0x00000000e2100000| Untracked 
|  34|0x00000000e2200000, 0x00000000e2200000, 0x00000000e2300000|  0%| F|  |TAMS 0x00000000e2200000| PB 0x00000000e2200000| Untracked 
|  35|0x00000000e2300000, 0x00000000e2300000, 0x00000000e2400000|  0%| F|  |TAMS 0x00000000e2300000| PB 0x00000000e2300000| Untracked 
|  36|0x00000000e2400000, 0x00000000e2400000, 0x00000000e2500000|  0%| F|  |TAMS 0x00000000e2400000| PB 0x00000000e2400000| Untracked 
|  37|0x00000000e2500000, 0x00000000e2500000, 0x00000000e2600000|  0%| F|  |TAMS 0x00000000e2500000| PB 0x00000000e2500000| Untracked 
|  38|0x00000000e2600000, 0x00000000e2600000, 0x00000000e2700000|  0%| F|  |TAMS 0x00000000e2600000| PB 0x00000000e2600000| Untracked 
|  39|0x00000000e2700000, 0x00000000e2700000, 0x00000000e2800000|  0%| F|  |TAMS 0x00000000e2700000| PB 0x00000000e2700000| Untracked 
|  40|0x00000000e2800000, 0x00000000e2800000, 0x00000000e2900000|  0%| F|  |TAMS 0x00000000e2800000| PB 0x00000000e2800000| Untracked 
|  41|0x00000000e2900000, 0x00000000e2900000, 0x00000000e2a00000|  0%| F|  |TAMS 0x00000000e2900000| PB 0x00000000e2900000| Untracked 
|  42|0x00000000e2a00000, 0x00000000e2a00000, 0x00000000e2b00000|  0%| F|  |TAMS 0x00000000e2a00000| PB 0x00000000e2a00000| Untracked 
|  43|0x00000000e2b00000, 0x00000000e2b00000, 0x00000000e2c00000|  0%| F|  |TAMS 0x00000000e2b00000| PB 0x00000000e2b00000| Untracked 
|  44|0x00000000e2c00000, 0x00000000e2c00000, 0x00000000e2d00000|  0%| F|  |TAMS 0x00000000e2c00000| PB 0x00000000e2c00000| Untracked 
|  45|0x00000000e2d00000, 0x00000000e2d00000, 0x00000000e2e00000|  0%| F|  |TAMS 0x00000000e2d00000| PB 0x00000000e2d00000| Untracked 
|  46|0x00000000e2e00000, 0x00000000e2e00000, 0x00000000e2f00000|  0%| F|  |TAMS 0x00000000e2e00000| PB 0x00000000e2e00000| Untracked 
|  47|0x00000000e2f00000, 0x00000000e2f00000, 0x00000000e3000000|  0%| F|  |TAMS 0x00000000e2f00000| PB 0x00000000e2f00000| Untracked 
|  48|0x00000000e3000000, 0x00000000e3000000, 0x00000000e3100000|  0%| F|  |TAMS 0x00000000e3000000| PB 0x00000000e3000000| Untracked 
|  49|0x00000000e3100000, 0x00000000e3100000, 0x00000000e3200000|  0%| F|  |TAMS 0x00000000e3100000| PB 0x00000000e3100000| Untracked 
|  50|0x00000000e3200000, 0x00000000e3200000, 0x00000000e3300000|  0%| F|  |TAMS 0x00000000e3200000| PB 0x00000000e3200000| Untracked 
|  51|0x00000000e3300000, 0x00000000e3300000, 0x00000000e3400000|  0%| F|  |TAMS 0x00000000e3300000| PB 0x00000000e3300000| Untracked 
|  52|0x00000000e3400000, 0x00000000e3400000, 0x00000000e3500000|  0%| F|  |TAMS 0x00000000e3400000| PB 0x00000000e3400000| Untracked 
|  53|0x00000000e3500000, 0x00000000e3500000, 0x00000000e3600000|  0%| F|  |TAMS 0x00000000e3500000| PB 0x00000000e3500000| Untracked 
|  54|0x00000000e3600000, 0x00000000e3600000, 0x00000000e3700000|  0%| F|  |TAMS 0x00000000e3600000| PB 0x00000000e3600000| Untracked 
|  55|0x00000000e3700000, 0x00000000e3700000, 0x00000000e3800000|  0%| F|  |TAMS 0x00000000e3700000| PB 0x00000000e3700000| Untracked 
|  56|0x00000000e3800000, 0x00000000e3800000, 0x00000000e3900000|  0%| F|  |TAMS 0x00000000e3800000| PB 0x00000000e3800000| Untracked 
|  57|0x00000000e3900000, 0x00000000e3900000, 0x00000000e3a00000|  0%| F|  |TAMS 0x00000000e3900000| PB 0x00000000e3900000| Untracked 
|  58|0x00000000e3a00000, 0x00000000e3a00000, 0x00000000e3b00000|  0%| F|  |TAMS 0x00000000e3a00000| PB 0x00000000e3a00000| Untracked 
|  59|0x00000000e3b00000, 0x00000000e3b00000, 0x00000000e3c00000|  0%| F|  |TAMS 0x00000000e3b00000| PB 0x00000000e3b00000| Untracked 
|  60|0x00000000e3c00000, 0x00000000e3c00000, 0x00000000e3d00000|  0%| F|  |TAMS 0x00000000e3c00000| PB 0x00000000e3c00000| Untracked 
|  61|0x00000000e3d00000, 0x00000000e3d00000, 0x00000000e3e00000|  0%| F|  |TAMS 0x00000000e3d00000| PB 0x00000000e3d00000| Untracked 
|  62|0x00000000e3e00000, 0x00000000e3e00000, 0x00000000e3f00000|  0%| F|  |TAMS 0x00000000e3e00000| PB 0x00000000e3e00000| Untracked 
|  63|0x00000000e3f00000, 0x00000000e3f00000, 0x00000000e4000000|  0%| F|  |TAMS 0x00000000e3f00000| PB 0x00000000e3f00000| Untracked 
|  64|0x00000000e4000000, 0x00000000e4000000, 0x00000000e4100000|  0%| F|  |TAMS 0x00000000e4000000| PB 0x00000000e4000000| Untracked 
|  65|0x00000000e4100000, 0x00000000e4100000, 0x00000000e4200000|  0%| F|  |TAMS 0x00000000e4100000| PB 0x00000000e4100000| Untracked 
|  66|0x00000000e4200000, 0x00000000e4200000, 0x00000000e4300000|  0%| F|  |TAMS 0x00000000e4200000| PB 0x00000000e4200000| Untracked 
|  67|0x00000000e4300000, 0x00000000e4300000, 0x00000000e4400000|  0%| F|  |TAMS 0x00000000e4300000| PB 0x00000000e4300000| Untracked 
|  68|0x00000000e4400000, 0x00000000e4400000, 0x00000000e4500000|  0%| F|  |TAMS 0x00000000e4400000| PB 0x00000000e4400000| Untracked 
|  69|0x00000000e4500000, 0x00000000e4500000, 0x00000000e4600000|  0%| F|  |TAMS 0x00000000e4500000| PB 0x00000000e4500000| Untracked 
|  70|0x00000000e4600000, 0x00000000e4600000, 0x00000000e4700000|  0%| F|  |TAMS 0x00000000e4600000| PB 0x00000000e4600000| Untracked 
|  71|0x00000000e4700000, 0x00000000e4700000, 0x00000000e4800000|  0%| F|  |TAMS 0x00000000e4700000| PB 0x00000000e4700000| Untracked 
|  72|0x00000000e4800000, 0x00000000e4800000, 0x00000000e4900000|  0%| F|  |TAMS 0x00000000e4800000| PB 0x00000000e4800000| Untracked 
|  73|0x00000000e4900000, 0x00000000e4900000, 0x00000000e4a00000|  0%| F|  |TAMS 0x00000000e4900000| PB 0x00000000e4900000| Untracked 
|  74|0x00000000e4a00000, 0x00000000e4a00000, 0x00000000e4b00000|  0%| F|  |TAMS 0x00000000e4a00000| PB 0x00000000e4a00000| Untracked 
|  75|0x00000000e4b00000, 0x00000000e4b00000, 0x00000000e4c00000|  0%| F|  |TAMS 0x00000000e4b00000| PB 0x00000000e4b00000| Untracked 
|  76|0x00000000e4c00000, 0x00000000e4c00000, 0x00000000e4d00000|  0%| F|  |TAMS 0x00000000e4c00000| PB 0x00000000e4c00000| Untracked 
|  77|0x00000000e4d00000, 0x00000000e4d00000, 0x00000000e4e00000|  0%| F|  |TAMS 0x00000000e4d00000| PB 0x00000000e4d00000| Untracked 
|  78|0x00000000e4e00000, 0x00000000e4e00000, 0x00000000e4f00000|  0%| F|  |TAMS 0x00000000e4e00000| PB 0x00000000e4e00000| Untracked 
|  79|0x00000000e4f00000, 0x00000000e4f00000, 0x00000000e5000000|  0%| F|  |TAMS 0x00000000e4f00000| PB 0x00000000e4f00000| Untracked 
|  80|0x00000000e5000000, 0x00000000e5000000, 0x00000000e5100000|  0%| F|  |TAMS 0x00000000e5000000| PB 0x00000000e5000000| Untracked 
|  81|0x00000000e5100000, 0x00000000e5100000, 0x00000000e5200000|  0%| F|  |TAMS 0x00000000e5100000| PB 0x00000000e5100000| Untracked 
|  82|0x00000000e5200000, 0x00000000e5200000, 0x00000000e5300000|  0%| F|  |TAMS 0x00000000e5200000| PB 0x00000000e5200000| Untracked 
|  83|0x00000000e5300000, 0x00000000e5300000, 0x00000000e5400000|  0%| F|  |TAMS 0x00000000e5300000| PB 0x00000000e5300000| Untracked 
|  84|0x00000000e5400000, 0x00000000e5400000, 0x00000000e5500000|  0%| F|  |TAMS 0x00000000e5400000| PB 0x00000000e5400000| Untracked 
|  85|0x00000000e5500000, 0x00000000e55cf380, 0x00000000e5600000| 80%| S|CS|TAMS 0x00000000e5500000| PB 0x00000000e5500000| Complete 
|  86|0x00000000e5600000, 0x00000000e5700000, 0x00000000e5700000|100%| S|CS|TAMS 0x00000000e5600000| PB 0x00000000e5600000| Complete 
|  87|0x00000000e5700000, 0x00000000e5800000, 0x00000000e5800000|100%| S|CS|TAMS 0x00000000e5700000| PB 0x00000000e5700000| Complete 
|  88|0x00000000e5800000, 0x00000000e5900000, 0x00000000e5900000|100%| S|CS|TAMS 0x00000000e5800000| PB 0x00000000e5800000| Complete 
|  89|0x00000000e5900000, 0x00000000e5a00000, 0x00000000e5a00000|100%| S|CS|TAMS 0x00000000e5900000| PB 0x00000000e5900000| Complete 
|  90|0x00000000e5a00000, 0x00000000e5b00000, 0x00000000e5b00000|100%| S|CS|TAMS 0x00000000e5a00000| PB 0x00000000e5a00000| Complete 
|  91|0x00000000e5b00000, 0x00000000e5c00000, 0x00000000e5c00000|100%| S|CS|TAMS 0x00000000e5b00000| PB 0x00000000e5b00000| Complete 
|  92|0x00000000e5c00000, 0x00000000e5d00000, 0x00000000e5d00000|100%| S|CS|TAMS 0x00000000e5c00000| PB 0x00000000e5c00000| Complete 
|  93|0x00000000e5d00000, 0x00000000e5e00000, 0x00000000e5e00000|100%| S|CS|TAMS 0x00000000e5d00000| PB 0x00000000e5d00000| Complete 
|  94|0x00000000e5e00000, 0x00000000e5f00000, 0x00000000e5f00000|100%| S|CS|TAMS 0x00000000e5e00000| PB 0x00000000e5e00000| Complete 
|  95|0x00000000e5f00000, 0x00000000e6000000, 0x00000000e6000000|100%| S|CS|TAMS 0x00000000e5f00000| PB 0x00000000e5f00000| Complete 
|  96|0x00000000e6000000, 0x00000000e6100000, 0x00000000e6100000|100%| S|CS|TAMS 0x00000000e6000000| PB 0x00000000e6000000| Complete 
|  97|0x00000000e6100000, 0x00000000e6200000, 0x00000000e6200000|100%| S|CS|TAMS 0x00000000e6100000| PB 0x00000000e6100000| Complete 
|  98|0x00000000e6200000, 0x00000000e6300000, 0x00000000e6300000|100%| S|CS|TAMS 0x00000000e6200000| PB 0x00000000e6200000| Complete 
|  99|0x00000000e6300000, 0x00000000e6400000, 0x00000000e6400000|100%| S|CS|TAMS 0x00000000e6300000| PB 0x00000000e6300000| Complete 
| 100|0x00000000e6400000, 0x00000000e6500000, 0x00000000e6500000|100%| S|CS|TAMS 0x00000000e6400000| PB 0x00000000e6400000| Complete 
| 101|0x00000000e6500000, 0x00000000e6600000, 0x00000000e6600000|100%| S|CS|TAMS 0x00000000e6500000| PB 0x00000000e6500000| Complete 
| 102|0x00000000e6600000, 0x00000000e6700000, 0x00000000e6700000|100%| S|CS|TAMS 0x00000000e6600000| PB 0x00000000e6600000| Complete 
| 103|0x00000000e6700000, 0x00000000e6700000, 0x00000000e6800000|  0%| F|  |TAMS 0x00000000e6700000| PB 0x00000000e6700000| Untracked 
| 104|0x00000000e6800000, 0x00000000e6800000, 0x00000000e6900000|  0%| F|  |TAMS 0x00000000e6800000| PB 0x00000000e6800000| Untracked 
| 105|0x00000000e6900000, 0x00000000e6900000, 0x00000000e6a00000|  0%| F|  |TAMS 0x00000000e6900000| PB 0x00000000e6900000| Untracked 
| 106|0x00000000e6a00000, 0x00000000e6a00000, 0x00000000e6b00000|  0%| F|  |TAMS 0x00000000e6a00000| PB 0x00000000e6a00000| Untracked 
| 107|0x00000000e6b00000, 0x00000000e6b00000, 0x00000000e6c00000|  0%| F|  |TAMS 0x00000000e6b00000| PB 0x00000000e6b00000| Untracked 
| 108|0x00000000e6c00000, 0x00000000e6c00000, 0x00000000e6d00000|  0%| F|  |TAMS 0x00000000e6c00000| PB 0x00000000e6c00000| Untracked 
| 109|0x00000000e6d00000, 0x00000000e6d00000, 0x00000000e6e00000|  0%| F|  |TAMS 0x00000000e6d00000| PB 0x00000000e6d00000| Untracked 
| 110|0x00000000e6e00000, 0x00000000e6e00000, 0x00000000e6f00000|  0%| F|  |TAMS 0x00000000e6e00000| PB 0x00000000e6e00000| Untracked 
| 111|0x00000000e6f00000, 0x00000000e6f00000, 0x00000000e7000000|  0%| F|  |TAMS 0x00000000e6f00000| PB 0x00000000e6f00000| Untracked 
| 112|0x00000000e7000000, 0x00000000e7000000, 0x00000000e7100000|  0%| F|  |TAMS 0x00000000e7000000| PB 0x00000000e7000000| Untracked 
| 113|0x00000000e7100000, 0x00000000e7100000, 0x00000000e7200000|  0%| F|  |TAMS 0x00000000e7100000| PB 0x00000000e7100000| Untracked 
| 114|0x00000000e7200000, 0x00000000e7200000, 0x00000000e7300000|  0%| F|  |TAMS 0x00000000e7200000| PB 0x00000000e7200000| Untracked 
| 115|0x00000000e7300000, 0x00000000e7300000, 0x00000000e7400000|  0%| F|  |TAMS 0x00000000e7300000| PB 0x00000000e7300000| Untracked 
| 116|0x00000000e7400000, 0x00000000e7400000, 0x00000000e7500000|  0%| F|  |TAMS 0x00000000e7400000| PB 0x00000000e7400000| Untracked 
| 117|0x00000000e7500000, 0x00000000e7500000, 0x00000000e7600000|  0%| F|  |TAMS 0x00000000e7500000| PB 0x00000000e7500000| Untracked 
| 118|0x00000000e7600000, 0x00000000e7600000, 0x00000000e7700000|  0%| F|  |TAMS 0x00000000e7600000| PB 0x00000000e7600000| Untracked 
| 119|0x00000000e7700000, 0x00000000e7700000, 0x00000000e7800000|  0%| F|  |TAMS 0x00000000e7700000| PB 0x00000000e7700000| Untracked 
| 120|0x00000000e7800000, 0x00000000e7800000, 0x00000000e7900000|  0%| F|  |TAMS 0x00000000e7800000| PB 0x00000000e7800000| Untracked 
| 121|0x00000000e7900000, 0x00000000e7900000, 0x00000000e7a00000|  0%| F|  |TAMS 0x00000000e7900000| PB 0x00000000e7900000| Untracked 
| 122|0x00000000e7a00000, 0x00000000e7a00000, 0x00000000e7b00000|  0%| F|  |TAMS 0x00000000e7a00000| PB 0x00000000e7a00000| Untracked 
| 123|0x00000000e7b00000, 0x00000000e7b00000, 0x00000000e7c00000|  0%| F|  |TAMS 0x00000000e7b00000| PB 0x00000000e7b00000| Untracked 
| 124|0x00000000e7c00000, 0x00000000e7c00000, 0x00000000e7d00000|  0%| F|  |TAMS 0x00000000e7c00000| PB 0x00000000e7c00000| Untracked 
| 125|0x00000000e7d00000, 0x00000000e7d00000, 0x00000000e7e00000|  0%| F|  |TAMS 0x00000000e7d00000| PB 0x00000000e7d00000| Untracked 
| 126|0x00000000e7e00000, 0x00000000e7e00000, 0x00000000e7f00000|  0%| F|  |TAMS 0x00000000e7e00000| PB 0x00000000e7e00000| Untracked 
| 127|0x00000000e7f00000, 0x00000000e7f00000, 0x00000000e8000000|  0%| F|  |TAMS 0x00000000e7f00000| PB 0x00000000e7f00000| Untracked 
| 128|0x00000000e8000000, 0x00000000e8000000, 0x00000000e8100000|  0%| F|  |TAMS 0x00000000e8000000| PB 0x00000000e8000000| Untracked 
| 129|0x00000000e8100000, 0x00000000e8100000, 0x00000000e8200000|  0%| F|  |TAMS 0x00000000e8100000| PB 0x00000000e8100000| Untracked 
| 130|0x00000000e8200000, 0x00000000e8200000, 0x00000000e8300000|  0%| F|  |TAMS 0x00000000e8200000| PB 0x00000000e8200000| Untracked 
| 131|0x00000000e8300000, 0x00000000e8300000, 0x00000000e8400000|  0%| F|  |TAMS 0x00000000e8300000| PB 0x00000000e8300000| Untracked 
| 132|0x00000000e8400000, 0x00000000e8400000, 0x00000000e8500000|  0%| F|  |TAMS 0x00000000e8400000| PB 0x00000000e8400000| Untracked 
| 133|0x00000000e8500000, 0x00000000e8500000, 0x00000000e8600000|  0%| F|  |TAMS 0x00000000e8500000| PB 0x00000000e8500000| Untracked 
| 134|0x00000000e8600000, 0x00000000e8600000, 0x00000000e8700000|  0%| F|  |TAMS 0x00000000e8600000| PB 0x00000000e8600000| Untracked 
| 135|0x00000000e8700000, 0x00000000e8700000, 0x00000000e8800000|  0%| F|  |TAMS 0x00000000e8700000| PB 0x00000000e8700000| Untracked 
| 136|0x00000000e8800000, 0x00000000e8800000, 0x00000000e8900000|  0%| F|  |TAMS 0x00000000e8800000| PB 0x00000000e8800000| Untracked 
| 137|0x00000000e8900000, 0x00000000e8900000, 0x00000000e8a00000|  0%| F|  |TAMS 0x00000000e8900000| PB 0x00000000e8900000| Untracked 
| 138|0x00000000e8a00000, 0x00000000e8a00000, 0x00000000e8b00000|  0%| F|  |TAMS 0x00000000e8a00000| PB 0x00000000e8a00000| Untracked 
| 139|0x00000000e8b00000, 0x00000000e8b00000, 0x00000000e8c00000|  0%| F|  |TAMS 0x00000000e8b00000| PB 0x00000000e8b00000| Untracked 
| 140|0x00000000e8c00000, 0x00000000e8c00000, 0x00000000e8d00000|  0%| F|  |TAMS 0x00000000e8c00000| PB 0x00000000e8c00000| Untracked 
| 141|0x00000000e8d00000, 0x00000000e8d00000, 0x00000000e8e00000|  0%| F|  |TAMS 0x00000000e8d00000| PB 0x00000000e8d00000| Untracked 
| 142|0x00000000e8e00000, 0x00000000e8e00000, 0x00000000e8f00000|  0%| F|  |TAMS 0x00000000e8e00000| PB 0x00000000e8e00000| Untracked 
| 143|0x00000000e8f00000, 0x00000000e8f00000, 0x00000000e9000000|  0%| F|  |TAMS 0x00000000e8f00000| PB 0x00000000e8f00000| Untracked 
| 144|0x00000000e9000000, 0x00000000e9000000, 0x00000000e9100000|  0%| F|  |TAMS 0x00000000e9000000| PB 0x00000000e9000000| Untracked 
| 145|0x00000000e9100000, 0x00000000e9100000, 0x00000000e9200000|  0%| F|  |TAMS 0x00000000e9100000| PB 0x00000000e9100000| Untracked 
| 146|0x00000000e9200000, 0x00000000e9200000, 0x00000000e9300000|  0%| F|  |TAMS 0x00000000e9200000| PB 0x00000000e9200000| Untracked 
| 147|0x00000000e9300000, 0x00000000e9300000, 0x00000000e9400000|  0%| F|  |TAMS 0x00000000e9300000| PB 0x00000000e9300000| Untracked 
| 148|0x00000000e9400000, 0x00000000e9400000, 0x00000000e9500000|  0%| F|  |TAMS 0x00000000e9400000| PB 0x00000000e9400000| Untracked 
| 149|0x00000000e9500000, 0x00000000e9500000, 0x00000000e9600000|  0%| F|  |TAMS 0x00000000e9500000| PB 0x00000000e9500000| Untracked 
| 150|0x00000000e9600000, 0x00000000e9600000, 0x00000000e9700000|  0%| F|  |TAMS 0x00000000e9600000| PB 0x00000000e9600000| Untracked 
| 151|0x00000000e9700000, 0x00000000e9700000, 0x00000000e9800000|  0%| F|  |TAMS 0x00000000e9700000| PB 0x00000000e9700000| Untracked 
| 152|0x00000000e9800000, 0x00000000e9800000, 0x00000000e9900000|  0%| F|  |TAMS 0x00000000e9800000| PB 0x00000000e9800000| Untracked 
| 153|0x00000000e9900000, 0x00000000e9900000, 0x00000000e9a00000|  0%| F|  |TAMS 0x00000000e9900000| PB 0x00000000e9900000| Untracked 
| 154|0x00000000e9a00000, 0x00000000e9a00000, 0x00000000e9b00000|  0%| F|  |TAMS 0x00000000e9a00000| PB 0x00000000e9a00000| Untracked 
| 155|0x00000000e9b00000, 0x00000000e9b00000, 0x00000000e9c00000|  0%| F|  |TAMS 0x00000000e9b00000| PB 0x00000000e9b00000| Untracked 
| 156|0x00000000e9c00000, 0x00000000e9c00000, 0x00000000e9d00000|  0%| F|  |TAMS 0x00000000e9c00000| PB 0x00000000e9c00000| Untracked 
| 157|0x00000000e9d00000, 0x00000000e9d00000, 0x00000000e9e00000|  0%| F|  |TAMS 0x00000000e9d00000| PB 0x00000000e9d00000| Untracked 
| 158|0x00000000e9e00000, 0x00000000e9e00000, 0x00000000e9f00000|  0%| F|  |TAMS 0x00000000e9e00000| PB 0x00000000e9e00000| Untracked 
| 159|0x00000000e9f00000, 0x00000000e9f00000, 0x00000000ea000000|  0%| F|  |TAMS 0x00000000e9f00000| PB 0x00000000e9f00000| Untracked 
| 160|0x00000000ea000000, 0x00000000ea000000, 0x00000000ea100000|  0%| F|  |TAMS 0x00000000ea000000| PB 0x00000000ea000000| Untracked 
| 161|0x00000000ea100000, 0x00000000ea100000, 0x00000000ea200000|  0%| F|  |TAMS 0x00000000ea100000| PB 0x00000000ea100000| Untracked 
| 162|0x00000000ea200000, 0x00000000ea200000, 0x00000000ea300000|  0%| F|  |TAMS 0x00000000ea200000| PB 0x00000000ea200000| Untracked 
| 163|0x00000000ea300000, 0x00000000ea300000, 0x00000000ea400000|  0%| F|  |TAMS 0x00000000ea300000| PB 0x00000000ea300000| Untracked 
| 164|0x00000000ea400000, 0x00000000ea400000, 0x00000000ea500000|  0%| F|  |TAMS 0x00000000ea400000| PB 0x00000000ea400000| Untracked 
| 165|0x00000000ea500000, 0x00000000ea500000, 0x00000000ea600000|  0%| F|  |TAMS 0x00000000ea500000| PB 0x00000000ea500000| Untracked 
| 166|0x00000000ea600000, 0x00000000ea600000, 0x00000000ea700000|  0%| F|  |TAMS 0x00000000ea600000| PB 0x00000000ea600000| Untracked 
| 167|0x00000000ea700000, 0x00000000ea700000, 0x00000000ea800000|  0%| F|  |TAMS 0x00000000ea700000| PB 0x00000000ea700000| Untracked 
| 168|0x00000000ea800000, 0x00000000ea800000, 0x00000000ea900000|  0%| F|  |TAMS 0x00000000ea800000| PB 0x00000000ea800000| Untracked 
| 169|0x00000000ea900000, 0x00000000ea900000, 0x00000000eaa00000|  0%| F|  |TAMS 0x00000000ea900000| PB 0x00000000ea900000| Untracked 
| 170|0x00000000eaa00000, 0x00000000eaa00000, 0x00000000eab00000|  0%| F|  |TAMS 0x00000000eaa00000| PB 0x00000000eaa00000| Untracked 
| 171|0x00000000eab00000, 0x00000000eab00000, 0x00000000eac00000|  0%| F|  |TAMS 0x00000000eab00000| PB 0x00000000eab00000| Untracked 
| 172|0x00000000eac00000, 0x00000000eac00000, 0x00000000ead00000|  0%| F|  |TAMS 0x00000000eac00000| PB 0x00000000eac00000| Untracked 
| 173|0x00000000ead00000, 0x00000000ead00000, 0x00000000eae00000|  0%| F|  |TAMS 0x00000000ead00000| PB 0x00000000ead00000| Untracked 
| 174|0x00000000eae00000, 0x00000000eae00000, 0x00000000eaf00000|  0%| F|  |TAMS 0x00000000eae00000| PB 0x00000000eae00000| Untracked 
| 175|0x00000000eaf00000, 0x00000000eaf00000, 0x00000000eb000000|  0%| F|  |TAMS 0x00000000eaf00000| PB 0x00000000eaf00000| Untracked 
| 176|0x00000000eb000000, 0x00000000eb000000, 0x00000000eb100000|  0%| F|  |TAMS 0x00000000eb000000| PB 0x00000000eb000000| Untracked 
| 177|0x00000000eb100000, 0x00000000eb100000, 0x00000000eb200000|  0%| F|  |TAMS 0x00000000eb100000| PB 0x00000000eb100000| Untracked 
| 178|0x00000000eb200000, 0x00000000eb200000, 0x00000000eb300000|  0%| F|  |TAMS 0x00000000eb200000| PB 0x00000000eb200000| Untracked 
| 179|0x00000000eb300000, 0x00000000eb300000, 0x00000000eb400000|  0%| F|  |TAMS 0x00000000eb300000| PB 0x00000000eb300000| Untracked 
| 180|0x00000000eb400000, 0x00000000eb400000, 0x00000000eb500000|  0%| F|  |TAMS 0x00000000eb400000| PB 0x00000000eb400000| Untracked 
| 181|0x00000000eb500000, 0x00000000eb500000, 0x00000000eb600000|  0%| F|  |TAMS 0x00000000eb500000| PB 0x00000000eb500000| Untracked 
| 182|0x00000000eb600000, 0x00000000eb600000, 0x00000000eb700000|  0%| F|  |TAMS 0x00000000eb600000| PB 0x00000000eb600000| Untracked 
| 183|0x00000000eb700000, 0x00000000eb700000, 0x00000000eb800000|  0%| F|  |TAMS 0x00000000eb700000| PB 0x00000000eb700000| Untracked 
| 184|0x00000000eb800000, 0x00000000eb800000, 0x00000000eb900000|  0%| F|  |TAMS 0x00000000eb800000| PB 0x00000000eb800000| Untracked 
| 185|0x00000000eb900000, 0x00000000eb900000, 0x00000000eba00000|  0%| F|  |TAMS 0x00000000eb900000| PB 0x00000000eb900000| Untracked 
| 186|0x00000000eba00000, 0x00000000eba00000, 0x00000000ebb00000|  0%| F|  |TAMS 0x00000000eba00000| PB 0x00000000eba00000| Untracked 
| 187|0x00000000ebb00000, 0x00000000ebb00000, 0x00000000ebc00000|  0%| F|  |TAMS 0x00000000ebb00000| PB 0x00000000ebb00000| Untracked 
| 188|0x00000000ebc00000, 0x00000000ebc00000, 0x00000000ebd00000|  0%| F|  |TAMS 0x00000000ebc00000| PB 0x00000000ebc00000| Untracked 
| 189|0x00000000ebd00000, 0x00000000ebd00000, 0x00000000ebe00000|  0%| F|  |TAMS 0x00000000ebd00000| PB 0x00000000ebd00000| Untracked 
| 190|0x00000000ebe00000, 0x00000000ebe00000, 0x00000000ebf00000|  0%| F|  |TAMS 0x00000000ebe00000| PB 0x00000000ebe00000| Untracked 
| 191|0x00000000ebf00000, 0x00000000ebf00000, 0x00000000ec000000|  0%| F|  |TAMS 0x00000000ebf00000| PB 0x00000000ebf00000| Untracked 
| 192|0x00000000ec000000, 0x00000000ec000000, 0x00000000ec100000|  0%| F|  |TAMS 0x00000000ec000000| PB 0x00000000ec000000| Untracked 
| 193|0x00000000ec100000, 0x00000000ec100000, 0x00000000ec200000|  0%| F|  |TAMS 0x00000000ec100000| PB 0x00000000ec100000| Untracked 
| 194|0x00000000ec200000, 0x00000000ec200000, 0x00000000ec300000|  0%| F|  |TAMS 0x00000000ec200000| PB 0x00000000ec200000| Untracked 
| 195|0x00000000ec300000, 0x00000000ec300000, 0x00000000ec400000|  0%| F|  |TAMS 0x00000000ec300000| PB 0x00000000ec300000| Untracked 
| 196|0x00000000ec400000, 0x00000000ec400000, 0x00000000ec500000|  0%| F|  |TAMS 0x00000000ec400000| PB 0x00000000ec400000| Untracked 
| 197|0x00000000ec500000, 0x00000000ec500000, 0x00000000ec600000|  0%| F|  |TAMS 0x00000000ec500000| PB 0x00000000ec500000| Untracked 
| 198|0x00000000ec600000, 0x00000000ec600000, 0x00000000ec700000|  0%| F|  |TAMS 0x00000000ec600000| PB 0x00000000ec600000| Untracked 
| 199|0x00000000ec700000, 0x00000000ec700000, 0x00000000ec800000|  0%| F|  |TAMS 0x00000000ec700000| PB 0x00000000ec700000| Untracked 
| 200|0x00000000ec800000, 0x00000000ec800000, 0x00000000ec900000|  0%| F|  |TAMS 0x00000000ec800000| PB 0x00000000ec800000| Untracked 
| 201|0x00000000ec900000, 0x00000000ec900000, 0x00000000eca00000|  0%| F|  |TAMS 0x00000000ec900000| PB 0x00000000ec900000| Untracked 
| 202|0x00000000eca00000, 0x00000000eca00000, 0x00000000ecb00000|  0%| F|  |TAMS 0x00000000eca00000| PB 0x00000000eca00000| Untracked 
| 203|0x00000000ecb00000, 0x00000000ecb00000, 0x00000000ecc00000|  0%| F|  |TAMS 0x00000000ecb00000| PB 0x00000000ecb00000| Untracked 
| 204|0x00000000ecc00000, 0x00000000ecc00000, 0x00000000ecd00000|  0%| F|  |TAMS 0x00000000ecc00000| PB 0x00000000ecc00000| Untracked 
| 205|0x00000000ecd00000, 0x00000000ecd00000, 0x00000000ece00000|  0%| F|  |TAMS 0x00000000ecd00000| PB 0x00000000ecd00000| Untracked 
| 206|0x00000000ece00000, 0x00000000ece00000, 0x00000000ecf00000|  0%| F|  |TAMS 0x00000000ece00000| PB 0x00000000ece00000| Untracked 
| 207|0x00000000ecf00000, 0x00000000ecf00000, 0x00000000ed000000|  0%| F|  |TAMS 0x00000000ecf00000| PB 0x00000000ecf00000| Untracked 
| 208|0x00000000ed000000, 0x00000000ed000000, 0x00000000ed100000|  0%| F|  |TAMS 0x00000000ed000000| PB 0x00000000ed000000| Untracked 
| 209|0x00000000ed100000, 0x00000000ed100000, 0x00000000ed200000|  0%| F|  |TAMS 0x00000000ed100000| PB 0x00000000ed100000| Untracked 
| 210|0x00000000ed200000, 0x00000000ed200000, 0x00000000ed300000|  0%| F|  |TAMS 0x00000000ed200000| PB 0x00000000ed200000| Untracked 
| 211|0x00000000ed300000, 0x00000000ed300000, 0x00000000ed400000|  0%| F|  |TAMS 0x00000000ed300000| PB 0x00000000ed300000| Untracked 
| 212|0x00000000ed400000, 0x00000000ed400000, 0x00000000ed500000|  0%| F|  |TAMS 0x00000000ed400000| PB 0x00000000ed400000| Untracked 
| 213|0x00000000ed500000, 0x00000000ed500000, 0x00000000ed600000|  0%| F|  |TAMS 0x00000000ed500000| PB 0x00000000ed500000| Untracked 
| 214|0x00000000ed600000, 0x00000000ed600000, 0x00000000ed700000|  0%| F|  |TAMS 0x00000000ed600000| PB 0x00000000ed600000| Untracked 
| 215|0x00000000ed700000, 0x00000000ed700000, 0x00000000ed800000|  0%| F|  |TAMS 0x00000000ed700000| PB 0x00000000ed700000| Untracked 
| 216|0x00000000ed800000, 0x00000000ed800000, 0x00000000ed900000|  0%| F|  |TAMS 0x00000000ed800000| PB 0x00000000ed800000| Untracked 
| 217|0x00000000ed900000, 0x00000000ed900000, 0x00000000eda00000|  0%| F|  |TAMS 0x00000000ed900000| PB 0x00000000ed900000| Untracked 
| 218|0x00000000eda00000, 0x00000000eda00000, 0x00000000edb00000|  0%| F|  |TAMS 0x00000000eda00000| PB 0x00000000eda00000| Untracked 
| 219|0x00000000edb00000, 0x00000000edb00000, 0x00000000edc00000|  0%| F|  |TAMS 0x00000000edb00000| PB 0x00000000edb00000| Untracked 
| 220|0x00000000edc00000, 0x00000000edc00000, 0x00000000edd00000|  0%| F|  |TAMS 0x00000000edc00000| PB 0x00000000edc00000| Untracked 
| 221|0x00000000edd00000, 0x00000000edd00000, 0x00000000ede00000|  0%| F|  |TAMS 0x00000000edd00000| PB 0x00000000edd00000| Untracked 
| 222|0x00000000ede00000, 0x00000000ede00000, 0x00000000edf00000|  0%| F|  |TAMS 0x00000000ede00000| PB 0x00000000ede00000| Untracked 
| 223|0x00000000edf00000, 0x00000000edf00000, 0x00000000ee000000|  0%| F|  |TAMS 0x00000000edf00000| PB 0x00000000edf00000| Untracked 
| 224|0x00000000ee000000, 0x00000000ee000000, 0x00000000ee100000|  0%| F|  |TAMS 0x00000000ee000000| PB 0x00000000ee000000| Untracked 
| 225|0x00000000ee100000, 0x00000000ee100000, 0x00000000ee200000|  0%| F|  |TAMS 0x00000000ee100000| PB 0x00000000ee100000| Untracked 
| 226|0x00000000ee200000, 0x00000000ee200000, 0x00000000ee300000|  0%| F|  |TAMS 0x00000000ee200000| PB 0x00000000ee200000| Untracked 
| 227|0x00000000ee300000, 0x00000000ee300000, 0x00000000ee400000|  0%| F|  |TAMS 0x00000000ee300000| PB 0x00000000ee300000| Untracked 
| 228|0x00000000ee400000, 0x00000000ee400000, 0x00000000ee500000|  0%| F|  |TAMS 0x00000000ee400000| PB 0x00000000ee400000| Untracked 
| 229|0x00000000ee500000, 0x00000000ee500000, 0x00000000ee600000|  0%| F|  |TAMS 0x00000000ee500000| PB 0x00000000ee500000| Untracked 
| 230|0x00000000ee600000, 0x00000000ee600000, 0x00000000ee700000|  0%| F|  |TAMS 0x00000000ee600000| PB 0x00000000ee600000| Untracked 
| 231|0x00000000ee700000, 0x00000000ee700000, 0x00000000ee800000|  0%| F|  |TAMS 0x00000000ee700000| PB 0x00000000ee700000| Untracked 
| 232|0x00000000ee800000, 0x00000000ee800000, 0x00000000ee900000|  0%| F|  |TAMS 0x00000000ee800000| PB 0x00000000ee800000| Untracked 
| 233|0x00000000ee900000, 0x00000000ee900000, 0x00000000eea00000|  0%| F|  |TAMS 0x00000000ee900000| PB 0x00000000ee900000| Untracked 
| 234|0x00000000eea00000, 0x00000000eea00000, 0x00000000eeb00000|  0%| F|  |TAMS 0x00000000eea00000| PB 0x00000000eea00000| Untracked 
| 235|0x00000000eeb00000, 0x00000000eeb00000, 0x00000000eec00000|  0%| F|  |TAMS 0x00000000eeb00000| PB 0x00000000eeb00000| Untracked 
| 236|0x00000000eec00000, 0x00000000eec00000, 0x00000000eed00000|  0%| F|  |TAMS 0x00000000eec00000| PB 0x00000000eec00000| Untracked 
| 237|0x00000000eed00000, 0x00000000eed00000, 0x00000000eee00000|  0%| F|  |TAMS 0x00000000eed00000| PB 0x00000000eed00000| Untracked 
| 238|0x00000000eee00000, 0x00000000eee00000, 0x00000000eef00000|  0%| F|  |TAMS 0x00000000eee00000| PB 0x00000000eee00000| Untracked 
| 239|0x00000000eef00000, 0x00000000eef00000, 0x00000000ef000000|  0%| F|  |TAMS 0x00000000eef00000| PB 0x00000000eef00000| Untracked 
| 240|0x00000000ef000000, 0x00000000ef000000, 0x00000000ef100000|  0%| F|  |TAMS 0x00000000ef000000| PB 0x00000000ef000000| Untracked 
| 241|0x00000000ef100000, 0x00000000ef100000, 0x00000000ef200000|  0%| F|  |TAMS 0x00000000ef100000| PB 0x00000000ef100000| Untracked 
| 242|0x00000000ef200000, 0x00000000ef200000, 0x00000000ef300000|  0%| F|  |TAMS 0x00000000ef200000| PB 0x00000000ef200000| Untracked 
| 243|0x00000000ef300000, 0x00000000ef300000, 0x00000000ef400000|  0%| F|  |TAMS 0x00000000ef300000| PB 0x00000000ef300000| Untracked 
| 244|0x00000000ef400000, 0x00000000ef400000, 0x00000000ef500000|  0%| F|  |TAMS 0x00000000ef400000| PB 0x00000000ef400000| Untracked 
| 245|0x00000000ef500000, 0x00000000ef500000, 0x00000000ef600000|  0%| F|  |TAMS 0x00000000ef500000| PB 0x00000000ef500000| Untracked 
| 246|0x00000000ef600000, 0x00000000ef600000, 0x00000000ef700000|  0%| F|  |TAMS 0x00000000ef600000| PB 0x00000000ef600000| Untracked 
| 247|0x00000000ef700000, 0x00000000ef780000, 0x00000000ef800000| 50%| E|  |TAMS 0x00000000ef700000| PB 0x00000000ef700000| Complete 
| 248|0x00000000ef800000, 0x00000000ef900000, 0x00000000ef900000|100%| E|CS|TAMS 0x00000000ef800000| PB 0x00000000ef800000| Complete 
| 249|0x00000000ef900000, 0x00000000efa00000, 0x00000000efa00000|100%| E|CS|TAMS 0x00000000ef900000| PB 0x00000000ef900000| Complete 
| 250|0x00000000efa00000, 0x00000000efb00000, 0x00000000efb00000|100%| E|CS|TAMS 0x00000000efa00000| PB 0x00000000efa00000| Complete 
| 251|0x00000000efb00000, 0x00000000efc00000, 0x00000000efc00000|100%| E|CS|TAMS 0x00000000efb00000| PB 0x00000000efb00000| Complete 
| 252|0x00000000efc00000, 0x00000000efd00000, 0x00000000efd00000|100%| E|CS|TAMS 0x00000000efc00000| PB 0x00000000efc00000| Complete 
| 253|0x00000000efd00000, 0x00000000efe00000, 0x00000000efe00000|100%| E|CS|TAMS 0x00000000efd00000| PB 0x00000000efd00000| Complete 
| 254|0x00000000efe00000, 0x00000000eff00000, 0x00000000eff00000|100%| E|CS|TAMS 0x00000000efe00000| PB 0x00000000efe00000| Complete 
| 255|0x00000000eff00000, 0x00000000f0000000, 0x00000000f0000000|100%| E|CS|TAMS 0x00000000eff00000| PB 0x00000000eff00000| Complete 

Card table byte_map: [0x000001fbfda10000,0x000001fbfdb10000] _byte_map_base: 0x000001fbfd310000

Marking Bits: (CMBitMap*) 0x000001fbfd108400
 Bits: [0x000001fbfdb10000, 0x000001fbfe310000)

Polling page: 0x000001fbfae60000

Metaspace:

Usage:
  Non-class:     41.67 MB used.
      Class:      7.45 MB used.
       Both:     49.12 MB used.

Virtual space:
  Non-class space:       64.00 MB reserved,      42.69 MB ( 67%) committed,  1 nodes.
      Class space:      320.00 MB reserved,       8.44 MB (  3%) committed,  1 nodes.
             Both:      384.00 MB reserved,      51.12 MB ( 13%) committed. 

Chunk freelists:
   Non-Class:  4.96 MB
       Class:  7.59 MB
        Both:  12.55 MB

MaxMetaspaceSize: 384.00 MB
CompressedClassSpaceSize: 320.00 MB
Initial GC threshold: 21.00 MB
Current GC threshold: 58.69 MB
CDS: on
 - commit_granule_bytes: 65536.
 - commit_granule_words: 8192.
 - virtual_space_node_default_size: 8388608.
 - enlarge_chunks_in_place: 1.
 - use_allocation_guard: 0.


Internal statistics:

num_allocs_failed_limit: 6.
num_arena_births: 3684.
num_arena_deaths: 0.
num_vsnodes_births: 2.
num_vsnodes_deaths: 0.
num_space_committed: 818.
num_space_uncommitted: 0.
num_chunks_returned_to_freelist: 6.
num_chunks_taken_from_freelist: 6302.
num_chunk_merges: 6.
num_chunk_splits: 4014.
num_chunks_enlarged: 2345.
num_inconsistent_stats: 0.

CodeHeap 'non-profiled nmethods': size=119168Kb used=3793Kb max_used=3793Kb free=115374Kb
 bounds [0x000001fb8ace0000, 0x000001fb8b0a0000, 0x000001fb92140000]
CodeHeap 'profiled nmethods': size=119104Kb used=12993Kb max_used=12993Kb free=106110Kb
 bounds [0x000001fb83140000, 0x000001fb83e00000, 0x000001fb8a590000]
CodeHeap 'non-nmethods': size=7488Kb used=2445Kb max_used=3606Kb free=5042Kb
 bounds [0x000001fb8a590000, 0x000001fb8a990000, 0x000001fb8ace0000]
CodeCache: size=245760Kb, used=19231Kb, max_used=20392Kb, free=226526Kb
 total_blobs=7352, nmethods=6596, adapters=659, full_count=0
Compilation: enabled, stopped_count=0, restarted_count=0

Compilation events (20 events):
Event: 93.727 Thread 0x000001fbaf3ffcf0 7001       3       org.gradle.launcher.daemon.registry.DaemonInfo::<init> (39 bytes)
Event: 93.727 Thread 0x000001fbb1152780 nmethod 7000 0x000001fb83ddc810 code [0x000001fb83ddc9c0, 0x000001fb83ddcad8]
Event: 93.727 Thread 0x000001fbb1152780 7002       3       org.gradle.launcher.daemon.registry.DaemonInfo$Serializer::read (77 bytes)
Event: 93.727 Thread 0x000001fbb34f0010 7003       3       org.gradle.launcher.daemon.context.DefaultDaemonContext$Serializer::read (6 bytes)
Event: 93.727 Thread 0x000001fbaf3ffcf0 nmethod 7001 0x000001fb83ddcb90 code [0x000001fb83ddcd60, 0x000001fb83ddd100]
Event: 93.728 Thread 0x000001fbb34f0010 nmethod 7003 0x000001fb83ddd210 code [0x000001fb83ddd3c0, 0x000001fb83ddd500]
Event: 93.728 Thread 0x000001fbaf3ffcf0 7004       3       org.gradle.launcher.daemon.context.DefaultDaemonContext$Serializer::read (229 bytes)
Event: 93.728 Thread 0x000001fbb34f0010 7005       3       org.gradle.launcher.daemon.registry.DaemonInfo::<init> (12 bytes)
Event: 93.728 Thread 0x000001fb9415f800 nmethod 6999 0x000001fb83ddd590 code [0x000001fb83ddd8a0, 0x000001fb83ddebf0]
Event: 93.728 Thread 0x000001fbb34f0010 nmethod 7005 0x000001fb83ddf290 code [0x000001fb83ddf440, 0x000001fb83ddf578]
Event: 93.729 Thread 0x000001fbb1152780 nmethod 7002 0x000001fb83ddf690 code [0x000001fb83ddf8e0, 0x000001fb83de02e0]
Event: 93.732 Thread 0x000001fbaf3ffcf0 nmethod 7004 0x000001fb83de0610 code [0x000001fb83de0a20, 0x000001fb83de2758]
Event: 93.735 Thread 0x000001fb9415cd50 7006       4       org.gradle.internal.serialize.InputStreamBackedDecoder::readString (8 bytes)
Event: 93.736 Thread 0x000001fb9415cd50 nmethod 7006 0x000001fb8b093190 code [0x000001fb8b093320, 0x000001fb8b0933f8]
Event: 93.797 Thread 0x000001fb9415f800 7007       3       sun.nio.ch.FileDispatcherImpl::lock (11 bytes)
Event: 93.797 Thread 0x000001fb9415f800 nmethod 7007 0x000001fb83de3190 code [0x000001fb83de3340, 0x000001fb83de3488]
Event: 94.235 Thread 0x000001fbb1152780 7008       3       sun.nio.ch.FileLockTable::checkList (89 bytes)
Event: 94.236 Thread 0x000001fbb1152780 nmethod 7008 0x000001fb83de3590 code [0x000001fb83de37c0, 0x000001fb83de4008]
Event: 94.413 Thread 0x000001fb9415f800 7009   !   3       sun.nio.ch.FileLockTable::remove (162 bytes)
Event: 94.414 Thread 0x000001fb9415f800 nmethod 7009 0x000001fb83de4290 code [0x000001fb83de44e0, 0x000001fb83de50b8]

GC Heap History (12 events):
Event: 13.334 GC heap before
{Heap before GC invocations=0 (full 0):
 garbage-first heap   total 262144K, used 26624K [0x00000000e0000000, 0x0000000100000000)
  region size 1024K, 23 young (23552K), 0 survivors (0K)
 Metaspace       used 2862K, committed 2944K, reserved 393216K
  class space    used 334K, committed 384K, reserved 327680K
}
Event: 14.077 GC heap after
{Heap after GC invocations=1 (full 0):
 garbage-first heap   total 262144K, used 10794K [0x00000000e0000000, 0x0000000100000000)
  region size 1024K, 3 young (3072K), 3 survivors (3072K)
 Metaspace       used 2862K, committed 2944K, reserved 393216K
  class space    used 334K, committed 384K, reserved 327680K
}
Event: 27.879 GC heap before
{Heap before GC invocations=1 (full 0):
 garbage-first heap   total 262144K, used 41514K [0x00000000e0000000, 0x0000000100000000)
  region size 1024K, 31 young (31744K), 3 survivors (3072K)
 Metaspace       used 4680K, committed 4864K, reserved 393216K
  class space    used 589K, committed 704K, reserved 327680K
}
Event: 27.885 GC heap after
{Heap after GC invocations=2 (full 0):
 garbage-first heap   total 262144K, used 14330K [0x00000000e0000000, 0x0000000100000000)
  region size 1024K, 3 young (3072K), 3 survivors (3072K)
 Metaspace       used 4680K, committed 4864K, reserved 393216K
  class space    used 589K, committed 704K, reserved 327680K
}
Event: 66.322 GC heap before
{Heap before GC invocations=2 (full 0):
 garbage-first heap   total 262144K, used 90106K [0x00000000e0000000, 0x0000000100000000)
  region size 1024K, 77 young (78848K), 3 survivors (3072K)
 Metaspace       used 16040K, committed 16448K, reserved 393216K
  class space    used 2178K, committed 2368K, reserved 327680K
}
Event: 66.541 GC heap after
{Heap after GC invocations=3 (full 0):
 garbage-first heap   total 262144K, used 22005K [0x00000000e0000000, 0x0000000100000000)
  region size 1024K, 10 young (10240K), 10 survivors (10240K)
 Metaspace       used 16040K, committed 16448K, reserved 393216K
  class space    used 2178K, committed 2368K, reserved 327680K
}
Event: 68.777 GC heap before
{Heap before GC invocations=3 (full 0):
 garbage-first heap   total 262144K, used 55797K [0x00000000e0000000, 0x0000000100000000)
  region size 1024K, 45 young (46080K), 10 survivors (10240K)
 Metaspace       used 20820K, committed 21504K, reserved 393216K
  class space    used 2979K, committed 3328K, reserved 327680K
}
Event: 68.789 GC heap after
{Heap after GC invocations=4 (full 0):
 garbage-first heap   total 262144K, used 24568K [0x00000000e0000000, 0x0000000100000000)
  region size 1024K, 3 young (3072K), 3 survivors (3072K)
 Metaspace       used 20820K, committed 21504K, reserved 393216K
  class space    used 2979K, committed 3328K, reserved 327680K
}
Event: 78.608 GC heap before
{Heap before GC invocations=5 (full 0):
 garbage-first heap   total 262144K, used 124920K [0x00000000e0000000, 0x0000000100000000)
  region size 1024K, 103 young (105472K), 3 survivors (3072K)
 Metaspace       used 34587K, committed 35968K, reserved 393216K
  class space    used 5108K, committed 5824K, reserved 327680K
}
Event: 78.620 GC heap after
{Heap after GC invocations=6 (full 0):
 garbage-first heap   total 262144K, used 30439K [0x00000000e0000000, 0x0000000100000000)
  region size 1024K, 9 young (9216K), 9 survivors (9216K)
 Metaspace       used 34587K, committed 35968K, reserved 393216K
  class space    used 5108K, committed 5824K, reserved 327680K
}
Event: 93.104 GC heap before
{Heap before GC invocations=7 (full 0):
 garbage-first heap   total 262144K, used 176871K [0x00000000e0000000, 0x0000000100000000)
  region size 1024K, 153 young (156672K), 9 survivors (9216K)
 Metaspace       used 49582K, committed 51648K, reserved 393216K
  class space    used 7499K, committed 8512K, reserved 327680K
}
Event: 93.120 GC heap after
{Heap after GC invocations=8 (full 0):
 garbage-first heap   total 262144K, used 40107K [0x00000000e0000000, 0x0000000100000000)
  region size 1024K, 18 young (18432K), 18 survivors (18432K)
 Metaspace       used 49582K, committed 51648K, reserved 393216K
  class space    used 7499K, committed 8512K, reserved 327680K
}

Dll operation events (20 events):
Event: 0.359 Attempting to load shared library C:\Users\Admin\.vscode\extensions\redhat.java-1.56.0-win32-x64\jre\21.0.12.1-win32-x86_64\bin\nio.dll
Event: 0.360 Loaded shared library C:\Users\Admin\.vscode\extensions\redhat.java-1.56.0-win32-x64\jre\21.0.12.1-win32-x86_64\bin\nio.dll
Event: 0.368 Attempting to load shared library C:\Users\Admin\.vscode\extensions\redhat.java-1.56.0-win32-x64\jre\21.0.12.1-win32-x86_64\bin\zip.dll
Event: 0.368 Loaded shared library C:\Users\Admin\.vscode\extensions\redhat.java-1.56.0-win32-x64\jre\21.0.12.1-win32-x86_64\bin\zip.dll
Event: 2.853 Attempting to load shared library C:\Users\Admin\.vscode\extensions\redhat.java-1.56.0-win32-x64\jre\21.0.12.1-win32-x86_64\bin\jimage.dll
Event: 2.853 Loaded shared library C:\Users\Admin\.vscode\extensions\redhat.java-1.56.0-win32-x64\jre\21.0.12.1-win32-x86_64\bin\jimage.dll
Event: 9.696 Attempting to load shared library C:\Users\Admin\.vscode\extensions\redhat.java-1.56.0-win32-x64\jre\21.0.12.1-win32-x86_64\bin\verify.dll
Event: 9.697 Loaded shared library C:\Users\Admin\.vscode\extensions\redhat.java-1.56.0-win32-x64\jre\21.0.12.1-win32-x86_64\bin\verify.dll
Event: 10.983 Attempting to load shared library C:\Users\Admin\.gradle\native\660c5614fbf4a5f2a75b1949f50a0caf5cd603558e7d8a26e50b933a0cfb79d1\windows-amd64\native-platform.dll
Event: 11.033 Loaded shared library C:\Users\Admin\.gradle\native\660c5614fbf4a5f2a75b1949f50a0caf5cd603558e7d8a26e50b933a0cfb79d1\windows-amd64\native-platform.dll
Event: 11.478 Attempting to load shared library C:\Users\Admin\.gradle\native\0.2.8\x86_64-windows-gnu\gradle-fileevents.dll
Event: 11.527 Loaded shared library C:\Users\Admin\.gradle\native\0.2.8\x86_64-windows-gnu\gradle-fileevents.dll
Event: 44.419 Attempting to load shared library C:\Users\Admin\.vscode\extensions\redhat.java-1.56.0-win32-x64\jre\21.0.12.1-win32-x86_64\bin\management.dll
Event: 44.420 Loaded shared library C:\Users\Admin\.vscode\extensions\redhat.java-1.56.0-win32-x64\jre\21.0.12.1-win32-x86_64\bin\management.dll
Event: 44.432 Attempting to load shared library C:\Users\Admin\.vscode\extensions\redhat.java-1.56.0-win32-x64\jre\21.0.12.1-win32-x86_64\bin\management_ext.dll
Event: 44.433 Loaded shared library C:\Users\Admin\.vscode\extensions\redhat.java-1.56.0-win32-x64\jre\21.0.12.1-win32-x86_64\bin\management_ext.dll
Event: 45.318 Attempting to load shared library C:\Users\Admin\.vscode\extensions\redhat.java-1.56.0-win32-x64\jre\21.0.12.1-win32-x86_64\bin\extnet.dll
Event: 45.319 Loaded shared library C:\Users\Admin\.vscode\extensions\redhat.java-1.56.0-win32-x64\jre\21.0.12.1-win32-x86_64\bin\extnet.dll
Event: 61.295 Attempting to load shared library C:\Users\Admin\.vscode\extensions\redhat.java-1.56.0-win32-x64\jre\21.0.12.1-win32-x86_64\bin\sunmscapi.dll
Event: 61.299 Loaded shared library C:\Users\Admin\.vscode\extensions\redhat.java-1.56.0-win32-x64\jre\21.0.12.1-win32-x86_64\bin\sunmscapi.dll

Deoptimization events (20 events):
Event: 93.151 Thread 0x000001fb94c68640 DEOPT PACKING pc=0x000001fb8b0749d4 sp=0x0000002868ff7390
Event: 93.151 Thread 0x000001fb94c68640 DEOPT UNPACKING pc=0x000001fb8a5e4422 sp=0x0000002868ff7320 mode 2
Event: 93.152 Thread 0x000001fb94c68640 Uncommon trap: trap_request=0xffffffde fr.pc=0x000001fb8b0749d4 relative=0x0000000000000294
Event: 93.152 Thread 0x000001fb94c68640 Uncommon trap: reason=class_check action=maybe_recompile pc=0x000001fb8b0749d4 method=java.util.regex.Matcher.search(I)Z @ 121 c2
Event: 93.152 Thread 0x000001fb94c68640 DEOPT PACKING pc=0x000001fb8b0749d4 sp=0x0000002868ff7390
Event: 93.152 Thread 0x000001fb94c68640 DEOPT UNPACKING pc=0x000001fb8a5e4422 sp=0x0000002868ff7320 mode 2
Event: 93.201 Thread 0x000001fb94c68640 Uncommon trap: trap_request=0xffffffde fr.pc=0x000001fb8b0749d4 relative=0x0000000000000294
Event: 93.201 Thread 0x000001fb94c68640 Uncommon trap: reason=class_check action=maybe_recompile pc=0x000001fb8b0749d4 method=java.util.regex.Matcher.search(I)Z @ 121 c2
Event: 93.201 Thread 0x000001fb94c68640 DEOPT PACKING pc=0x000001fb8b0749d4 sp=0x0000002868ff7330
Event: 93.201 Thread 0x000001fb94c68640 DEOPT UNPACKING pc=0x000001fb8a5e4422 sp=0x0000002868ff72c0 mode 2
Event: 93.201 Thread 0x000001fb94c68640 Uncommon trap: trap_request=0xffffffde fr.pc=0x000001fb8b0749d4 relative=0x0000000000000294
Event: 93.201 Thread 0x000001fb94c68640 Uncommon trap: reason=class_check action=maybe_recompile pc=0x000001fb8b0749d4 method=java.util.regex.Matcher.search(I)Z @ 121 c2
Event: 93.201 Thread 0x000001fb94c68640 DEOPT PACKING pc=0x000001fb8b0749d4 sp=0x0000002868ff7330
Event: 93.201 Thread 0x000001fb94c68640 DEOPT UNPACKING pc=0x000001fb8a5e4422 sp=0x0000002868ff72c0 mode 2
Event: 93.250 Thread 0x000001fb94c68640 Uncommon trap: trap_request=0xffffffd6 fr.pc=0x000001fb8ad053ec relative=0x00000000000003ac
Event: 93.250 Thread 0x000001fb94c68640 Uncommon trap: reason=array_check action=maybe_recompile pc=0x000001fb8ad053ec method=java.util.LinkedHashMap.keysToArray([Ljava/lang/Object;Z)[Ljava/lang/Object; @ 67 c2
Event: 93.250 Thread 0x000001fb94c68640 DEOPT PACKING pc=0x000001fb8ad053ec sp=0x0000002868ff6e20
Event: 93.250 Thread 0x000001fb94c68640 DEOPT UNPACKING pc=0x000001fb8a5e4422 sp=0x0000002868ff6dd8 mode 2
Event: 93.419 Thread 0x000001fb94c68640 DEOPT PACKING pc=0x000001fb83d27261 sp=0x0000002868ff1f70
Event: 93.419 Thread 0x000001fb94c68640 DEOPT UNPACKING pc=0x000001fb8a5e4bc2 sp=0x0000002868ff1480 mode 0

Classes loaded (20 events):
Event: 92.223 Loading class jdk/xml/internal/XMLSecurityManager$NameMap
Event: 92.223 Loading class jdk/xml/internal/XMLSecurityManager$NameMap done
Event: 92.223 Loading class com/sun/org/apache/xerces/internal/utils/XMLSecurityPropertyManager
Event: 92.224 Loading class com/sun/org/apache/xerces/internal/utils/XMLSecurityPropertyManager done
Event: 92.224 Loading class com/sun/org/apache/xerces/internal/utils/XMLSecurityPropertyManager$State
Event: 92.224 Loading class com/sun/org/apache/xerces/internal/utils/XMLSecurityPropertyManager$State done
Event: 92.224 Loading class com/sun/org/apache/xerces/internal/utils/XMLSecurityPropertyManager$Property
Event: 92.225 Loading class com/sun/org/apache/xerces/internal/utils/XMLSecurityPropertyManager$Property done
Event: 92.227 Loading class javax/xml/parsers/DocumentBuilderFactory
Event: 92.227 Loading class javax/xml/parsers/DocumentBuilderFactory done
Event: 92.227 Loading class javax/xml/parsers/FactoryFinder
Event: 92.228 Loading class javax/xml/parsers/FactoryFinder done
Event: 92.228 Loading class javax/xml/parsers/FactoryFinder$1
Event: 92.228 Loading class javax/xml/parsers/FactoryFinder$1 done
Event: 92.230 Loading class com/sun/org/apache/xerces/internal/jaxp/DocumentBuilderFactoryImpl
Event: 92.230 Loading class com/sun/org/apache/xerces/internal/jaxp/DocumentBuilderFactoryImpl done
Event: 92.473 Loading class java/util/regex/Pattern$SliceI
Event: 92.473 Loading class java/util/regex/Pattern$SliceI done
Event: 93.191 Loading class java/beans/PropertyChangeListener
Event: 93.192 Loading class java/beans/PropertyChangeListener done

Classes unloaded (0 events):
No events

Classes redefined (0 events):
No events

Internal exceptions (20 events):
Event: 86.975 Thread 0x000001fb94c68640 Exception <a 'java/lang/NoSuchMethodError'{0x00000000ea25c748}: 'java.lang.Object java.lang.invoke.DirectMethodHandle$Holder.invokeStatic(java.lang.Object, long, java.lang.Object)'> (0x00000000ea25c748) 
thrown [s\src\hotspot\share\interpreter\linkResolver.cpp, line 773]
Event: 86.976 Thread 0x000001fb94c68640 Exception <a 'java/lang/NoSuchMethodError'{0x00000000ea263bb8}: 'java.lang.Object java.lang.invoke.DirectMethodHandle$Holder.newInvokeSpecial(java.lang.Object, long)'> (0x00000000ea263bb8) 
thrown [s\src\hotspot\share\interpreter\linkResolver.cpp, line 773]
Event: 86.994 Thread 0x000001fb94c68640 Exception <a 'java/lang/NoSuchMethodError'{0x00000000ea2c22c8}: 'java.lang.Object java.lang.invoke.DirectMethodHandle$Holder.newInvokeSpecial(java.lang.Object, java.lang.Object, java.lang.Object, java.lang.Object, java.lang.Object, long, java.lang.Object)'> (0x00000000ea2c22c8) 
thrown [s\src\hotspot\share\interpreter\linkResolver.cpp, line 773]
Event: 86.995 Thread 0x000001fb94c68640 Exception <a 'java/lang/NoSuchMethodError'{0x00000000ea2caca0}: 'java.lang.Object java.lang.invoke.Invokers$Holder.linkToTargetMethod(java.lang.Object, java.lang.Object, java.lang.Object, java.lang.Object, long, java.lang.Object, java.lang.Object)'> (0x00000000ea2caca0) 
thrown [s\src\hotspot\share\interpreter\linkResolver.cpp, line 773]
Event: 87.007 Thread 0x000001fb94c68640 Exception <a 'java/lang/NoSuchMethodError'{0x00000000ea10b6f0}: 'java.lang.Object java.lang.invoke.DirectMethodHandle$Holder.newInvokeSpecial(java.lang.Object, java.lang.Object, java.lang.Object, long, java.lang.Object)'> (0x00000000ea10b6f0) 
thrown [s\src\hotspot\share\interpreter\linkResolver.cpp, line 773]
Event: 87.009 Thread 0x000001fb94c68640 Exception <a 'java/lang/NoSuchMethodError'{0x00000000ea110568}: 'java.lang.Object java.lang.invoke.DirectMethodHandle$Holder.invokeSpecial(java.lang.Object, java.lang.Object, java.lang.Object, java.lang.Object, long, java.lang.Object)'> (0x00000000ea110568) 
thrown [s\src\hotspot\share\interpreter\linkResolver.cpp, line 773]
Event: 87.009 Thread 0x000001fb94c68640 Exception <a 'java/lang/NoSuchMethodError'{0x00000000ea114ab0}: 'java.lang.Object java.lang.invoke.Invokers$Holder.linkToTargetMethod(java.lang.Object, java.lang.Object, long, java.lang.Object, java.lang.Object)'> (0x00000000ea114ab0) 
thrown [s\src\hotspot\share\interpreter\linkResolver.cpp, line 773]
Event: 87.073 Thread 0x000001fb94c68640 Implicit null exception at 0x000001fb8aef0dfc to 0x000001fb8aef0eb4
Event: 87.151 Thread 0x000001fb94c68640 Exception <a 'java/lang/NoSuchMethodError'{0x00000000e9f71f08}: 'java.lang.Object java.lang.invoke.DirectMethodHandle$Holder.invokeSpecial(java.lang.Object, java.lang.Object, long, java.lang.Object, java.lang.Object)'> (0x00000000e9f71f08) 
thrown [s\src\hotspot\share\interpreter\linkResolver.cpp, line 773]
Event: 88.432 Thread 0x000001fb94c68640 Exception <a 'java/lang/NoSuchMethodError'{0x00000000e9be9668}: 'void java.lang.invoke.DirectMethodHandle$Holder.invokeVirtual(java.lang.Object, java.lang.Object)'> (0x00000000e9be9668) 
thrown [s\src\hotspot\share\interpreter\linkResolver.cpp, line 773]
Event: 88.563 Thread 0x000001fb94c68640 Exception <a 'java/lang/NoSuchMethodError'{0x00000000e8d6e798}: 'java.lang.Object java.lang.invoke.DirectMethodHandle$Holder.newInvokeSpecial(java.lang.Object, java.lang.Object, java.lang.Object, java.lang.Object, int, java.lang.Object)'> (0x00000000e8d6e798) 
thrown [s\src\hotspot\share\interpreter\linkResolver.cpp, line 773]
Event: 88.563 Thread 0x000001fb94c68640 Exception <a 'java/lang/NoSuchMethodError'{0x00000000e8d739f8}: 'java.lang.Object java.lang.invoke.DirectMethodHandle$Holder.invokeSpecial(java.lang.Object, java.lang.Object, java.lang.Object, java.lang.Object, java.lang.Object, int, java.lang.Object)'> (0x00000000e8d739f8) 
thrown [s\src\hotspot\share\interpreter\linkResolver.cpp, line 773]
Event: 88.564 Thread 0x000001fb94c68640 Exception <a 'java/lang/NoSuchMethodError'{0x00000000e8d78298}: 'java.lang.Object java.lang.invoke.Invokers$Holder.linkToTargetMethod(java.lang.Object, java.lang.Object, java.lang.Object, int, java.lang.Object, java.lang.Object)'> (0x00000000e8d78298) 
thrown [s\src\hotspot\share\interpreter\linkResolver.cpp, line 773]
Event: 91.124 Thread 0x000001fb94c68640 Exception <a 'java/lang/NoSuchMethodError'{0x00000000e8652290}: 'java.lang.Object java.lang.invoke.DirectMethodHandle$Holder.invokeSpecialIFC(java.lang.Object, java.lang.Object, java.lang.Object)'> (0x00000000e8652290) 
thrown [s\src\hotspot\share\interpreter\linkResolver.cpp, line 773]
Event: 92.309 Thread 0x000001fb94c68640 Exception <a 'java/lang/NoSuchMethodError'{0x00000000e7112078}: 'java.lang.Object java.lang.invoke.DirectMethodHandle$Holder.newInvokeSpecial(java.lang.Object, java.lang.Object, java.lang.Object, java.lang.Object, java.lang.Object, java.lang.Object, java.lang.Object, java.lang.Object, java.lang.Object, java.lang.Object, java.lang.Object, java.lang.Object, java.lang.Object, java.lang.Object, java.lang.Object, java.lang.Object)'> (0x00000000e7112078) 
thrown [s\src\hotspot\share\interpreter\linkResolver.cpp,
Event: 92.310 Thread 0x000001fb94c68640 Exception <a 'java/lang/NoSuchMethodError'{0x00000000e7118a08}: 'java.lang.Object java.lang.invoke.DirectMethodHandle$Holder.invokeSpecial(java.lang.Object, java.lang.Object, java.lang.Object, java.lang.Object, java.lang.Object, java.lang.Object, java.lang.Object, java.lang.Object, java.lang.Object, java.lang.Object, java.lang.Object, java.lang.Object, java.lang.Object, java.lang.Object, java.lang.Object, java.lang.Object, java.lang.Object)'> (0x00000000e7118a08) 
thrown [s\src\hotspot\share\interpreter\li
Event: 92.311 Thread 0x000001fb94c68640 Exception <a 'java/lang/NoSuchMethodError'{0x00000000e711e5b0}: 'java.lang.Object java.lang.invoke.DelegatingMethodHandle$Holder.reinvoke_L(java.lang.Object, java.lang.Object, java.lang.Object, java.lang.Object, java.lang.Object, java.lang.Object, java.lang.Object, java.lang.Object, java.lang.Object, java.lang.Object, java.lang.Object, java.lang.Object, java.lang.Object, java.lang.Object, java.lang.Object, java.lang.Object)'> (0x00000000e711e5b0) 
thrown [s\src\hotspot\share\interpreter\linkResolver.cpp, l
Event: 93.367 Thread 0x000001fb94c68640 Exception <a 'java/lang/IncompatibleClassChangeError'{0x00000000efba4308}: Found class java.lang.Object, but interface was expected> (0x00000000efba4308) 
thrown [s\src\hotspot\share\interpreter\linkResolver.cpp, line 840]
Event: 93.371 Thread 0x000001fb94c68640 Exception <a 'java/lang/IncompatibleClassChangeError'{0x00000000efbc5070}: Found class java.lang.Object, but interface was expected> (0x00000000efbc5070) 
thrown [s\src\hotspot\share\interpreter\linkResolver.cpp, line 840]
Event: 93.372 Thread 0x000001fb94c68640 Exception <a 'java/lang/IncompatibleClassChangeError'{0x00000000efbc8fa8}: Found class java.lang.Object, but interface was expected> (0x00000000efbc8fa8) 
thrown [s\src\hotspot\share\interpreter\linkResolver.cpp, line 840]

ZGC Phase Switch (0 events):
No events

VM Operations (20 events):
Event: 86.734 Executing non-safepoint VM operation: HandshakeAllThreads (Deoptimize)
Event: 86.734 Executing non-safepoint VM operation: HandshakeAllThreads (Deoptimize) done
Event: 86.760 Executing non-safepoint VM operation: HandshakeAllThreads (Deoptimize)
Event: 86.761 Executing non-safepoint VM operation: HandshakeAllThreads (Deoptimize) done
Event: 87.766 Executing safepoint VM operation: Cleanup
Event: 87.766 Executing safepoint VM operation: Cleanup done
Event: 88.550 Executing non-safepoint VM operation: HandshakeAllThreads (Deoptimize)
Event: 88.550 Executing non-safepoint VM operation: HandshakeAllThreads (Deoptimize) done
Event: 89.551 Executing safepoint VM operation: Cleanup
Event: 89.551 Executing safepoint VM operation: Cleanup done
Event: 91.230 Executing safepoint VM operation: ICBufferFull
Event: 91.259 Executing safepoint VM operation: ICBufferFull done
Event: 91.833 Executing safepoint VM operation: ICBufferFull
Event: 91.833 Executing safepoint VM operation: ICBufferFull done
Event: 92.360 Executing non-safepoint VM operation: HandshakeAllThreads (Deoptimize)
Event: 92.360 Executing non-safepoint VM operation: HandshakeAllThreads (Deoptimize) done
Event: 92.988 Executing safepoint VM operation: G1CollectForAllocation (G1 Evacuation Pause)
Event: 93.120 Executing safepoint VM operation: G1CollectForAllocation (G1 Evacuation Pause) done
Event: 94.125 Executing safepoint VM operation: Cleanup
Event: 94.125 Executing safepoint VM operation: Cleanup done

Memory protections (0 events):
No events

Nmethod flushes (20 events):
Event: 78.644 Thread 0x000001fbff2d2e20 flushing  nmethod 0x000001fb83187090
Event: 78.644 Thread 0x000001fbff2d2e20 flushing  nmethod 0x000001fb83187590
Event: 78.644 Thread 0x000001fbff2d2e20 flushing  nmethod 0x000001fb83187c10
Event: 78.644 Thread 0x000001fbff2d2e20 flushing  nmethod 0x000001fb83188110
Event: 78.644 Thread 0x000001fbff2d2e20 flushing  nmethod 0x000001fb831ee710
Event: 78.644 Thread 0x000001fbff2d2e20 flushing  nmethod 0x000001fb831f0290
Event: 78.644 Thread 0x000001fbff2d2e20 flushing  nmethod 0x000001fb831f0710
Event: 78.644 Thread 0x000001fbff2d2e20 flushing  nmethod 0x000001fb831f0b10
Event: 78.644 Thread 0x000001fbff2d2e20 flushing  nmethod 0x000001fb831f1990
Event: 78.644 Thread 0x000001fbff2d2e20 flushing  nmethod 0x000001fb831f3110
Event: 78.644 Thread 0x000001fbff2d2e20 flushing  nmethod 0x000001fb831f3a10
Event: 78.644 Thread 0x000001fbff2d2e20 flushing  nmethod 0x000001fb831f4190
Event: 78.644 Thread 0x000001fbff2d2e20 flushing  nmethod 0x000001fb831f4510
Event: 78.644 Thread 0x000001fbff2d2e20 flushing  nmethod 0x000001fb832a1890
Event: 78.644 Thread 0x000001fbff2d2e20 flushing  nmethod 0x000001fb832a1c10
Event: 78.644 Thread 0x000001fbff2d2e20 flushing  nmethod 0x000001fb832a4010
Event: 78.644 Thread 0x000001fbff2d2e20 flushing  nmethod 0x000001fb832a5c90
Event: 78.644 Thread 0x000001fbff2d2e20 flushing  nmethod 0x000001fb832a9210
Event: 78.644 Thread 0x000001fbff2d2e20 flushing  nmethod 0x000001fb83378710
Event: 78.644 Thread 0x000001fbff2d2e20 flushing  nmethod 0x000001fb83454290

Events (20 events):
Event: 88.232 Thread 0x000001fb94c68640 Thread added: 0x000001fbb05d91d0
Event: 88.232 Thread 0x000001fb94c68640 Thread added: 0x000001fbb05dcce0
Event: 88.233 Thread 0x000001fb94c68640 Thread added: 0x000001fbb05de090
Event: 88.234 Thread 0x000001fb94c68640 Thread added: 0x000001fbb05dd370
Event: 88.234 Thread 0x000001fb94c68640 Thread added: 0x000001fbb05db2a0
Event: 88.241 Thread 0x000001fb94c68640 Thread added: 0x000001fbb05dda00
Event: 88.509 Thread 0x000001fbb155f0d0 Thread added: 0x000001fbb11c5210
Event: 88.799 Thread 0x000001fbb11c5210 Thread exited: 0x000001fbb11c5210
Event: 88.823 Thread 0x000001fb94c68640 Thread added: 0x000001fbb05dedb0
Event: 88.877 Thread 0x000001fbae861720 Thread added: 0x000001fbb05de720
Event: 90.167 Thread 0x000001fbb155f0d0 Thread exited: 0x000001fbb155f0d0
Event: 90.770 Thread 0x000001fb9415f800 Thread added: 0x000001fbb34f0010
Event: 91.198 Thread 0x000001fbb34f0010 Thread added: 0x000001fbafc1fc50
Event: 91.221 Thread 0x000001fbb34f0010 Thread added: 0x000001fbb1152780
Event: 91.287 Thread 0x000001fbb1152780 Thread added: 0x000001fbaf3ffcf0
Event: 91.754 Thread 0x000001fbafc1fc50 Thread exited: 0x000001fbafc1fc50
Event: 92.122 Thread 0x000001fbb1152780 Thread added: 0x000001fbb11a78e0
Event: 92.530 Thread 0x000001fb94c68640 Thread added: 0x000001fbb05df440
Event: 92.530 Thread 0x000001fbb11a78e0 Thread exited: 0x000001fbb11a78e0
Event: 92.630 Thread 0x000001fb9415f800 Thread added: 0x000001fbb11a78e0


Dynamic libraries:
0x00007ff7f19f0000 - 0x00007ff7f19fe000 	C:\Users\Admin\.vscode\extensions\redhat.java-1.56.0-win32-x64\jre\21.0.12.1-win32-x86_64\bin\java.exe
0x00007ffaab820000 - 0x00007ffaaba86000 	C:\Windows\SYSTEM32\ntdll.dll
0x00007ffaa9ed0000 - 0x00007ffaa9f99000 	C:\Windows\System32\KERNEL32.DLL
0x00007ffaa8ea0000 - 0x00007ffaa929e000 	C:\Windows\System32\KERNELBASE.dll
0x00007ffaa8a40000 - 0x00007ffaa8b8c000 	C:\Windows\System32\ucrtbase.dll
0x00007ffa8aa20000 - 0x00007ffa8aa3e000 	C:\Users\Admin\.vscode\extensions\redhat.java-1.56.0-win32-x64\jre\21.0.12.1-win32-x86_64\bin\VCRUNTIME140.dll
0x00007ffa8d010000 - 0x00007ffa8d028000 	C:\Users\Admin\.vscode\extensions\redhat.java-1.56.0-win32-x64\jre\21.0.12.1-win32-x86_64\bin\jli.dll
0x00007ffaaa7f0000 - 0x00007ffaaa9b7000 	C:\Windows\System32\USER32.dll
0x00007ffaa93f0000 - 0x00007ffaa9417000 	C:\Windows\System32\win32u.dll
0x00007ffaa9b50000 - 0x00007ffaa9b7b000 	C:\Windows\System32\GDI32.dll
0x00007ffaa9420000 - 0x00007ffaa954a000 	C:\Windows\System32\gdi32full.dll
0x00007ffa8e980000 - 0x00007ffa8ec12000 	C:\Windows\WinSxS\amd64_microsoft.windows.common-controls_6595b64144ccf1df_6.0.26100.8875_none_3e0d5d42e32fe9dd\COMCTL32.dll
0x00007ffaa9340000 - 0x00007ffaa93e3000 	C:\Windows\System32\msvcp_win.dll
0x00007ffaa99b0000 - 0x00007ffaa9a59000 	C:\Windows\System32\msvcrt.dll
0x00007ffaa9fa0000 - 0x00007ffaa9fd2000 	C:\Windows\System32\IMM32.DLL
0x00007ffa9d2f0000 - 0x00007ffa9d2fc000 	C:\Users\Admin\.vscode\extensions\redhat.java-1.56.0-win32-x64\jre\21.0.12.1-win32-x86_64\bin\vcruntime140_1.dll
0x00007ffa82920000 - 0x00007ffa829ad000 	C:\Users\Admin\.vscode\extensions\redhat.java-1.56.0-win32-x64\jre\21.0.12.1-win32-x86_64\bin\msvcp140.dll
0x00007ffa62290000 - 0x00007ffa63032000 	C:\Users\Admin\.vscode\extensions\redhat.java-1.56.0-win32-x64\jre\21.0.12.1-win32-x86_64\bin\server\jvm.dll
0x00007ffaaae50000 - 0x00007ffaaaf07000 	C:\Windows\System32\ADVAPI32.dll
0x00007ffaab550000 - 0x00007ffaab5fa000 	C:\Windows\System32\sechost.dll
0x00007ffaaaf10000 - 0x00007ffaab028000 	C:\Windows\System32\RPCRT4.dll
0x00007ffaab630000 - 0x00007ffaab6b0000 	C:\Windows\System32\WS2_32.dll
0x00007ffaa88a0000 - 0x00007ffaa88fe000 	C:\Windows\SYSTEM32\POWRPROF.dll
0x00007ffaa0980000 - 0x00007ffaa09b6000 	C:\Windows\SYSTEM32\WINMM.dll
0x00007ffaa11a0000 - 0x00007ffaa11ab000 	C:\Windows\SYSTEM32\VERSION.dll
0x00007ffaa8880000 - 0x00007ffaa8894000 	C:\Windows\SYSTEM32\UMPDC.dll
0x00007ffaa7720000 - 0x00007ffaa773b000 	C:\Windows\SYSTEM32\kernel.appcore.dll
0x00007ffa9c5e0000 - 0x00007ffa9c5ea000 	C:\Users\Admin\.vscode\extensions\redhat.java-1.56.0-win32-x64\jre\21.0.12.1-win32-x86_64\bin\jimage.dll
0x00007ffaa61f0000 - 0x00007ffaa6432000 	C:\Windows\SYSTEM32\DBGHELP.DLL
0x00007ffaab0c0000 - 0x00007ffaab443000 	C:\Windows\System32\combase.dll
0x00007ffaa9a60000 - 0x00007ffaa9b39000 	C:\Windows\System32\OLEAUT32.dll
0x00007ffa938a0000 - 0x00007ffa938db000 	C:\Windows\SYSTEM32\dbgcore.DLL
0x00007ffaa8ba0000 - 0x00007ffaa8c4c000 	C:\Windows\System32\bcryptPrimitives.dll
0x00007ffa8e8a0000 - 0x00007ffa8e8af000 	C:\Users\Admin\.vscode\extensions\redhat.java-1.56.0-win32-x64\jre\21.0.12.1-win32-x86_64\bin\instrument.dll
0x00007ffa88b50000 - 0x00007ffa88b70000 	C:\Users\Admin\.vscode\extensions\redhat.java-1.56.0-win32-x64\jre\21.0.12.1-win32-x86_64\bin\java.dll
0x00007ffaaa050000 - 0x00007ffaaa7e2000 	C:\Windows\System32\SHELL32.dll
0x00007ffaa6520000 - 0x00007ffaa6db2000 	C:\Windows\SYSTEM32\windows.storage.dll
0x00007ffaa9dd0000 - 0x00007ffaa9ec7000 	C:\Windows\System32\SHCORE.dll
0x00007ffaa9fe0000 - 0x00007ffaaa047000 	C:\Windows\System32\shlwapi.dll
0x00007ffaa8960000 - 0x00007ffaa8989000 	C:\Windows\SYSTEM32\profapi.dll
0x00007ffa88b30000 - 0x00007ffa88b48000 	C:\Users\Admin\.vscode\extensions\redhat.java-1.56.0-win32-x64\jre\21.0.12.1-win32-x86_64\bin\zip.dll
0x00007ffa8edf0000 - 0x00007ffa8ee00000 	C:\Users\Admin\.vscode\extensions\redhat.java-1.56.0-win32-x64\jre\21.0.12.1-win32-x86_64\bin\net.dll
0x00007ffa9e7e0000 - 0x00007ffa9e907000 	C:\Windows\SYSTEM32\WINHTTP.dll
0x00007ffaa7cd0000 - 0x00007ffaa7d3c000 	C:\Windows\system32\mswsock.dll
0x00007ffa87ae0000 - 0x00007ffa87af6000 	C:\Users\Admin\.vscode\extensions\redhat.java-1.56.0-win32-x64\jre\21.0.12.1-win32-x86_64\bin\nio.dll
0x00007ffa8e750000 - 0x00007ffa8e760000 	C:\Users\Admin\.vscode\extensions\redhat.java-1.56.0-win32-x64\jre\21.0.12.1-win32-x86_64\bin\verify.dll
0x00007ffa836d0000 - 0x00007ffa836f7000 	C:\Users\Admin\.gradle\native\660c5614fbf4a5f2a75b1949f50a0caf5cd603558e7d8a26e50b933a0cfb79d1\windows-amd64\native-platform.dll
0x00007ffa7b4e0000 - 0x00007ffa7b557000 	C:\Users\Admin\.gradle\native\0.2.8\x86_64-windows-gnu\gradle-fileevents.dll
0x00007ffa8e0c0000 - 0x00007ffa8e0ca000 	C:\Users\Admin\.vscode\extensions\redhat.java-1.56.0-win32-x64\jre\21.0.12.1-win32-x86_64\bin\management.dll
0x00007ffa8deb0000 - 0x00007ffa8debc000 	C:\Users\Admin\.vscode\extensions\redhat.java-1.56.0-win32-x64\jre\21.0.12.1-win32-x86_64\bin\management_ext.dll
0x00007ffaab7d0000 - 0x00007ffaab7d8000 	C:\Windows\System32\PSAPI.DLL
0x00007ffaa70f0000 - 0x00007ffaa7123000 	C:\Windows\SYSTEM32\IPHLPAPI.DLL
0x00007ffaa9b80000 - 0x00007ffaa9b8a000 	C:\Windows\System32\NSI.dll
0x00007ffa8cef0000 - 0x00007ffa8cef9000 	C:\Users\Admin\.vscode\extensions\redhat.java-1.56.0-win32-x64\jre\21.0.12.1-win32-x86_64\bin\extnet.dll
0x00007ffaa7fd0000 - 0x00007ffaa7feb000 	C:\Windows\SYSTEM32\CRYPTSP.dll
0x00007ffaa7680000 - 0x00007ffaa76b9000 	C:\Windows\system32\rsaenh.dll
0x00007ffaa7d90000 - 0x00007ffaa7dc2000 	C:\Windows\SYSTEM32\USERENV.dll
0x00007ffaa8930000 - 0x00007ffaa895a000 	C:\Windows\SYSTEM32\bcrypt.dll
0x00007ffaa7ff0000 - 0x00007ffaa7ffc000 	C:\Windows\SYSTEM32\CRYPTBASE.dll
0x00007ffa8ad30000 - 0x00007ffa8ad3e000 	C:\Users\Admin\.vscode\extensions\redhat.java-1.56.0-win32-x64\jre\21.0.12.1-win32-x86_64\bin\sunmscapi.dll
0x00007ffaa8d20000 - 0x00007ffaa8e98000 	C:\Windows\System32\CRYPT32.dll
0x00007ffaa8210000 - 0x00007ffaa8240000 	C:\Windows\SYSTEM32\ncrypt.dll
0x00007ffaa81c0000 - 0x00007ffaa81ff000 	C:\Windows\SYSTEM32\NTASN1.dll
0x00007ffaa5270000 - 0x00007ffaa5278000 	C:\Windows\system32\wshunix.dll

JVMTI agents:
C:\Users\Admin\.gradle\wrapper\dists\gradle-9.5.1-bin\iq79hdu3mqx29lgffhp8bfmx\gradle-9.5.1\lib\agents\gradle-instrumentation-agent-9.5.1.jar path:C:\Users\Admin\.vscode\extensions\redhat.java-1.56.0-win32-x64\jre\21.0.12.1-win32-x86_64\bin\instrument.dll, loaded, initialized, instrumentlib options:none

dbghelp: loaded successfully - version: 4.0.5 - missing functions: none
symbol engine: initialized successfully - sym options: 0x614 - pdb path: .;C:\Users\Admin\.vscode\extensions\redhat.java-1.56.0-win32-x64\jre\21.0.12.1-win32-x86_64\bin;C:\Windows\SYSTEM32;C:\Windows\WinSxS\amd64_microsoft.windows.common-controls_6595b64144ccf1df_6.0.26100.8875_none_3e0d5d42e32fe9dd;C:\Users\Admin\.vscode\extensions\redhat.java-1.56.0-win32-x64\jre\21.0.12.1-win32-x86_64\bin\server;C:\Users\Admin\.gradle\native\660c5614fbf4a5f2a75b1949f50a0caf5cd603558e7d8a26e50b933a0cfb79d1\windows-amd64;C:\Users\Admin\.gradle\native\0.2.8\x86_64-windows-gnu

VM Arguments:
jvm_args: --add-opens=java.base/java.lang=ALL-UNNAMED --add-opens=java.base/java.lang.invoke=ALL-UNNAMED --add-opens=java.base/java.util=ALL-UNNAMED --add-opens=java.prefs/java.util.prefs=ALL-UNNAMED --add-exports=jdk.compiler/com.sun.tools.javac.api=ALL-UNNAMED --add-exports=jdk.compiler/com.sun.tools.javac.util=ALL-UNNAMED --add-opens=java.base/java.nio.charset=ALL-UNNAMED --add-opens=java.base/java.net=ALL-UNNAMED --add-opens=java.base/java.util.concurrent=ALL-UNNAMED --add-opens=java.base/java.util.concurrent.atomic=ALL-UNNAMED --add-opens=java.xml/javax.xml.namespace=ALL-UNNAMED --add-opens=java.base/java.time=ALL-UNNAMED -XX:MaxMetaspaceSize=384m -XX:+HeapDumpOnOutOfMemoryError -Xms256m -Xmx512m -Dfile.encoding=UTF-8 -Duser.country=US -Duser.language=en -Duser.variant -javaagent:C:\Users\Admin\.gradle\wrapper\dists\gradle-9.5.1-bin\iq79hdu3mqx29lgffhp8bfmx\gradle-9.5.1\lib\agents\gradle-instrumentation-agent-9.5.1.jar 
java_command: org.gradle.launcher.daemon.bootstrap.GradleDaemon 9.5.1
java_class_path (initial): C:\Users\Admin\.gradle\wrapper\dists\gradle-9.5.1-bin\iq79hdu3mqx29lgffhp8bfmx\gradle-9.5.1\lib\gradle-daemon-main-9.5.1.jar
Launcher Type: SUN_STANDARD

[Global flags]
     intx CICompilerCount                          = 12                                        {product} {ergonomic}
   size_t CompressedClassSpaceSize                 = 335544320                                 {product} {ergonomic}
     uint ConcGCThreads                            = 3                                         {product} {ergonomic}
     uint G1ConcRefinementThreads                  = 13                                        {product} {ergonomic}
   size_t G1HeapRegionSize                         = 1048576                                   {product} {ergonomic}
    uintx GCDrainStackTargetSize                   = 64                                        {product} {ergonomic}
     bool HeapDumpOnOutOfMemoryError               = true                                   {manageable} {command line}
   size_t InitialHeapSize                          = 268435456                                 {product} {command line}
   size_t MarkStackSize                            = 4194304                                   {product} {ergonomic}
   size_t MaxHeapSize                              = 536870912                                 {product} {command line}
   size_t MaxMetaspaceSize                         = 402653184                                 {product} {command line}
   size_t MaxNewSize                               = 321912832                                 {product} {ergonomic}
   size_t MinHeapDeltaBytes                        = 1048576                                   {product} {ergonomic}
   size_t MinHeapSize                              = 268435456                                 {product} {command line}
    uintx NonNMethodCodeHeapSize                   = 7602480                                {pd product} {ergonomic}
    uintx NonProfiledCodeHeapSize                  = 122027880                              {pd product} {ergonomic}
    uintx ProfiledCodeHeapSize                     = 122027880                              {pd product} {ergonomic}
    uintx ReservedCodeCacheSize                    = 251658240                              {pd product} {ergonomic}
     bool SegmentedCodeCache                       = true                                      {product} {ergonomic}
   size_t SoftMaxHeapSize                          = 536870912                              {manageable} {ergonomic}
     bool UseCompressedOops                        = true                           {product lp64_product} {ergonomic}
     bool UseG1GC                                  = true                                      {product} {ergonomic}
     bool UseLargePagesIndividualAllocation        = false                                  {pd product} {ergonomic}

Logging:
Log output configuration:
 #0: stdout all=warning uptime,level,tags foldmultilines=false
 #1: stderr all=off uptime,level,tags foldmultilines=false

Release file:
JAVA_VERSION="21.0.12.1" 
MODULES="java.base java.compiler java.datatransfer java.xml java.prefs java.desktop java.instrument java.logging java.management java.security.sasl java.naming java.rmi java.management.rmi java.net.http java.scripting java.security.jgss java.transaction.xa java.sql java.sql.rowset java.xml.crypto java.se java.smartcardio jdk.accessibility jdk.internal.jvmstat jdk.attach jdk.charsets jdk.internal.opt jdk.zipfs jdk.compiler jdk.crypto.ec jdk.crypto.cryptoki jdk.crypto.mscapi jdk.dynalink jdk.internal.ed jdk.editpad jdk.hotspot.agent jdk.httpserver jdk.internal.le jdk.internal.vm.ci jdk.internal.vm.compiler jdk.internal.vm.compiler.management jdk.jartool jdk.javadoc jdk.jcmd jdk.management jdk.management.agent jdk.jconsole jdk.jdeps jdk.jdwp.agent jdk.jdi jdk.jfr jdk.jshell jdk.jsobject jdk.jstatd jdk.localedata jdk.management.jfr jdk.naming.dns jdk.naming.rmi jdk.net jdk.nio.mapmode jdk.random jdk.sctp jdk.security.auth jdk.security.jgss jdk.unsupported jdk.unsupported.desktop jdk.xml.dom" 

Environment Variables:
PATH=C:\Program Files\Eclipse Adoptium\jdk-17.0.20.8-hotspot\bin;C:\Windows\system32;C:\Windows;C:\Windows\System32\Wbem;C:\Windows\System32\WindowsPowerShell\v1.0\;C:\Windows\System32\OpenSSH\;C:\Program Files\Git\cmd;C:\Users\Admin\AppData\Local\Microsoft\WindowsApps;C:\Users\Admin\AppData\Local\Programs\Microsoft VS Code\bin;C:\Program Files\swipl\bin;C:\Program Files (x86)\flutter\bin;
USERNAME=Admin
OS=Windows_NT
PROCESSOR_IDENTIFIER=AMD64 Family 25 Model 80 Stepping 0, AuthenticAMD
TMP=C:\Users\Admin\AppData\Local\Temp
TEMP=C:\Users\Admin\AppData\Local\Temp




Periodic native trim disabled

---------------  S Y S T E M  ---------------

OS:
 Windows 11 , 64 bit Build 26100 (10.0.26100.8875)
OS uptime: 0 days 1:02 hours

CPU: total 16 (initial active 16) (16 cores per cpu, 2 threads per core) family 25 model 80 stepping 0 microcode 0xa500011, cx8, cmov, fxsr, ht, mmx, 3dnowpref, sse, sse2, sse3, ssse3, sse4a, sse4.1, sse4.2, popcnt, lzcnt, tsc, tscinvbit, avx, avx2, aes, erms, clmul, bmi1, bmi2, adx, sha, fma, vzeroupper, clflush, clflushopt, rdtscp, rdpid, fsrm, f16c, pku, cet_ss
Processor Information for the first 16 processors :
  Max Mhz: 3201, Current Mhz: 1882, Mhz Limit: 3201

Memory: 4k page, system-wide physical 14182M (551M free)
TotalPageFile size 42805M (AvailPageFile size 3M)
current process WorkingSet (physical memory assigned to process): 346M, peak: 347M
current process commit charge ("private bytes"): 501M, peak: 517M

vm_info: OpenJDK 64-Bit Server VM (21.0.12.1+1-LTS) for windows-amd64 JRE (21.0.12.1+1-LTS), built on 2026-08-18T00:00:00Z by "admin" with MS VC++ 17.12 (VS2022)

END.
