#
# There is insufficient memory for the Java Runtime Environment to continue.
# Native memory allocation (malloc) failed to allocate 1056416 bytes. Error detail: Chunk::new
# Possible reasons:
#   The system is out of physical RAM or swap space
#   This process is running with CompressedOops enabled, and the Java Heap may be blocking the growth of the native heap
# Possible solutions:
#   Reduce memory load on the system
#   Increase physical memory or swap space
#   Check if swap backing store is full
#   Decrease Java heap size (-Xmx/-Xms)
#   Decrease number of Java threads
#   Decrease Java thread stack sizes (-Xss)
#   Set larger code cache with -XX:ReservedCodeCacheSize=
#   JVM is running with Unscaled Compressed Oops mode in which the Java heap is
#     placed in the first 4GB address space. The Java Heap base address is the
#     maximum limit for the native heap growth. Please use -XX:HeapBaseMinAddress
#     to set the Java Heap base and to place the Java Heap above 4GB virtual address.
# This output file may be truncated or incomplete.
#
#  Out of Memory Error (arena.cpp:168), pid=49672, tid=54544
#
# JRE version: OpenJDK Runtime Environment Temurin-21.0.12.1+1 (21.0.12.1+1) (build 21.0.12.1+1-LTS)
# Java VM: OpenJDK 64-Bit Server VM Temurin-21.0.12.1+1 (21.0.12.1+1-LTS, mixed mode, sharing, tiered, compressed oops, compressed class ptrs, g1 gc, windows-amd64)
# No core dump will be written. Minidumps are not enabled by default on client versions of Windows
#

---------------  S U M M A R Y ------------

Command Line: --add-opens=java.base/java.lang=ALL-UNNAMED --add-opens=java.base/java.lang.invoke=ALL-UNNAMED --add-opens=java.base/java.util=ALL-UNNAMED --add-opens=java.prefs/java.util.prefs=ALL-UNNAMED --add-exports=jdk.compiler/com.sun.tools.javac.api=ALL-UNNAMED --add-exports=jdk.compiler/com.sun.tools.javac.util=ALL-UNNAMED --add-opens=java.base/java.nio.charset=ALL-UNNAMED --add-opens=java.base/java.net=ALL-UNNAMED --add-opens=java.base/java.util.concurrent=ALL-UNNAMED --add-opens=java.base/java.util.concurrent.atomic=ALL-UNNAMED --add-opens=java.xml/javax.xml.namespace=ALL-UNNAMED --add-opens=java.base/java.time=ALL-UNNAMED -XX:MaxMetaspaceSize=384m -XX:+HeapDumpOnOutOfMemoryError -Xms256m -Xmx512m -Dfile.encoding=UTF-8 -Duser.country=US -Duser.language=en -Duser.variant -javaagent:C:\Users\Admin\.gradle\wrapper\dists\gradle-9.5.1-bin\iq79hdu3mqx29lgffhp8bfmx\gradle-9.5.1\lib\agents\gradle-instrumentation-agent-9.5.1.jar org.gradle.launcher.daemon.bootstrap.GradleDaemon 9.5.1

Host: AMD Ryzen 7 5800H with Radeon Graphics         , 16 cores, 13G,  Windows 11 , 64 bit Build 26100 (10.0.26100.8875)
Time: Sat Oct  3 22:07:12 2026 SE Asia Standard Time elapsed time: 31.007618 seconds (0d 0h 0m 31s)

---------------  T H R E A D  ---------------

Current thread (0x000002318529d060):  JavaThread "C2 CompilerThread2" daemon [_thread_in_native, id=54544, stack(0x00000076dae00000,0x00000076daf00000) (1024K)]


Current CompileTask:
C2:31007 4788   !   4       java.net.URLClassLoader::findClass (47 bytes)

Stack: [0x00000076dae00000,0x00000076daf00000]
Native frames: (J=compiled Java code, j=interpreted, Vv=VM code, C=native code)
V  [jvm.dll+0x6d83e9]
V  [jvm.dll+0x8b5736]
V  [jvm.dll+0x8b7cee]
V  [jvm.dll+0x8b83d3]
V  [jvm.dll+0x284596]
V  [jvm.dll+0xc685d]
V  [jvm.dll+0xc6da1]
V  [jvm.dll+0x2fb5ae]
V  [jvm.dll+0x5fee94]
V  [jvm.dll+0x255d67]
V  [jvm.dll+0x25612d]
V  [jvm.dll+0x24e6a0]
V  [jvm.dll+0x24bbe6]
V  [jvm.dll+0x1cb4ae]
V  [jvm.dll+0x25baad]
V  [jvm.dll+0x25a03a]
V  [jvm.dll+0x3f8aae]
V  [jvm.dll+0x8600cd]
V  [jvm.dll+0x6d6c1d]
C  [ucrtbase.dll+0x2cd30]
C  [KERNEL32.DLL+0x2e957]
C  [ntdll.dll+0xaad6c]


---------------  P R O C E S S  ---------------

Threads class SMR info:
_java_thread_list=0x00000231ba237330, length=42, elements={
0x0000023182eb52f0, 0x000002319b6ee400, 0x000002319b6fd130, 0x000002319b700710,
0x000002319b701170, 0x000002319b703be0, 0x000002319b704640, 0x000002319b706ab0,
0x000002319b7080c0, 0x000002319b9179d0, 0x000002319b969aa0, 0x00000231b70592f0,
0x00000231b511f770, 0x00000231b6951950, 0x00000231b67bdeb0, 0x00000231b5f086f0,
0x00000231b530c8a0, 0x00000231b530e2e0, 0x00000231b530cf30, 0x00000231b530dc50,
0x00000231b530e970, 0x00000231b71c12b0, 0x00000231b71c0590, 0x00000231b71c40a0,
0x00000231b71c4dc0, 0x00000231b71c1940, 0x00000231b71c2cf0, 0x00000231b71c1fd0,
0x00000231b71c2660, 0x00000231b71c5ae0, 0x00000231b71c6e90, 0x00000231b71c6170,
0x00000231b71c6800, 0x00000231b71c7520, 0x00000231b71c5450, 0x00000231b530b4f0,
0x00000231b530bb80, 0x00000231b7597a90, 0x000002318529ae50, 0x000002318529d060,
0x000002318529d730, 0x000002318529c990
}

Java Threads: ( => current thread )
  0x0000023182eb52f0 JavaThread "main"                              [_thread_blocked, id=57640, stack(0x00000076d8100000,0x00000076d8200000) (1024K)]
  0x000002319b6ee400 JavaThread "Reference Handler"          daemon [_thread_blocked, id=29032, stack(0x00000076d8a00000,0x00000076d8b00000) (1024K)]
  0x000002319b6fd130 JavaThread "Finalizer"                  daemon [_thread_blocked, id=44884, stack(0x00000076d8b00000,0x00000076d8c00000) (1024K)]
  0x000002319b700710 JavaThread "Signal Dispatcher"          daemon [_thread_blocked, id=9492, stack(0x00000076d8c00000,0x00000076d8d00000) (1024K)]
  0x000002319b701170 JavaThread "Attach Listener"            daemon [_thread_blocked, id=38812, stack(0x00000076d8d00000,0x00000076d8e00000) (1024K)]
  0x000002319b703be0 JavaThread "Service Thread"             daemon [_thread_blocked, id=24368, stack(0x00000076d8e00000,0x00000076d8f00000) (1024K)]
  0x000002319b704640 JavaThread "Monitor Deflation Thread"   daemon [_thread_blocked, id=34596, stack(0x00000076d8f00000,0x00000076d9000000) (1024K)]
  0x000002319b706ab0 JavaThread "C2 CompilerThread0"         daemon [_thread_in_native, id=13812, stack(0x00000076d9000000,0x00000076d9100000) (1024K)]
  0x000002319b7080c0 JavaThread "C1 CompilerThread0"         daemon [_thread_blocked, id=49400, stack(0x00000076d9100000,0x00000076d9200000) (1024K)]
  0x000002319b9179d0 JavaThread "Common-Cleaner"             daemon [_thread_blocked, id=54852, stack(0x00000076d9500000,0x00000076d9600000) (1024K)]
  0x000002319b969aa0 JavaThread "Notification Thread"        daemon [_thread_blocked, id=32896, stack(0x00000076d9600000,0x00000076d9700000) (1024K)]
  0x00000231b70592f0 JavaThread "Daemon health stats"               [_thread_blocked, id=38940, stack(0x00000076d9700000,0x00000076d9800000) (1024K)]
  0x00000231b511f770 JavaThread "Incoming local TCP Connector on port 59091"        [_thread_in_native, id=42468, stack(0x00000076d9d00000,0x00000076d9e00000) (1024K)]
  0x00000231b6951950 JavaThread "Daemon periodic checks"            [_thread_in_native, id=49856, stack(0x00000076d9400000,0x00000076d9500000) (1024K)]
  0x00000231b67bdeb0 JavaThread "Daemon"                            [_thread_blocked, id=33188, stack(0x00000076d9e00000,0x00000076d9f00000) (1024K)]
  0x00000231b5f086f0 JavaThread "Daemon worker"                     [_thread_in_vm, id=14588, stack(0x00000076da000000,0x00000076da100000) (1024K)]
  0x00000231b530c8a0 JavaThread "Daemon Thread 2"                   [_thread_blocked, id=54140, stack(0x00000076d9f00000,0x00000076da000000) (1024K)]
  0x00000231b530e2e0 JavaThread "Daemon Thread 3"                   [_thread_blocked, id=42308, stack(0x00000076da200000,0x00000076da300000) (1024K)]
  0x00000231b530cf30 JavaThread "Daemon Thread 4"                   [_thread_blocked, id=14060, stack(0x00000076da400000,0x00000076da500000) (1024K)]
  0x00000231b530dc50 JavaThread "Daemon Thread 5"                   [_thread_blocked, id=24052, stack(0x00000076da600000,0x00000076da700000) (1024K)]
  0x00000231b530e970 JavaThread "Handler for socket connection from /127.0.0.1:59091 to /127.0.0.1:59129"        [_thread_in_native, id=49984, stack(0x00000076da700000,0x00000076da800000) (1024K)]
  0x00000231b71c12b0 JavaThread "Cancel handler"                    [_thread_blocked, id=29008, stack(0x00000076da800000,0x00000076da900000) (1024K)]
  0x00000231b71c0590 JavaThread "Asynchronous log dispatcher for DefaultDaemonConnection: socket connection from /127.0.0.1:59091 to /127.0.0.1:59129"        [_thread_blocked, id=26804, stack(0x00000076da500000,0x00000076da600000) (1024K)]
  0x00000231b71c40a0 JavaThread "Stdin handler"                     [_thread_blocked, id=14632, stack(0x00000076dac00000,0x00000076dad00000) (1024K)]
  0x00000231b71c4dc0 JavaThread "Daemon client event forwarder"        [_thread_blocked, id=53104, stack(0x00000076dad00000,0x00000076dae00000) (1024K)]
  0x00000231b71c1940 JavaThread "Cache worker for journal cache (C:\Users\Admin\.gradle\caches\journal-1)"        [_thread_blocked, id=46448, stack(0x00000076da100000,0x00000076da200000) (1024K)]
  0x00000231b71c2cf0 JavaThread "File lock request listener"        [_thread_in_native, id=33072, stack(0x00000076da300000,0x00000076da400000) (1024K)]
  0x00000231b71c1fd0 JavaThread "Cache worker for file hash cache (C:\Users\Admin\.gradle\caches\9.5.1\fileHashes)"        [_thread_blocked, id=46436, stack(0x00000076da900000,0x00000076daa00000) (1024K)]
  0x00000231b71c2660 JavaThread "File lock release action executor"        [_thread_blocked, id=37604, stack(0x00000076dab00000,0x00000076dac00000) (1024K)]
  0x00000231b71c5ae0 JavaThread "Cache worker for file hash cache (C:\Users\Admin\Downloads\mini-banking\.gradle\9.5.1\fileHashes)"        [_thread_blocked, id=34672, stack(0x00000076db800000,0x00000076db900000) (1024K)]
  0x00000231b71c6e90 JavaThread "Cache worker for Build Output Cleanup Cache (C:\Users\Admin\Downloads\mini-banking\.gradle\buildOutputCleanup)"        [_thread_blocked, id=44236, stack(0x00000076d9200000,0x00000076d9300000) (1024K)]
  0x00000231b71c6170 JavaThread "File watcher server"        daemon [_thread_in_native, id=18024, stack(0x00000076dba00000,0x00000076dbb00000) (1024K)]
  0x00000231b71c6800 JavaThread "File watcher consumer"      daemon [_thread_blocked, id=27612, stack(0x00000076dbb00000,0x00000076dbc00000) (1024K)]
  0x00000231b71c7520 JavaThread "Cache worker for file content cache (C:\Users\Admin\.gradle\caches\9.5.1\fileContent)"        [_thread_blocked, id=57328, stack(0x00000076db900000,0x00000076dba00000) (1024K)]
  0x00000231b71c5450 JavaThread "Cache worker for checksums cache (C:\Users\Admin\Downloads\mini-banking\.gradle\9.5.1\checksums)"        [_thread_blocked, id=36520, stack(0x00000076dbd00000,0x00000076dbe00000) (1024K)]
  0x00000231b530b4f0 JavaThread "Cache worker for cache directory md-supplier (C:\Users\Admin\.gradle\caches\9.5.1\md-supplier)"        [_thread_blocked, id=4604, stack(0x00000076dbc00000,0x00000076dbd00000) (1024K)]
  0x00000231b530bb80 JavaThread "Cache worker for cache directory md-rule (C:\Users\Admin\.gradle\caches\9.5.1\md-rule)"        [_thread_blocked, id=40656, stack(0x00000076dbe00000,0x00000076dbf00000) (1024K)]
  0x00000231b7597a90 JavaThread "jar transforms"                    [_thread_blocked, id=42240, stack(0x00000076dbf00000,0x00000076dc000000) (1024K)]
  0x000002318529ae50 JavaThread "C2 CompilerThread1"         daemon [_thread_in_native, id=45128, stack(0x00000076daa00000,0x00000076dab00000) (1024K)]
=>0x000002318529d060 JavaThread "C2 CompilerThread2"         daemon [_thread_in_native, id=54544, stack(0x00000076dae00000,0x00000076daf00000) (1024K)]
  0x000002318529d730 JavaThread "C2 CompilerThread3"         daemon [_thread_in_native, id=21940, stack(0x00000076dc000000,0x00000076dc100000) (1024K)]
  0x000002318529c990 JavaThread "C2 CompilerThread4"         daemon [_thread_in_native, id=46512, stack(0x00000076d9300000,0x00000076d9400000) (1024K)]
Total: 42

Other Threads:
  0x000002319b6d6800 VMThread "VM Thread"                           [id=19384, stack(0x00000076d8900000,0x00000076d8a00000) (1024K)]
  0x000002319b6c85c0 WatcherThread "VM Periodic Task Thread"        [id=30584, stack(0x00000076d8800000,0x00000076d8900000) (1024K)]
  0x00000231852bd1b0 WorkerThread "GC Thread#0"                     [id=36824, stack(0x00000076d8300000,0x00000076d8400000) (1024K)]
  0x00000231b5d9a790 WorkerThread "GC Thread#1"                     [id=57156, stack(0x00000076d9800000,0x00000076d9900000) (1024K)]
  0x00000231b5d0e860 WorkerThread "GC Thread#2"                     [id=54356, stack(0x00000076d9900000,0x00000076d9a00000) (1024K)]
  0x00000231b5d0ec10 WorkerThread "GC Thread#3"                     [id=32992, stack(0x00000076d9a00000,0x00000076d9b00000) (1024K)]
  0x00000231b5d0efc0 WorkerThread "GC Thread#4"                     [id=47904, stack(0x00000076d9b00000,0x00000076d9c00000) (1024K)]
  0x00000231b5d60300 WorkerThread "GC Thread#5"                     [id=32996, stack(0x00000076d9c00000,0x00000076d9d00000) (1024K)]
  0x00000231b82d1cf0 WorkerThread "GC Thread#6"                     [id=48496, stack(0x00000076daf00000,0x00000076db000000) (1024K)]
  0x00000231b82cf810 WorkerThread "GC Thread#7"                     [id=53400, stack(0x00000076db000000,0x00000076db100000) (1024K)]
  0x00000231b82d1940 WorkerThread "GC Thread#8"                     [id=29412, stack(0x00000076db100000,0x00000076db200000) (1024K)]
  0x00000231b82d0320 WorkerThread "GC Thread#9"                     [id=57848, stack(0x00000076db200000,0x00000076db300000) (1024K)]
  0x00000231b82d2800 WorkerThread "GC Thread#10"                    [id=24432, stack(0x00000076db300000,0x00000076db400000) (1024K)]
  0x00000231b82d2450 WorkerThread "GC Thread#11"                    [id=55716, stack(0x00000076db400000,0x00000076db500000) (1024K)]
  0x00000231b82d06d0 WorkerThread "GC Thread#12"                    [id=20848, stack(0x00000076db500000,0x00000076db600000) (1024K)]
  0x00000231852c0090 ConcurrentGCThread "G1 Main Marker"            [id=35644, stack(0x00000076d8400000,0x00000076d8500000) (1024K)]
  0x00000231852c0ab0 WorkerThread "G1 Conc#0"                       [id=40140, stack(0x00000076d8500000,0x00000076d8600000) (1024K)]
  0x00000231b82d0a80 WorkerThread "G1 Conc#1"                       [id=36312, stack(0x00000076db600000,0x00000076db700000) (1024K)]
  0x00000231b82cf460 WorkerThread "G1 Conc#2"                       [id=19068, stack(0x00000076db700000,0x00000076db800000) (1024K)]
  0x000002319b59a630 ConcurrentGCThread "G1 Refine#0"               [id=41480, stack(0x00000076d8600000,0x00000076d8700000) (1024K)]
  0x000002319b59afc0 ConcurrentGCThread "G1 Service"                [id=37388, stack(0x00000076d8700000,0x00000076d8800000) (1024K)]
Total: 21

Threads with active compile tasks:
C2 CompilerThread0  31056 4875       4       java.lang.invoke.InvokerBytecodeGenerator::emitImplicitConversion (161 bytes)
C2 CompilerThread1  31059 4789       4       java.net.URLClassLoader$1::run (5 bytes)
C2 CompilerThread2  31059 4788   !   4       java.net.URLClassLoader::findClass (47 bytes)
C2 CompilerThread3  31059 4790   !   4       java.net.URLClassLoader$1::run (81 bytes)
C2 CompilerThread4  31059 4894       4       jdk.internal.org.objectweb.asm.Frame::merge (317 bytes)
Total: 5

VM state: not at safepoint (normal execution)

VM Mutex/Monitor currently owned by a thread: None

Heap address: 0x00000000e0000000, size: 512 MB, Compressed Oops mode: 32-bit

CDS archive(s) mapped at: [0x000002319c000000-0x000002319cba0000-0x000002319cba0000), size 12189696, SharedBaseAddress: 0x000002319c000000, ArchiveRelocationMode: 1.
Compressed class space mapped at: 0x000002319d000000-0x00000231b1000000, reserved size: 335544320
Narrow klass base: 0x000002319c000000, Narrow klass shift: 0, Narrow klass range: 0x100000000

GC Precious Log:
 CardTable entry size: 512
 Card Set container configuration: InlinePtr #cards 5 size 8 Array Of Cards #cards 12 size 40 Howl #buckets 4 coarsen threshold 1843 Howl Bitmap #cards 512 size 80 coarsen threshold 460 Card regions per heap region 1 cards per card region 2048
 CPUs: 16 total, 16 available
 Memory: 14182M
 Large Page Support: Disabled
 NUMA Support: Disabled
 Compressed Oops: Enabled (32-bit)
 Heap Region Size: 1M
 Heap Min Capacity: 256M
 Heap Initial Capacity: 256M
 Heap Max Capacity: 512M
 Pre-touch: Disabled
 Parallel Workers: 13
 Concurrent Workers: 3
 Concurrent Refinement Workers: 13
 Periodic GC: Disabled

Heap:
 garbage-first heap   total 262144K, used 77412K [0x00000000e0000000, 0x0000000100000000)
  region size 1024K, 54 young (55296K), 7 survivors (7168K)
 Metaspace       used 41357K, committed 43008K, reserved 393216K
  class space    used 6045K, committed 6848K, reserved 327680K

Heap Regions: E=young(eden), S=young(survivor), O=old, HS=humongous(starts), HC=humongous(continues), CS=collection set, F=free, TAMS=top-at-mark-start, PB=parsable bottom
|   0|0x00000000e0000000, 0x00000000e0100000, 0x00000000e0100000|100%|HS|  |TAMS 0x00000000e0000000| PB 0x00000000e0000000| Complete 
|   1|0x00000000e0100000, 0x00000000e0200000, 0x00000000e0200000|100%|HC|  |TAMS 0x00000000e0100000| PB 0x00000000e0100000| Complete 
|   2|0x00000000e0200000, 0x00000000e0300000, 0x00000000e0300000|100%|HC|  |TAMS 0x00000000e0200000| PB 0x00000000e0200000| Complete 
|   3|0x00000000e0300000, 0x00000000e0400000, 0x00000000e0400000|100%|HC|  |TAMS 0x00000000e0300000| PB 0x00000000e0300000| Complete 
|   4|0x00000000e0400000, 0x00000000e0500000, 0x00000000e0500000|100%| O|  |TAMS 0x00000000e0400000| PB 0x00000000e0400000| Untracked 
|   5|0x00000000e0500000, 0x00000000e0600000, 0x00000000e0600000|100%| O|  |TAMS 0x00000000e0500000| PB 0x00000000e0500000| Untracked 
|   6|0x00000000e0600000, 0x00000000e0700000, 0x00000000e0700000|100%| O|  |TAMS 0x00000000e0600000| PB 0x00000000e0600000| Untracked 
|   7|0x00000000e0700000, 0x00000000e0700000, 0x00000000e0800000|  0%| F|  |TAMS 0x00000000e0700000| PB 0x00000000e0700000| Untracked 
|   8|0x00000000e0800000, 0x00000000e0900000, 0x00000000e0900000|100%|HS|  |TAMS 0x00000000e0800000| PB 0x00000000e0800000| Complete 
|   9|0x00000000e0900000, 0x00000000e0a00000, 0x00000000e0a00000|100%| O|  |TAMS 0x00000000e0900000| PB 0x00000000e0900000| Untracked 
|  10|0x00000000e0a00000, 0x00000000e0b00000, 0x00000000e0b00000|100%| O|  |TAMS 0x00000000e0a00000| PB 0x00000000e0a00000| Untracked 
|  11|0x00000000e0b00000, 0x00000000e0c00000, 0x00000000e0c00000|100%| O|  |TAMS 0x00000000e0b00000| PB 0x00000000e0b00000| Untracked 
|  12|0x00000000e0c00000, 0x00000000e0d00000, 0x00000000e0d00000|100%| O|  |TAMS 0x00000000e0c00000| PB 0x00000000e0c00000| Untracked 
|  13|0x00000000e0d00000, 0x00000000e0e00000, 0x00000000e0e00000|100%| O|  |TAMS 0x00000000e0d00000| PB 0x00000000e0d00000| Untracked 
|  14|0x00000000e0e00000, 0x00000000e0f00000, 0x00000000e0f00000|100%| O|  |TAMS 0x00000000e0e00000| PB 0x00000000e0e00000| Untracked 
|  15|0x00000000e0f00000, 0x00000000e1000000, 0x00000000e1000000|100%| O|  |TAMS 0x00000000e0f00000| PB 0x00000000e0f00000| Untracked 
|  16|0x00000000e1000000, 0x00000000e1100000, 0x00000000e1100000|100%| O|  |TAMS 0x00000000e1000000| PB 0x00000000e1000000| Untracked 
|  17|0x00000000e1100000, 0x00000000e1200000, 0x00000000e1200000|100%| O|  |TAMS 0x00000000e1100000| PB 0x00000000e1100000| Untracked 
|  18|0x00000000e1200000, 0x00000000e1300000, 0x00000000e1300000|100%| O|  |TAMS 0x00000000e1200000| PB 0x00000000e1200000| Untracked 
|  19|0x00000000e1300000, 0x00000000e1400000, 0x00000000e1400000|100%| O|  |TAMS 0x00000000e1300000| PB 0x00000000e1300000| Untracked 
|  20|0x00000000e1400000, 0x00000000e1500000, 0x00000000e1500000|100%| O|  |TAMS 0x00000000e1400000| PB 0x00000000e1400000| Untracked 
|  21|0x00000000e1500000, 0x00000000e1600000, 0x00000000e1600000|100%| O|  |TAMS 0x00000000e1500000| PB 0x00000000e1500000| Untracked 
|  22|0x00000000e1600000, 0x00000000e1700000, 0x00000000e1700000|100%| O|  |TAMS 0x00000000e1600000| PB 0x00000000e1600000| Untracked 
|  23|0x00000000e1700000, 0x00000000e17ef170, 0x00000000e1800000| 93%| O|  |TAMS 0x00000000e1700000| PB 0x00000000e1700000| Untracked 
|  24|0x00000000e1800000, 0x00000000e1800000, 0x00000000e1900000|  0%| F|  |TAMS 0x00000000e1800000| PB 0x00000000e1800000| Untracked 
|  25|0x00000000e1900000, 0x00000000e1900000, 0x00000000e1a00000|  0%| F|  |TAMS 0x00000000e1900000| PB 0x00000000e1900000| Untracked 
|  26|0x00000000e1a00000, 0x00000000e1a00000, 0x00000000e1b00000|  0%| F|  |TAMS 0x00000000e1a00000| PB 0x00000000e1a00000| Untracked 
|  27|0x00000000e1b00000, 0x00000000e1b00000, 0x00000000e1c00000|  0%| F|  |TAMS 0x00000000e1b00000| PB 0x00000000e1b00000| Untracked 
|  28|0x00000000e1c00000, 0x00000000e1c00000, 0x00000000e1d00000|  0%| F|  |TAMS 0x00000000e1c00000| PB 0x00000000e1c00000| Untracked 
|  29|0x00000000e1d00000, 0x00000000e1d00000, 0x00000000e1e00000|  0%| F|  |TAMS 0x00000000e1d00000| PB 0x00000000e1d00000| Untracked 
|  30|0x00000000e1e00000, 0x00000000e1e00000, 0x00000000e1f00000|  0%| F|  |TAMS 0x00000000e1e00000| PB 0x00000000e1e00000| Untracked 
|  31|0x00000000e1f00000, 0x00000000e1f00000, 0x00000000e2000000|  0%| F|  |TAMS 0x00000000e1f00000| PB 0x00000000e1f00000| Untracked 
|  32|0x00000000e2000000, 0x00000000e2000000, 0x00000000e2100000|  0%| F|  |TAMS 0x00000000e2000000| PB 0x00000000e2000000| Untracked 
|  33|0x00000000e2100000, 0x00000000e2100000, 0x00000000e2200000|  0%| F|  |TAMS 0x00000000e2100000| PB 0x00000000e2100000| Untracked 
|  34|0x00000000e2200000, 0x00000000e2200000, 0x00000000e2300000|  0%| F|  |TAMS 0x00000000e2200000| PB 0x00000000e2200000| Untracked 
|  35|0x00000000e2300000, 0x00000000e2300000, 0x00000000e2400000|  0%| F|  |TAMS 0x00000000e2300000| PB 0x00000000e2300000| Untracked 
|  36|0x00000000e2400000, 0x00000000e2400000, 0x00000000e2500000|  0%| F|  |TAMS 0x00000000e2400000| PB 0x00000000e2400000| Untracked 
|  37|0x00000000e2500000, 0x00000000e2500000, 0x00000000e2600000|  0%| F|  |TAMS 0x00000000e2500000| PB 0x00000000e2500000| Untracked 
|  38|0x00000000e2600000, 0x00000000e2600000, 0x00000000e2700000|  0%| F|  |TAMS 0x00000000e2600000| PB 0x00000000e2600000| Untracked 
|  39|0x00000000e2700000, 0x00000000e2700000, 0x00000000e2800000|  0%| F|  |TAMS 0x00000000e2700000| PB 0x00000000e2700000| Untracked 
|  40|0x00000000e2800000, 0x00000000e2800000, 0x00000000e2900000|  0%| F|  |TAMS 0x00000000e2800000| PB 0x00000000e2800000| Untracked 
|  41|0x00000000e2900000, 0x00000000e2900000, 0x00000000e2a00000|  0%| F|  |TAMS 0x00000000e2900000| PB 0x00000000e2900000| Untracked 
|  42|0x00000000e2a00000, 0x00000000e2a00000, 0x00000000e2b00000|  0%| F|  |TAMS 0x00000000e2a00000| PB 0x00000000e2a00000| Untracked 
|  43|0x00000000e2b00000, 0x00000000e2b00000, 0x00000000e2c00000|  0%| F|  |TAMS 0x00000000e2b00000| PB 0x00000000e2b00000| Untracked 
|  44|0x00000000e2c00000, 0x00000000e2c00000, 0x00000000e2d00000|  0%| F|  |TAMS 0x00000000e2c00000| PB 0x00000000e2c00000| Untracked 
|  45|0x00000000e2d00000, 0x00000000e2d00000, 0x00000000e2e00000|  0%| F|  |TAMS 0x00000000e2d00000| PB 0x00000000e2d00000| Untracked 
|  46|0x00000000e2e00000, 0x00000000e2e00000, 0x00000000e2f00000|  0%| F|  |TAMS 0x00000000e2e00000| PB 0x00000000e2e00000| Untracked 
|  47|0x00000000e2f00000, 0x00000000e2f00000, 0x00000000e3000000|  0%| F|  |TAMS 0x00000000e2f00000| PB 0x00000000e2f00000| Untracked 
|  48|0x00000000e3000000, 0x00000000e3000000, 0x00000000e3100000|  0%| F|  |TAMS 0x00000000e3000000| PB 0x00000000e3000000| Untracked 
|  49|0x00000000e3100000, 0x00000000e3100000, 0x00000000e3200000|  0%| F|  |TAMS 0x00000000e3100000| PB 0x00000000e3100000| Untracked 
|  50|0x00000000e3200000, 0x00000000e3200000, 0x00000000e3300000|  0%| F|  |TAMS 0x00000000e3200000| PB 0x00000000e3200000| Untracked 
|  51|0x00000000e3300000, 0x00000000e3300000, 0x00000000e3400000|  0%| F|  |TAMS 0x00000000e3300000| PB 0x00000000e3300000| Untracked 
|  52|0x00000000e3400000, 0x00000000e3400000, 0x00000000e3500000|  0%| F|  |TAMS 0x00000000e3400000| PB 0x00000000e3400000| Untracked 
|  53|0x00000000e3500000, 0x00000000e3500000, 0x00000000e3600000|  0%| F|  |TAMS 0x00000000e3500000| PB 0x00000000e3500000| Untracked 
|  54|0x00000000e3600000, 0x00000000e3600000, 0x00000000e3700000|  0%| F|  |TAMS 0x00000000e3600000| PB 0x00000000e3600000| Untracked 
|  55|0x00000000e3700000, 0x00000000e3700000, 0x00000000e3800000|  0%| F|  |TAMS 0x00000000e3700000| PB 0x00000000e3700000| Untracked 
|  56|0x00000000e3800000, 0x00000000e3800000, 0x00000000e3900000|  0%| F|  |TAMS 0x00000000e3800000| PB 0x00000000e3800000| Untracked 
|  57|0x00000000e3900000, 0x00000000e3900000, 0x00000000e3a00000|  0%| F|  |TAMS 0x00000000e3900000| PB 0x00000000e3900000| Untracked 
|  58|0x00000000e3a00000, 0x00000000e3a00000, 0x00000000e3b00000|  0%| F|  |TAMS 0x00000000e3a00000| PB 0x00000000e3a00000| Untracked 
|  59|0x00000000e3b00000, 0x00000000e3b00000, 0x00000000e3c00000|  0%| F|  |TAMS 0x00000000e3b00000| PB 0x00000000e3b00000| Untracked 
|  60|0x00000000e3c00000, 0x00000000e3c00000, 0x00000000e3d00000|  0%| F|  |TAMS 0x00000000e3c00000| PB 0x00000000e3c00000| Untracked 
|  61|0x00000000e3d00000, 0x00000000e3d00000, 0x00000000e3e00000|  0%| F|  |TAMS 0x00000000e3d00000| PB 0x00000000e3d00000| Untracked 
|  62|0x00000000e3e00000, 0x00000000e3e00000, 0x00000000e3f00000|  0%| F|  |TAMS 0x00000000e3e00000| PB 0x00000000e3e00000| Untracked 
|  63|0x00000000e3f00000, 0x00000000e3f00000, 0x00000000e4000000|  0%| F|  |TAMS 0x00000000e3f00000| PB 0x00000000e3f00000| Untracked 
|  64|0x00000000e4000000, 0x00000000e4000000, 0x00000000e4100000|  0%| F|  |TAMS 0x00000000e4000000| PB 0x00000000e4000000| Untracked 
|  65|0x00000000e4100000, 0x00000000e4100000, 0x00000000e4200000|  0%| F|  |TAMS 0x00000000e4100000| PB 0x00000000e4100000| Untracked 
|  66|0x00000000e4200000, 0x00000000e4200000, 0x00000000e4300000|  0%| F|  |TAMS 0x00000000e4200000| PB 0x00000000e4200000| Untracked 
|  67|0x00000000e4300000, 0x00000000e4300000, 0x00000000e4400000|  0%| F|  |TAMS 0x00000000e4300000| PB 0x00000000e4300000| Untracked 
|  68|0x00000000e4400000, 0x00000000e4400000, 0x00000000e4500000|  0%| F|  |TAMS 0x00000000e4400000| PB 0x00000000e4400000| Untracked 
|  69|0x00000000e4500000, 0x00000000e4500000, 0x00000000e4600000|  0%| F|  |TAMS 0x00000000e4500000| PB 0x00000000e4500000| Untracked 
|  70|0x00000000e4600000, 0x00000000e4600000, 0x00000000e4700000|  0%| F|  |TAMS 0x00000000e4600000| PB 0x00000000e4600000| Untracked 
|  71|0x00000000e4700000, 0x00000000e4700000, 0x00000000e4800000|  0%| F|  |TAMS 0x00000000e4700000| PB 0x00000000e4700000| Untracked 
|  72|0x00000000e4800000, 0x00000000e4800000, 0x00000000e4900000|  0%| F|  |TAMS 0x00000000e4800000| PB 0x00000000e4800000| Untracked 
|  73|0x00000000e4900000, 0x00000000e4900000, 0x00000000e4a00000|  0%| F|  |TAMS 0x00000000e4900000| PB 0x00000000e4900000| Untracked 
|  74|0x00000000e4a00000, 0x00000000e4a00000, 0x00000000e4b00000|  0%| F|  |TAMS 0x00000000e4a00000| PB 0x00000000e4a00000| Untracked 
|  75|0x00000000e4b00000, 0x00000000e4b00000, 0x00000000e4c00000|  0%| F|  |TAMS 0x00000000e4b00000| PB 0x00000000e4b00000| Untracked 
|  76|0x00000000e4c00000, 0x00000000e4c00000, 0x00000000e4d00000|  0%| F|  |TAMS 0x00000000e4c00000| PB 0x00000000e4c00000| Untracked 
|  77|0x00000000e4d00000, 0x00000000e4d00000, 0x00000000e4e00000|  0%| F|  |TAMS 0x00000000e4d00000| PB 0x00000000e4d00000| Untracked 
|  78|0x00000000e4e00000, 0x00000000e4e00000, 0x00000000e4f00000|  0%| F|  |TAMS 0x00000000e4e00000| PB 0x00000000e4e00000| Untracked 
|  79|0x00000000e4f00000, 0x00000000e4f00000, 0x00000000e5000000|  0%| F|  |TAMS 0x00000000e4f00000| PB 0x00000000e4f00000| Untracked 
|  80|0x00000000e5000000, 0x00000000e5000000, 0x00000000e5100000|  0%| F|  |TAMS 0x00000000e5000000| PB 0x00000000e5000000| Untracked 
|  81|0x00000000e5100000, 0x00000000e5100000, 0x00000000e5200000|  0%| F|  |TAMS 0x00000000e5100000| PB 0x00000000e5100000| Untracked 
|  82|0x00000000e5200000, 0x00000000e5200000, 0x00000000e5300000|  0%| F|  |TAMS 0x00000000e5200000| PB 0x00000000e5200000| Untracked 
|  83|0x00000000e5300000, 0x00000000e5300000, 0x00000000e5400000|  0%| F|  |TAMS 0x00000000e5300000| PB 0x00000000e5300000| Untracked 
|  84|0x00000000e5400000, 0x00000000e5400000, 0x00000000e5500000|  0%| F|  |TAMS 0x00000000e5400000| PB 0x00000000e5400000| Untracked 
|  85|0x00000000e5500000, 0x00000000e5500000, 0x00000000e5600000|  0%| F|  |TAMS 0x00000000e5500000| PB 0x00000000e5500000| Untracked 
|  86|0x00000000e5600000, 0x00000000e5600000, 0x00000000e5700000|  0%| F|  |TAMS 0x00000000e5600000| PB 0x00000000e5600000| Untracked 
|  87|0x00000000e5700000, 0x00000000e5700000, 0x00000000e5800000|  0%| F|  |TAMS 0x00000000e5700000| PB 0x00000000e5700000| Untracked 
|  88|0x00000000e5800000, 0x00000000e5800000, 0x00000000e5900000|  0%| F|  |TAMS 0x00000000e5800000| PB 0x00000000e5800000| Untracked 
|  89|0x00000000e5900000, 0x00000000e5900000, 0x00000000e5a00000|  0%| F|  |TAMS 0x00000000e5900000| PB 0x00000000e5900000| Untracked 
|  90|0x00000000e5a00000, 0x00000000e5a00000, 0x00000000e5b00000|  0%| F|  |TAMS 0x00000000e5a00000| PB 0x00000000e5a00000| Untracked 
|  91|0x00000000e5b00000, 0x00000000e5b00000, 0x00000000e5c00000|  0%| F|  |TAMS 0x00000000e5b00000| PB 0x00000000e5b00000| Untracked 
|  92|0x00000000e5c00000, 0x00000000e5c00000, 0x00000000e5d00000|  0%| F|  |TAMS 0x00000000e5c00000| PB 0x00000000e5c00000| Untracked 
|  93|0x00000000e5d00000, 0x00000000e5d00000, 0x00000000e5e00000|  0%| F|  |TAMS 0x00000000e5d00000| PB 0x00000000e5d00000| Untracked 
|  94|0x00000000e5e00000, 0x00000000e5e00000, 0x00000000e5f00000|  0%| F|  |TAMS 0x00000000e5e00000| PB 0x00000000e5e00000| Untracked 
|  95|0x00000000e5f00000, 0x00000000e5f00000, 0x00000000e6000000|  0%| F|  |TAMS 0x00000000e5f00000| PB 0x00000000e5f00000| Untracked 
|  96|0x00000000e6000000, 0x00000000e6000000, 0x00000000e6100000|  0%| F|  |TAMS 0x00000000e6000000| PB 0x00000000e6000000| Untracked 
|  97|0x00000000e6100000, 0x00000000e6100000, 0x00000000e6200000|  0%| F|  |TAMS 0x00000000e6100000| PB 0x00000000e6100000| Untracked 
|  98|0x00000000e6200000, 0x00000000e6200000, 0x00000000e6300000|  0%| F|  |TAMS 0x00000000e6200000| PB 0x00000000e6200000| Untracked 
|  99|0x00000000e6300000, 0x00000000e6300000, 0x00000000e6400000|  0%| F|  |TAMS 0x00000000e6300000| PB 0x00000000e6300000| Untracked 
| 100|0x00000000e6400000, 0x00000000e6400000, 0x00000000e6500000|  0%| F|  |TAMS 0x00000000e6400000| PB 0x00000000e6400000| Untracked 
| 101|0x00000000e6500000, 0x00000000e6500000, 0x00000000e6600000|  0%| F|  |TAMS 0x00000000e6500000| PB 0x00000000e6500000| Untracked 
| 102|0x00000000e6600000, 0x00000000e6600000, 0x00000000e6700000|  0%| F|  |TAMS 0x00000000e6600000| PB 0x00000000e6600000| Untracked 
| 103|0x00000000e6700000, 0x00000000e6700000, 0x00000000e6800000|  0%| F|  |TAMS 0x00000000e6700000| PB 0x00000000e6700000| Untracked 
| 104|0x00000000e6800000, 0x00000000e6800000, 0x00000000e6900000|  0%| F|  |TAMS 0x00000000e6800000| PB 0x00000000e6800000| Untracked 
| 105|0x00000000e6900000, 0x00000000e6900000, 0x00000000e6a00000|  0%| F|  |TAMS 0x00000000e6900000| PB 0x00000000e6900000| Untracked 
| 106|0x00000000e6a00000, 0x00000000e6a00000, 0x00000000e6b00000|  0%| F|  |TAMS 0x00000000e6a00000| PB 0x00000000e6a00000| Untracked 
| 107|0x00000000e6b00000, 0x00000000e6b00000, 0x00000000e6c00000|  0%| F|  |TAMS 0x00000000e6b00000| PB 0x00000000e6b00000| Untracked 
| 108|0x00000000e6c00000, 0x00000000e6c00000, 0x00000000e6d00000|  0%| F|  |TAMS 0x00000000e6c00000| PB 0x00000000e6c00000| Untracked 
| 109|0x00000000e6d00000, 0x00000000e6d00000, 0x00000000e6e00000|  0%| F|  |TAMS 0x00000000e6d00000| PB 0x00000000e6d00000| Untracked 
| 110|0x00000000e6e00000, 0x00000000e6e00000, 0x00000000e6f00000|  0%| F|  |TAMS 0x00000000e6e00000| PB 0x00000000e6e00000| Untracked 
| 111|0x00000000e6f00000, 0x00000000e6f00000, 0x00000000e7000000|  0%| F|  |TAMS 0x00000000e6f00000| PB 0x00000000e6f00000| Untracked 
| 112|0x00000000e7000000, 0x00000000e7000000, 0x00000000e7100000|  0%| F|  |TAMS 0x00000000e7000000| PB 0x00000000e7000000| Untracked 
| 113|0x00000000e7100000, 0x00000000e7100000, 0x00000000e7200000|  0%| F|  |TAMS 0x00000000e7100000| PB 0x00000000e7100000| Untracked 
| 114|0x00000000e7200000, 0x00000000e7200000, 0x00000000e7300000|  0%| F|  |TAMS 0x00000000e7200000| PB 0x00000000e7200000| Untracked 
| 115|0x00000000e7300000, 0x00000000e7300000, 0x00000000e7400000|  0%| F|  |TAMS 0x00000000e7300000| PB 0x00000000e7300000| Untracked 
| 116|0x00000000e7400000, 0x00000000e7400000, 0x00000000e7500000|  0%| F|  |TAMS 0x00000000e7400000| PB 0x00000000e7400000| Untracked 
| 117|0x00000000e7500000, 0x00000000e7500000, 0x00000000e7600000|  0%| F|  |TAMS 0x00000000e7500000| PB 0x00000000e7500000| Untracked 
| 118|0x00000000e7600000, 0x00000000e7600000, 0x00000000e7700000|  0%| F|  |TAMS 0x00000000e7600000| PB 0x00000000e7600000| Untracked 
| 119|0x00000000e7700000, 0x00000000e7700000, 0x00000000e7800000|  0%| F|  |TAMS 0x00000000e7700000| PB 0x00000000e7700000| Untracked 
| 120|0x00000000e7800000, 0x00000000e7800000, 0x00000000e7900000|  0%| F|  |TAMS 0x00000000e7800000| PB 0x00000000e7800000| Untracked 
| 121|0x00000000e7900000, 0x00000000e7900000, 0x00000000e7a00000|  0%| F|  |TAMS 0x00000000e7900000| PB 0x00000000e7900000| Untracked 
| 122|0x00000000e7a00000, 0x00000000e7a00000, 0x00000000e7b00000|  0%| F|  |TAMS 0x00000000e7a00000| PB 0x00000000e7a00000| Untracked 
| 123|0x00000000e7b00000, 0x00000000e7b00000, 0x00000000e7c00000|  0%| F|  |TAMS 0x00000000e7b00000| PB 0x00000000e7b00000| Untracked 
| 124|0x00000000e7c00000, 0x00000000e7c00000, 0x00000000e7d00000|  0%| F|  |TAMS 0x00000000e7c00000| PB 0x00000000e7c00000| Untracked 
| 125|0x00000000e7d00000, 0x00000000e7d00000, 0x00000000e7e00000|  0%| F|  |TAMS 0x00000000e7d00000| PB 0x00000000e7d00000| Untracked 
| 126|0x00000000e7e00000, 0x00000000e7e00000, 0x00000000e7f00000|  0%| F|  |TAMS 0x00000000e7e00000| PB 0x00000000e7e00000| Untracked 
| 127|0x00000000e7f00000, 0x00000000e7f00000, 0x00000000e8000000|  0%| F|  |TAMS 0x00000000e7f00000| PB 0x00000000e7f00000| Untracked 
| 128|0x00000000e8000000, 0x00000000e8000000, 0x00000000e8100000|  0%| F|  |TAMS 0x00000000e8000000| PB 0x00000000e8000000| Untracked 
| 129|0x00000000e8100000, 0x00000000e8100000, 0x00000000e8200000|  0%| F|  |TAMS 0x00000000e8100000| PB 0x00000000e8100000| Untracked 
| 130|0x00000000e8200000, 0x00000000e8200000, 0x00000000e8300000|  0%| F|  |TAMS 0x00000000e8200000| PB 0x00000000e8200000| Untracked 
| 131|0x00000000e8300000, 0x00000000e8300000, 0x00000000e8400000|  0%| F|  |TAMS 0x00000000e8300000| PB 0x00000000e8300000| Untracked 
| 132|0x00000000e8400000, 0x00000000e8400000, 0x00000000e8500000|  0%| F|  |TAMS 0x00000000e8400000| PB 0x00000000e8400000| Untracked 
| 133|0x00000000e8500000, 0x00000000e8500000, 0x00000000e8600000|  0%| F|  |TAMS 0x00000000e8500000| PB 0x00000000e8500000| Untracked 
| 134|0x00000000e8600000, 0x00000000e8600000, 0x00000000e8700000|  0%| F|  |TAMS 0x00000000e8600000| PB 0x00000000e8600000| Untracked 
| 135|0x00000000e8700000, 0x00000000e8700000, 0x00000000e8800000|  0%| F|  |TAMS 0x00000000e8700000| PB 0x00000000e8700000| Untracked 
| 136|0x00000000e8800000, 0x00000000e8800000, 0x00000000e8900000|  0%| F|  |TAMS 0x00000000e8800000| PB 0x00000000e8800000| Untracked 
| 137|0x00000000e8900000, 0x00000000e8900000, 0x00000000e8a00000|  0%| F|  |TAMS 0x00000000e8900000| PB 0x00000000e8900000| Untracked 
| 138|0x00000000e8a00000, 0x00000000e8a00000, 0x00000000e8b00000|  0%| F|  |TAMS 0x00000000e8a00000| PB 0x00000000e8a00000| Untracked 
| 139|0x00000000e8b00000, 0x00000000e8b00000, 0x00000000e8c00000|  0%| F|  |TAMS 0x00000000e8b00000| PB 0x00000000e8b00000| Untracked 
| 140|0x00000000e8c00000, 0x00000000e8c00000, 0x00000000e8d00000|  0%| F|  |TAMS 0x00000000e8c00000| PB 0x00000000e8c00000| Untracked 
| 141|0x00000000e8d00000, 0x00000000e8d00000, 0x00000000e8e00000|  0%| F|  |TAMS 0x00000000e8d00000| PB 0x00000000e8d00000| Untracked 
| 142|0x00000000e8e00000, 0x00000000e8e00000, 0x00000000e8f00000|  0%| F|  |TAMS 0x00000000e8e00000| PB 0x00000000e8e00000| Untracked 
| 143|0x00000000e8f00000, 0x00000000e8f00000, 0x00000000e9000000|  0%| F|  |TAMS 0x00000000e8f00000| PB 0x00000000e8f00000| Untracked 
| 144|0x00000000e9000000, 0x00000000e9000000, 0x00000000e9100000|  0%| F|  |TAMS 0x00000000e9000000| PB 0x00000000e9000000| Untracked 
| 145|0x00000000e9100000, 0x00000000e9100000, 0x00000000e9200000|  0%| F|  |TAMS 0x00000000e9100000| PB 0x00000000e9100000| Untracked 
| 146|0x00000000e9200000, 0x00000000e9200000, 0x00000000e9300000|  0%| F|  |TAMS 0x00000000e9200000| PB 0x00000000e9200000| Untracked 
| 147|0x00000000e9300000, 0x00000000e9300000, 0x00000000e9400000|  0%| F|  |TAMS 0x00000000e9300000| PB 0x00000000e9300000| Untracked 
| 148|0x00000000e9400000, 0x00000000e9400000, 0x00000000e9500000|  0%| F|  |TAMS 0x00000000e9400000| PB 0x00000000e9400000| Untracked 
| 149|0x00000000e9500000, 0x00000000e9500000, 0x00000000e9600000|  0%| F|  |TAMS 0x00000000e9500000| PB 0x00000000e9500000| Untracked 
| 150|0x00000000e9600000, 0x00000000e9600000, 0x00000000e9700000|  0%| F|  |TAMS 0x00000000e9600000| PB 0x00000000e9600000| Untracked 
| 151|0x00000000e9700000, 0x00000000e9700000, 0x00000000e9800000|  0%| F|  |TAMS 0x00000000e9700000| PB 0x00000000e9700000| Untracked 
| 152|0x00000000e9800000, 0x00000000e9800000, 0x00000000e9900000|  0%| F|  |TAMS 0x00000000e9800000| PB 0x00000000e9800000| Untracked 
| 153|0x00000000e9900000, 0x00000000e9900000, 0x00000000e9a00000|  0%| F|  |TAMS 0x00000000e9900000| PB 0x00000000e9900000| Untracked 
| 154|0x00000000e9a00000, 0x00000000e9a00000, 0x00000000e9b00000|  0%| F|  |TAMS 0x00000000e9a00000| PB 0x00000000e9a00000| Untracked 
| 155|0x00000000e9b00000, 0x00000000e9b00000, 0x00000000e9c00000|  0%| F|  |TAMS 0x00000000e9b00000| PB 0x00000000e9b00000| Untracked 
| 156|0x00000000e9c00000, 0x00000000e9c00000, 0x00000000e9d00000|  0%| F|  |TAMS 0x00000000e9c00000| PB 0x00000000e9c00000| Untracked 
| 157|0x00000000e9d00000, 0x00000000e9d00000, 0x00000000e9e00000|  0%| F|  |TAMS 0x00000000e9d00000| PB 0x00000000e9d00000| Untracked 
| 158|0x00000000e9e00000, 0x00000000e9e00000, 0x00000000e9f00000|  0%| F|  |TAMS 0x00000000e9e00000| PB 0x00000000e9e00000| Untracked 
| 159|0x00000000e9f00000, 0x00000000e9f00000, 0x00000000ea000000|  0%| F|  |TAMS 0x00000000e9f00000| PB 0x00000000e9f00000| Untracked 
| 160|0x00000000ea000000, 0x00000000ea000000, 0x00000000ea100000|  0%| F|  |TAMS 0x00000000ea000000| PB 0x00000000ea000000| Untracked 
| 161|0x00000000ea100000, 0x00000000ea100000, 0x00000000ea200000|  0%| F|  |TAMS 0x00000000ea100000| PB 0x00000000ea100000| Untracked 
| 162|0x00000000ea200000, 0x00000000ea200000, 0x00000000ea300000|  0%| F|  |TAMS 0x00000000ea200000| PB 0x00000000ea200000| Untracked 
| 163|0x00000000ea300000, 0x00000000ea300000, 0x00000000ea400000|  0%| F|  |TAMS 0x00000000ea300000| PB 0x00000000ea300000| Untracked 
| 164|0x00000000ea400000, 0x00000000ea400000, 0x00000000ea500000|  0%| F|  |TAMS 0x00000000ea400000| PB 0x00000000ea400000| Untracked 
| 165|0x00000000ea500000, 0x00000000ea500000, 0x00000000ea600000|  0%| F|  |TAMS 0x00000000ea500000| PB 0x00000000ea500000| Untracked 
| 166|0x00000000ea600000, 0x00000000ea600000, 0x00000000ea700000|  0%| F|  |TAMS 0x00000000ea600000| PB 0x00000000ea600000| Untracked 
| 167|0x00000000ea700000, 0x00000000ea700000, 0x00000000ea800000|  0%| F|  |TAMS 0x00000000ea700000| PB 0x00000000ea700000| Untracked 
| 168|0x00000000ea800000, 0x00000000ea800000, 0x00000000ea900000|  0%| F|  |TAMS 0x00000000ea800000| PB 0x00000000ea800000| Untracked 
| 169|0x00000000ea900000, 0x00000000ea900000, 0x00000000eaa00000|  0%| F|  |TAMS 0x00000000ea900000| PB 0x00000000ea900000| Untracked 
| 170|0x00000000eaa00000, 0x00000000eaa00000, 0x00000000eab00000|  0%| F|  |TAMS 0x00000000eaa00000| PB 0x00000000eaa00000| Untracked 
| 171|0x00000000eab00000, 0x00000000eab00000, 0x00000000eac00000|  0%| F|  |TAMS 0x00000000eab00000| PB 0x00000000eab00000| Untracked 
| 172|0x00000000eac00000, 0x00000000eac00000, 0x00000000ead00000|  0%| F|  |TAMS 0x00000000eac00000| PB 0x00000000eac00000| Untracked 
| 173|0x00000000ead00000, 0x00000000ead00000, 0x00000000eae00000|  0%| F|  |TAMS 0x00000000ead00000| PB 0x00000000ead00000| Untracked 
| 174|0x00000000eae00000, 0x00000000eae00000, 0x00000000eaf00000|  0%| F|  |TAMS 0x00000000eae00000| PB 0x00000000eae00000| Untracked 
| 175|0x00000000eaf00000, 0x00000000eaf00000, 0x00000000eb000000|  0%| F|  |TAMS 0x00000000eaf00000| PB 0x00000000eaf00000| Untracked 
| 176|0x00000000eb000000, 0x00000000eb000000, 0x00000000eb100000|  0%| F|  |TAMS 0x00000000eb000000| PB 0x00000000eb000000| Untracked 
| 177|0x00000000eb100000, 0x00000000eb100000, 0x00000000eb200000|  0%| F|  |TAMS 0x00000000eb100000| PB 0x00000000eb100000| Untracked 
| 178|0x00000000eb200000, 0x00000000eb200000, 0x00000000eb300000|  0%| F|  |TAMS 0x00000000eb200000| PB 0x00000000eb200000| Untracked 
| 179|0x00000000eb300000, 0x00000000eb300000, 0x00000000eb400000|  0%| F|  |TAMS 0x00000000eb300000| PB 0x00000000eb300000| Untracked 
| 180|0x00000000eb400000, 0x00000000eb400000, 0x00000000eb500000|  0%| F|  |TAMS 0x00000000eb400000| PB 0x00000000eb400000| Untracked 
| 181|0x00000000eb500000, 0x00000000eb500000, 0x00000000eb600000|  0%| F|  |TAMS 0x00000000eb500000| PB 0x00000000eb500000| Untracked 
| 182|0x00000000eb600000, 0x00000000eb600000, 0x00000000eb700000|  0%| F|  |TAMS 0x00000000eb600000| PB 0x00000000eb600000| Untracked 
| 183|0x00000000eb700000, 0x00000000eb700000, 0x00000000eb800000|  0%| F|  |TAMS 0x00000000eb700000| PB 0x00000000eb700000| Untracked 
| 184|0x00000000eb800000, 0x00000000eb800000, 0x00000000eb900000|  0%| F|  |TAMS 0x00000000eb800000| PB 0x00000000eb800000| Untracked 
| 185|0x00000000eb900000, 0x00000000eb900000, 0x00000000eba00000|  0%| F|  |TAMS 0x00000000eb900000| PB 0x00000000eb900000| Untracked 
| 186|0x00000000eba00000, 0x00000000eba00000, 0x00000000ebb00000|  0%| F|  |TAMS 0x00000000eba00000| PB 0x00000000eba00000| Untracked 
| 187|0x00000000ebb00000, 0x00000000ebb00000, 0x00000000ebc00000|  0%| F|  |TAMS 0x00000000ebb00000| PB 0x00000000ebb00000| Untracked 
| 188|0x00000000ebc00000, 0x00000000ebc00000, 0x00000000ebd00000|  0%| F|  |TAMS 0x00000000ebc00000| PB 0x00000000ebc00000| Untracked 
| 189|0x00000000ebd00000, 0x00000000ebd00000, 0x00000000ebe00000|  0%| F|  |TAMS 0x00000000ebd00000| PB 0x00000000ebd00000| Untracked 
| 190|0x00000000ebe00000, 0x00000000ebe00000, 0x00000000ebf00000|  0%| F|  |TAMS 0x00000000ebe00000| PB 0x00000000ebe00000| Untracked 
| 191|0x00000000ebf00000, 0x00000000ebf00000, 0x00000000ec000000|  0%| F|  |TAMS 0x00000000ebf00000| PB 0x00000000ebf00000| Untracked 
| 192|0x00000000ec000000, 0x00000000ec000000, 0x00000000ec100000|  0%| F|  |TAMS 0x00000000ec000000| PB 0x00000000ec000000| Untracked 
| 193|0x00000000ec100000, 0x00000000ec100000, 0x00000000ec200000|  0%| F|  |TAMS 0x00000000ec100000| PB 0x00000000ec100000| Untracked 
| 194|0x00000000ec200000, 0x00000000ec200000, 0x00000000ec300000|  0%| F|  |TAMS 0x00000000ec200000| PB 0x00000000ec200000| Untracked 
| 195|0x00000000ec300000, 0x00000000ec300000, 0x00000000ec400000|  0%| F|  |TAMS 0x00000000ec300000| PB 0x00000000ec300000| Untracked 
| 196|0x00000000ec400000, 0x00000000ec400000, 0x00000000ec500000|  0%| F|  |TAMS 0x00000000ec400000| PB 0x00000000ec400000| Untracked 
| 197|0x00000000ec500000, 0x00000000ec500000, 0x00000000ec600000|  0%| F|  |TAMS 0x00000000ec500000| PB 0x00000000ec500000| Untracked 
| 198|0x00000000ec600000, 0x00000000ec600000, 0x00000000ec700000|  0%| F|  |TAMS 0x00000000ec600000| PB 0x00000000ec600000| Untracked 
| 199|0x00000000ec700000, 0x00000000ec700000, 0x00000000ec800000|  0%| F|  |TAMS 0x00000000ec700000| PB 0x00000000ec700000| Untracked 
| 200|0x00000000ec800000, 0x00000000ec800000, 0x00000000ec900000|  0%| F|  |TAMS 0x00000000ec800000| PB 0x00000000ec800000| Untracked 
| 201|0x00000000ec900000, 0x00000000ec980000, 0x00000000eca00000| 50%| E|  |TAMS 0x00000000ec900000| PB 0x00000000ec900000| Complete 
| 202|0x00000000eca00000, 0x00000000ecb00000, 0x00000000ecb00000|100%| E|CS|TAMS 0x00000000eca00000| PB 0x00000000eca00000| Complete 
| 203|0x00000000ecb00000, 0x00000000ecc00000, 0x00000000ecc00000|100%| E|CS|TAMS 0x00000000ecb00000| PB 0x00000000ecb00000| Complete 
| 204|0x00000000ecc00000, 0x00000000ecd00000, 0x00000000ecd00000|100%| E|CS|TAMS 0x00000000ecc00000| PB 0x00000000ecc00000| Complete 
| 205|0x00000000ecd00000, 0x00000000ece00000, 0x00000000ece00000|100%| E|CS|TAMS 0x00000000ecd00000| PB 0x00000000ecd00000| Complete 
| 206|0x00000000ece00000, 0x00000000ecf00000, 0x00000000ecf00000|100%| E|CS|TAMS 0x00000000ece00000| PB 0x00000000ece00000| Complete 
| 207|0x00000000ecf00000, 0x00000000ed000000, 0x00000000ed000000|100%| E|CS|TAMS 0x00000000ecf00000| PB 0x00000000ecf00000| Complete 
| 208|0x00000000ed000000, 0x00000000ed100000, 0x00000000ed100000|100%| E|CS|TAMS 0x00000000ed000000| PB 0x00000000ed000000| Complete 
| 209|0x00000000ed100000, 0x00000000ed200000, 0x00000000ed200000|100%| E|CS|TAMS 0x00000000ed100000| PB 0x00000000ed100000| Complete 
| 210|0x00000000ed200000, 0x00000000ed300000, 0x00000000ed300000|100%| E|CS|TAMS 0x00000000ed200000| PB 0x00000000ed200000| Complete 
| 211|0x00000000ed300000, 0x00000000ed400000, 0x00000000ed400000|100%| E|CS|TAMS 0x00000000ed300000| PB 0x00000000ed300000| Complete 
| 212|0x00000000ed400000, 0x00000000ed500000, 0x00000000ed500000|100%| E|CS|TAMS 0x00000000ed400000| PB 0x00000000ed400000| Complete 
| 213|0x00000000ed500000, 0x00000000ed600000, 0x00000000ed600000|100%| E|CS|TAMS 0x00000000ed500000| PB 0x00000000ed500000| Complete 
| 214|0x00000000ed600000, 0x00000000ed700000, 0x00000000ed700000|100%| E|CS|TAMS 0x00000000ed600000| PB 0x00000000ed600000| Complete 
| 215|0x00000000ed700000, 0x00000000ed800000, 0x00000000ed800000|100%| E|CS|TAMS 0x00000000ed700000| PB 0x00000000ed700000| Complete 
| 216|0x00000000ed800000, 0x00000000ed900000, 0x00000000ed900000|100%| E|CS|TAMS 0x00000000ed800000| PB 0x00000000ed800000| Complete 
| 217|0x00000000ed900000, 0x00000000eda00000, 0x00000000eda00000|100%| E|CS|TAMS 0x00000000ed900000| PB 0x00000000ed900000| Complete 
| 218|0x00000000eda00000, 0x00000000edb00000, 0x00000000edb00000|100%| E|CS|TAMS 0x00000000eda00000| PB 0x00000000eda00000| Complete 
| 219|0x00000000edb00000, 0x00000000edc00000, 0x00000000edc00000|100%| E|CS|TAMS 0x00000000edb00000| PB 0x00000000edb00000| Complete 
| 220|0x00000000edc00000, 0x00000000edd00000, 0x00000000edd00000|100%| E|CS|TAMS 0x00000000edc00000| PB 0x00000000edc00000| Complete 
| 221|0x00000000edd00000, 0x00000000ede00000, 0x00000000ede00000|100%| E|CS|TAMS 0x00000000edd00000| PB 0x00000000edd00000| Complete 
| 222|0x00000000ede00000, 0x00000000edf00000, 0x00000000edf00000|100%| E|CS|TAMS 0x00000000ede00000| PB 0x00000000ede00000| Complete 
| 223|0x00000000edf00000, 0x00000000ee000000, 0x00000000ee000000|100%| E|CS|TAMS 0x00000000edf00000| PB 0x00000000edf00000| Complete 
| 224|0x00000000ee000000, 0x00000000ee100000, 0x00000000ee100000|100%| E|CS|TAMS 0x00000000ee000000| PB 0x00000000ee000000| Complete 
| 225|0x00000000ee100000, 0x00000000ee200000, 0x00000000ee200000|100%| E|CS|TAMS 0x00000000ee100000| PB 0x00000000ee100000| Complete 
| 226|0x00000000ee200000, 0x00000000ee300000, 0x00000000ee300000|100%| E|CS|TAMS 0x00000000ee200000| PB 0x00000000ee200000| Complete 
| 227|0x00000000ee300000, 0x00000000ee400000, 0x00000000ee400000|100%| E|CS|TAMS 0x00000000ee300000| PB 0x00000000ee300000| Complete 
| 228|0x00000000ee400000, 0x00000000ee500000, 0x00000000ee500000|100%| E|CS|TAMS 0x00000000ee400000| PB 0x00000000ee400000| Complete 
| 229|0x00000000ee500000, 0x00000000ee600000, 0x00000000ee600000|100%| E|CS|TAMS 0x00000000ee500000| PB 0x00000000ee500000| Complete 
| 230|0x00000000ee600000, 0x00000000ee700000, 0x00000000ee700000|100%| E|CS|TAMS 0x00000000ee600000| PB 0x00000000ee600000| Complete 
| 231|0x00000000ee700000, 0x00000000ee800000, 0x00000000ee800000|100%| E|CS|TAMS 0x00000000ee700000| PB 0x00000000ee700000| Complete 
| 232|0x00000000ee800000, 0x00000000ee900000, 0x00000000ee900000|100%| E|CS|TAMS 0x00000000ee800000| PB 0x00000000ee800000| Complete 
| 233|0x00000000ee900000, 0x00000000eea00000, 0x00000000eea00000|100%| E|CS|TAMS 0x00000000ee900000| PB 0x00000000ee900000| Complete 
| 234|0x00000000eea00000, 0x00000000eeb00000, 0x00000000eeb00000|100%| E|CS|TAMS 0x00000000eea00000| PB 0x00000000eea00000| Complete 
| 235|0x00000000eeb00000, 0x00000000eec00000, 0x00000000eec00000|100%| E|CS|TAMS 0x00000000eeb00000| PB 0x00000000eeb00000| Complete 
| 236|0x00000000eec00000, 0x00000000eed00000, 0x00000000eed00000|100%| E|CS|TAMS 0x00000000eec00000| PB 0x00000000eec00000| Complete 
| 237|0x00000000eed00000, 0x00000000eee00000, 0x00000000eee00000|100%| E|CS|TAMS 0x00000000eed00000| PB 0x00000000eed00000| Complete 
| 238|0x00000000eee00000, 0x00000000eef00000, 0x00000000eef00000|100%| E|CS|TAMS 0x00000000eee00000| PB 0x00000000eee00000| Complete 
| 239|0x00000000eef00000, 0x00000000ef000000, 0x00000000ef000000|100%| E|CS|TAMS 0x00000000eef00000| PB 0x00000000eef00000| Complete 
| 240|0x00000000ef000000, 0x00000000ef0aa160, 0x00000000ef100000| 66%| S|CS|TAMS 0x00000000ef000000| PB 0x00000000ef000000| Complete 
| 241|0x00000000ef100000, 0x00000000ef200000, 0x00000000ef200000|100%| S|CS|TAMS 0x00000000ef100000| PB 0x00000000ef100000| Complete 
| 242|0x00000000ef200000, 0x00000000ef300000, 0x00000000ef300000|100%| S|CS|TAMS 0x00000000ef200000| PB 0x00000000ef200000| Complete 
| 243|0x00000000ef300000, 0x00000000ef400000, 0x00000000ef400000|100%| S|CS|TAMS 0x00000000ef300000| PB 0x00000000ef300000| Complete 
| 244|0x00000000ef400000, 0x00000000ef500000, 0x00000000ef500000|100%| S|CS|TAMS 0x00000000ef400000| PB 0x00000000ef400000| Complete 
| 245|0x00000000ef500000, 0x00000000ef600000, 0x00000000ef600000|100%| S|CS|TAMS 0x00000000ef500000| PB 0x00000000ef500000| Complete 
| 246|0x00000000ef600000, 0x00000000ef700000, 0x00000000ef700000|100%| S|CS|TAMS 0x00000000ef600000| PB 0x00000000ef600000| Complete 
| 247|0x00000000ef700000, 0x00000000ef800000, 0x00000000ef800000|100%| E|CS|TAMS 0x00000000ef700000| PB 0x00000000ef700000| Complete 
| 248|0x00000000ef800000, 0x00000000ef900000, 0x00000000ef900000|100%| E|CS|TAMS 0x00000000ef800000| PB 0x00000000ef800000| Complete 
| 249|0x00000000ef900000, 0x00000000efa00000, 0x00000000efa00000|100%| E|CS|TAMS 0x00000000ef900000| PB 0x00000000ef900000| Complete 
| 250|0x00000000efa00000, 0x00000000efb00000, 0x00000000efb00000|100%| E|CS|TAMS 0x00000000efa00000| PB 0x00000000efa00000| Complete 
| 251|0x00000000efb00000, 0x00000000efc00000, 0x00000000efc00000|100%| E|CS|TAMS 0x00000000efb00000| PB 0x00000000efb00000| Complete 
| 252|0x00000000efc00000, 0x00000000efd00000, 0x00000000efd00000|100%| E|CS|TAMS 0x00000000efc00000| PB 0x00000000efc00000| Complete 
| 253|0x00000000efd00000, 0x00000000efe00000, 0x00000000efe00000|100%| E|CS|TAMS 0x00000000efd00000| PB 0x00000000efd00000| Complete 
| 254|0x00000000efe00000, 0x00000000eff00000, 0x00000000eff00000|100%| E|CS|TAMS 0x00000000efe00000| PB 0x00000000efe00000| Complete 
| 255|0x00000000eff00000, 0x00000000f0000000, 0x00000000f0000000|100%| E|CS|TAMS 0x00000000eff00000| PB 0x00000000eff00000| Complete 

Card table byte_map: [0x0000023197e20000,0x0000023197f20000] _byte_map_base: 0x0000023197720000

Marking Bits: (CMBitMap*) 0x00000231852bd7d0
 Bits: [0x0000023197f20000, 0x0000023198720000)

Polling page: 0x0000023183080000

Metaspace:

Usage:
  Non-class:     34.49 MB used.
      Class:      5.91 MB used.
       Both:     40.40 MB used.

Virtual space:
  Non-class space:       64.00 MB reserved,      35.31 MB ( 55%) committed,  1 nodes.
      Class space:      320.00 MB reserved,       6.69 MB (  2%) committed,  1 nodes.
             Both:      384.00 MB reserved,      42.00 MB ( 11%) committed. 

Chunk freelists:
   Non-Class:  12.66 MB
       Class:  9.26 MB
        Both:  21.92 MB

MaxMetaspaceSize: 384.00 MB
CompressedClassSpaceSize: 320.00 MB
Initial GC threshold: 21.00 MB
Current GC threshold: 60.00 MB
CDS: on
 - commit_granule_bytes: 65536.
 - commit_granule_words: 8192.
 - virtual_space_node_default_size: 8388608.
 - enlarge_chunks_in_place: 1.
 - use_allocation_guard: 0.


Internal statistics:

num_allocs_failed_limit: 12.
num_arena_births: 2886.
num_arena_deaths: 0.
num_vsnodes_births: 2.
num_vsnodes_deaths: 0.
num_space_committed: 672.
num_space_uncommitted: 0.
num_chunks_returned_to_freelist: 12.
num_chunks_taken_from_freelist: 4923.
num_chunk_merges: 6.
num_chunk_splits: 3162.
num_chunks_enlarged: 1884.
num_inconsistent_stats: 0.

CodeHeap 'non-profiled nmethods': size=119168Kb used=2494Kb max_used=2494Kb free=116673Kb
 bounds [0x0000023190030000, 0x00000231902b0000, 0x0000023197490000]
CodeHeap 'profiled nmethods': size=119104Kb used=8605Kb max_used=8615Kb free=110498Kb
 bounds [0x0000023188490000, 0x0000023188d20000, 0x000002318f8e0000]
CodeHeap 'non-nmethods': size=7488Kb used=1839Kb max_used=3550Kb free=5648Kb
 bounds [0x000002318f8e0000, 0x000002318fd00000, 0x0000023190030000]
CodeCache: size=245760Kb, used=12938Kb, max_used=14659Kb, free=232819Kb
 total_blobs=5145, nmethods=4431, adapters=617, full_count=0
Compilation: enabled, stopped_count=0, restarted_count=0

Compilation events (20 events):
Event: 29.980 Thread 0x000002319b7080c0 4859       3       java.lang.invoke.LambdaForm$BasicType::basicType (187 bytes)
Event: 29.981 Thread 0x000002319b7080c0 nmethod 4859 0x0000023188580790 code [0x0000023188580a40, 0x0000023188581488]
Event: 29.981 Thread 0x000002319b7080c0 4858       3       java.util.ImmutableCollections$ListItr::<init> (25 bytes)
Event: 29.981 Thread 0x000002319b7080c0 nmethod 4858 0x000002318858c290 code [0x000002318858c440, 0x000002318858c618]
Event: 29.984 Thread 0x000002319b7080c0 4864       3       java.lang.invoke.MethodType::listToArray (22 bytes)
Event: 29.985 Thread 0x000002319b7080c0 nmethod 4864 0x000002318857f910 code [0x000002318857fb80, 0x0000023188580498]
Event: 29.985 Thread 0x000002319b7080c0 4867       1       java.lang.invoke.ClassSpecializer::topClass (5 bytes)
Event: 29.985 Thread 0x000002319b7080c0 nmethod 4867 0x0000023190109f90 code [0x000002319010a120, 0x000002319010a1e8]
Event: 29.985 Thread 0x000002319b7080c0 4868       3       java.lang.invoke.ClassSpecializer::methodSig (5 bytes)
Event: 29.985 Thread 0x000002319b7080c0 nmethod 4868 0x000002318857f410 code [0x000002318857f5c0, 0x000002318857f7f0]
Event: 29.986 Thread 0x000002319b7080c0 4871       3       java.lang.invoke.InvokerBytecodeGenerator::emitStoreInsn (21 bytes)
Event: 29.987 Thread 0x000002319b7080c0 nmethod 4871 0x00000231889cec10 code [0x00000231889cede0, 0x00000231889cf038]
Event: 29.987 Thread 0x000002319b7080c0 4872       3       java.lang.invoke.LambdaForm$BasicType::basicType (8 bytes)
Event: 29.987 Thread 0x000002319b7080c0 nmethod 4872 0x00000231889ce690 code [0x00000231889ce860, 0x00000231889ceaa0]
Event: 29.987 Thread 0x000002319b7080c0 4873       3       java.lang.invoke.ClassSpecializer$Factory$1Var::fromTypes (168 bytes)
Event: 29.987 Thread 0x000002319b706ab0 4875       4       java.lang.invoke.InvokerBytecodeGenerator::emitImplicitConversion (161 bytes)
Event: 29.989 Thread 0x000002319b7080c0 nmethod 4873 0x00000231889cd210 code [0x00000231889cd4a0, 0x00000231889ce208]
Event: 29.989 Thread 0x000002318529c990 4877       4       jdk.internal.util.ReferencedKeyMap::internKey (57 bytes)
Event: 29.990 Thread 0x000002319b7080c0 4879  s    3       java.lang.invoke.MethodTypeForm::setCachedLambdaForm (44 bytes)
Event: 29.991 Thread 0x000002319b7080c0 nmethod 4879 0x00000231889cc410 code [0x00000231889cc620, 0x00000231889ccf68]

GC Heap History (12 events):
Event: 3.083 GC heap before
{Heap before GC invocations=0 (full 0):
 garbage-first heap   total 262144K, used 27648K [0x00000000e0000000, 0x0000000100000000)
  region size 1024K, 23 young (23552K), 0 survivors (0K)
 Metaspace       used 2718K, committed 2880K, reserved 393216K
  class space    used 316K, committed 384K, reserved 327680K
}
Event: 3.961 GC heap after
{Heap after GC invocations=1 (full 0):
 garbage-first heap   total 262144K, used 10794K [0x00000000e0000000, 0x0000000100000000)
  region size 1024K, 3 young (3072K), 3 survivors (3072K)
 Metaspace       used 2718K, committed 2880K, reserved 393216K
  class space    used 316K, committed 384K, reserved 327680K
}
Event: 5.640 GC heap before
{Heap before GC invocations=1 (full 0):
 garbage-first heap   total 262144K, used 39466K [0x00000000e0000000, 0x0000000100000000)
  region size 1024K, 30 young (30720K), 3 survivors (3072K)
 Metaspace       used 4642K, committed 4864K, reserved 393216K
  class space    used 591K, committed 704K, reserved 327680K
}
Event: 5.645 GC heap after
{Heap after GC invocations=2 (full 0):
 garbage-first heap   total 262144K, used 13879K [0x00000000e0000000, 0x0000000100000000)
  region size 1024K, 2 young (2048K), 2 survivors (2048K)
 Metaspace       used 4642K, committed 4864K, reserved 393216K
  class space    used 591K, committed 704K, reserved 327680K
}
Event: 19.045 GC heap before
{Heap before GC invocations=2 (full 0):
 garbage-first heap   total 262144K, used 130615K [0x00000000e0000000, 0x0000000100000000)
  region size 1024K, 117 young (119808K), 2 survivors (2048K)
 Metaspace       used 20839K, committed 21504K, reserved 393216K
  class space    used 2947K, committed 3264K, reserved 327680K
}
Event: 19.284 GC heap after
{Heap after GC invocations=3 (full 0):
 garbage-first heap   total 262144K, used 23736K [0x00000000e0000000, 0x0000000100000000)
  region size 1024K, 12 young (12288K), 12 survivors (12288K)
 Metaspace       used 20839K, committed 21504K, reserved 393216K
  class space    used 2947K, committed 3264K, reserved 327680K
}
Event: 25.642 GC heap before
{Heap before GC invocations=4 (full 0):
 garbage-first heap   total 262144K, used 126136K [0x00000000e0000000, 0x0000000100000000)
  region size 1024K, 112 young (114688K), 12 survivors (12288K)
 Metaspace       used 34786K, committed 36096K, reserved 393216K
  class space    used 4974K, committed 5632K, reserved 327680K
}
Event: 25.653 GC heap after
{Heap after GC invocations=5 (full 0):
 garbage-first heap   total 262144K, used 29890K [0x00000000e0000000, 0x0000000100000000)
  region size 1024K, 16 young (16384K), 16 survivors (16384K)
 Metaspace       used 34786K, committed 36096K, reserved 393216K
  class space    used 4974K, committed 5632K, reserved 327680K
}
Event: 25.731 GC heap before
{Heap before GC invocations=5 (full 0):
 garbage-first heap   total 262144K, used 30914K [0x00000000e0000000, 0x0000000100000000)
  region size 1024K, 18 young (18432K), 16 survivors (16384K)
 Metaspace       used 35032K, committed 36416K, reserved 393216K
  class space    used 5012K, committed 5696K, reserved 327680K
}
Event: 25.743 GC heap after
{Heap after GC invocations=6 (full 0):
 garbage-first heap   total 262144K, used 30578K [0x00000000e0000000, 0x0000000100000000)
  region size 1024K, 7 young (7168K), 7 survivors (7168K)
 Metaspace       used 35032K, committed 36416K, reserved 393216K
  class space    used 5012K, committed 5696K, reserved 327680K
}
Event: 25.810 GC heap before
{Heap before GC invocations=6 (full 0):
 garbage-first heap   total 262144K, used 31602K [0x00000000e0000000, 0x0000000100000000)
  region size 1024K, 9 young (9216K), 7 survivors (7168K)
 Metaspace       used 35375K, committed 36736K, reserved 393216K
  class space    used 5039K, committed 5760K, reserved 327680K
}
Event: 25.815 GC heap after
{Heap after GC invocations=7 (full 0):
 garbage-first heap   total 262144K, used 30308K [0x00000000e0000000, 0x0000000100000000)
  region size 1024K, 7 young (7168K), 7 survivors (7168K)
 Metaspace       used 35375K, committed 36736K, reserved 393216K
  class space    used 5039K, committed 5760K, reserved 327680K
}

Dll operation events (20 events):
Event: 0.807 Attempting to load shared library C:\Users\Admin\.vscode\extensions\redhat.java-1.56.0-win32-x64\jre\21.0.12.1-win32-x86_64\bin\nio.dll
Event: 0.809 Loaded shared library C:\Users\Admin\.vscode\extensions\redhat.java-1.56.0-win32-x64\jre\21.0.12.1-win32-x86_64\bin\nio.dll
Event: 0.816 Attempting to load shared library C:\Users\Admin\.vscode\extensions\redhat.java-1.56.0-win32-x64\jre\21.0.12.1-win32-x86_64\bin\zip.dll
Event: 0.816 Loaded shared library C:\Users\Admin\.vscode\extensions\redhat.java-1.56.0-win32-x64\jre\21.0.12.1-win32-x86_64\bin\zip.dll
Event: 1.322 Attempting to load shared library C:\Users\Admin\.vscode\extensions\redhat.java-1.56.0-win32-x64\jre\21.0.12.1-win32-x86_64\bin\jimage.dll
Event: 1.322 Loaded shared library C:\Users\Admin\.vscode\extensions\redhat.java-1.56.0-win32-x64\jre\21.0.12.1-win32-x86_64\bin\jimage.dll
Event: 2.658 Attempting to load shared library C:\Users\Admin\.vscode\extensions\redhat.java-1.56.0-win32-x64\jre\21.0.12.1-win32-x86_64\bin\verify.dll
Event: 2.658 Loaded shared library C:\Users\Admin\.vscode\extensions\redhat.java-1.56.0-win32-x64\jre\21.0.12.1-win32-x86_64\bin\verify.dll
Event: 2.755 Attempting to load shared library C:\Users\Admin\.gradle\native\660c5614fbf4a5f2a75b1949f50a0caf5cd603558e7d8a26e50b933a0cfb79d1\windows-amd64\native-platform.dll
Event: 2.756 Loaded shared library C:\Users\Admin\.gradle\native\660c5614fbf4a5f2a75b1949f50a0caf5cd603558e7d8a26e50b933a0cfb79d1\windows-amd64\native-platform.dll
Event: 2.794 Attempting to load shared library C:\Users\Admin\.gradle\native\0.2.8\x86_64-windows-gnu\gradle-fileevents.dll
Event: 2.938 Loaded shared library C:\Users\Admin\.gradle\native\0.2.8\x86_64-windows-gnu\gradle-fileevents.dll
Event: 7.303 Attempting to load shared library C:\Users\Admin\.vscode\extensions\redhat.java-1.56.0-win32-x64\jre\21.0.12.1-win32-x86_64\bin\management.dll
Event: 7.304 Loaded shared library C:\Users\Admin\.vscode\extensions\redhat.java-1.56.0-win32-x64\jre\21.0.12.1-win32-x86_64\bin\management.dll
Event: 7.314 Attempting to load shared library C:\Users\Admin\.vscode\extensions\redhat.java-1.56.0-win32-x64\jre\21.0.12.1-win32-x86_64\bin\management_ext.dll
Event: 7.318 Loaded shared library C:\Users\Admin\.vscode\extensions\redhat.java-1.56.0-win32-x64\jre\21.0.12.1-win32-x86_64\bin\management_ext.dll
Event: 8.059 Attempting to load shared library C:\Users\Admin\.vscode\extensions\redhat.java-1.56.0-win32-x64\jre\21.0.12.1-win32-x86_64\bin\extnet.dll
Event: 8.060 Loaded shared library C:\Users\Admin\.vscode\extensions\redhat.java-1.56.0-win32-x64\jre\21.0.12.1-win32-x86_64\bin\extnet.dll
Event: 12.162 Attempting to load shared library C:\Users\Admin\.vscode\extensions\redhat.java-1.56.0-win32-x64\jre\21.0.12.1-win32-x86_64\bin\sunmscapi.dll
Event: 12.166 Loaded shared library C:\Users\Admin\.vscode\extensions\redhat.java-1.56.0-win32-x64\jre\21.0.12.1-win32-x86_64\bin\sunmscapi.dll

Deoptimization events (20 events):
Event: 28.951 Thread 0x00000231b5f086f0 Uncommon trap: trap_request=0xffffff45 fr.pc=0x000002319019e77c relative=0x00000000000000bc
Event: 28.951 Thread 0x00000231b5f086f0 Uncommon trap: reason=unstable_if action=reinterpret pc=0x000002319019e77c method=java.lang.invoke.LambdaForm$BasicType.basicType(C)Ljava/lang/invoke/LambdaForm$BasicType; @ 1 c2
Event: 28.951 Thread 0x00000231b5f086f0 DEOPT PACKING pc=0x000002319019e77c sp=0x00000076da0f6c50
Event: 28.951 Thread 0x00000231b5f086f0 DEOPT UNPACKING pc=0x000002318f934422 sp=0x00000076da0f6b80 mode 2
Event: 28.952 Thread 0x00000231b5f086f0 Uncommon trap: trap_request=0xffffff45 fr.pc=0x000002319016b0c0 relative=0x00000000000000a0
Event: 28.952 Thread 0x00000231b5f086f0 Uncommon trap: reason=unstable_if action=reinterpret pc=0x000002319016b0c0 method=java.lang.invoke.LambdaForm$BasicType.basicType(C)Ljava/lang/invoke/LambdaForm$BasicType; @ 1 c2
Event: 28.952 Thread 0x00000231b5f086f0 DEOPT PACKING pc=0x000002319016b0c0 sp=0x00000076da0f6be0
Event: 28.953 Thread 0x00000231b5f086f0 DEOPT UNPACKING pc=0x000002318f934422 sp=0x00000076da0f6b80 mode 2
Event: 29.965 Thread 0x00000231b5f086f0 Uncommon trap: trap_request=0xffffff45 fr.pc=0x000002319019df48 relative=0x0000000000000208
Event: 29.965 Thread 0x00000231b5f086f0 Uncommon trap: reason=unstable_if action=reinterpret pc=0x000002319019df48 method=java.lang.invoke.LambdaForm.useCount(Ljava/lang/invoke/LambdaForm$Name;)I @ 8 c2
Event: 29.965 Thread 0x00000231b5f086f0 DEOPT PACKING pc=0x000002319019df48 sp=0x00000076da0f7160
Event: 29.965 Thread 0x00000231b5f086f0 DEOPT UNPACKING pc=0x000002318f934422 sp=0x00000076da0f70f8 mode 2
Event: 29.982 Thread 0x00000231b5f086f0 Uncommon trap: trap_request=0xffffff45 fr.pc=0x0000023190221548 relative=0x00000000000000a8
Event: 29.982 Thread 0x00000231b5f086f0 Uncommon trap: reason=unstable_if action=reinterpret pc=0x0000023190221548 method=java.lang.invoke.InvokerBytecodeGenerator.storeInsnOpcode(Ljava/lang/invoke/LambdaForm$BasicType;)I @ 8 c2
Event: 29.982 Thread 0x00000231b5f086f0 DEOPT PACKING pc=0x0000023190221548 sp=0x00000076da0f74f0
Event: 29.982 Thread 0x00000231b5f086f0 DEOPT UNPACKING pc=0x000002318f934422 sp=0x00000076da0f7490 mode 2
Event: 29.993 Thread 0x00000231b5f086f0 DEOPT PACKING pc=0x0000023188b085b4 sp=0x00000076da0f83f0
Event: 29.993 Thread 0x00000231b5f086f0 DEOPT UNPACKING pc=0x000002318f934bc2 sp=0x00000076da0f7930 mode 0
Event: 29.993 Thread 0x00000231b5f086f0 DEOPT PACKING pc=0x0000023188b0755c sp=0x00000076da0f8500
Event: 29.993 Thread 0x00000231b5f086f0 DEOPT UNPACKING pc=0x000002318f934bc2 sp=0x00000076da0f79b8 mode 0

Classes loaded (20 events):
Event: 28.419 Loading class java/lang/ProcessBuilder
Event: 28.419 Loading class java/lang/ProcessBuilder done
Event: 28.951 Loading class java/lang/invoke/SwitchPoint
Event: 28.951 Loading class java/lang/invoke/SwitchPoint done
Event: 29.980 Loading class java/lang/invoke/BoundMethodHandle$Species_LLLLI
Event: 29.980 Loading class java/lang/invoke/BoundMethodHandle$Species_LLLLI done
Event: 29.982 Loading class java/lang/invoke/BoundMethodHandle$Species_LLLLIL
Event: 29.982 Loading class java/lang/invoke/BoundMethodHandle$Species_LLLLIL done
Event: 29.983 Loading class java/lang/invoke/BoundMethodHandle$Species_LLLLILL
Event: 29.983 Loading class java/lang/invoke/BoundMethodHandle$Species_LLLLILL done
Event: 29.985 Loading class java/lang/invoke/BoundMethodHandle$Species_LLLLILLL
Event: 29.985 Loading class java/lang/invoke/BoundMethodHandle$Species_LLLLILLL done
Event: 29.986 Loading class java/lang/invoke/BoundMethodHandle$Species_LLLLILLLL
Event: 29.986 Loading class java/lang/invoke/BoundMethodHandle$Species_LLLLILLLL done
Event: 29.989 Loading class java/lang/invoke/BoundMethodHandle$Species_LLLLILLLLL
Event: 29.989 Loading class java/lang/invoke/BoundMethodHandle$Species_LLLLILLLLL done
Event: 29.991 Loading class java/lang/invoke/BoundMethodHandle$Species_LLLLILLLLLL
Event: 29.991 Loading class java/lang/invoke/BoundMethodHandle$Species_LLLLILLLLLL done
Event: 29.994 Loading class java/lang/invoke/DirectMethodHandle$1
Event: 29.994 Loading class java/lang/invoke/DirectMethodHandle$1 done

Classes unloaded (0 events):
No events

Classes redefined (0 events):
No events

Internal exceptions (20 events):
Event: 28.317 Thread 0x00000231b5f086f0 Exception <a 'java/lang/ClassNotFoundException'{0x00000000ed140800}: org/gradle/api/internal/project/ProjectScriptCustomizer> (0x00000000ed140800) 
thrown [s\src\hotspot\share\classfile\systemDictionary.cpp, line 313]
Event: 28.321 Thread 0x00000231b5f086f0 Exception <a 'java/lang/ClassNotFoundException'{0x00000000ed158d68}: build_9k8pfrbp946n82m6qcirab3r0Customizer> (0x00000000ed158d68) 
thrown [s\src\hotspot\share\classfile\systemDictionary.cpp, line 313]
Event: 28.337 Thread 0x00000231b5f086f0 Exception <a 'java/lang/NoSuchMethodError'{0x00000000ed1ac008}: 'java.lang.Object java.lang.invoke.DirectMethodHandle$Holder.invokeVirtual(java.lang.Object, java.lang.Object, java.lang.Object, java.lang.Object, java.lang.Object, java.lang.Object, java.lang.Object, java.lang.Object, java.lang.Object, java.lang.Object, java.lang.Object, java.lang.Object, java.lang.Object, java.lang.Object, java.lang.Object, java.lang.Object, java.lang.Object)'> (0x00000000ed1ac008) 
thrown [s\src\hotspot\share\interpreter\li
Event: 28.337 Thread 0x00000231b5f086f0 Exception <a 'java/lang/NoSuchMethodError'{0x00000000ed1b1fd8}: 'java.lang.Object java.lang.invoke.DirectMethodHandle$Holder.invokeSpecial(java.lang.Object, java.lang.Object, java.lang.Object, java.lang.Object, java.lang.Object, java.lang.Object, java.lang.Object, java.lang.Object, java.lang.Object, java.lang.Object, java.lang.Object, java.lang.Object, java.lang.Object, java.lang.Object, java.lang.Object, java.lang.Object, java.lang.Object, java.lang.Object)'> (0x00000000ed1b1fd8) 
thrown [s\src\hotspot\sh
Event: 28.338 Thread 0x00000231b5f086f0 Exception <a 'java/lang/NoSuchMethodError'{0x00000000ed1b77a8}: 'java.lang.Object java.lang.invoke.DelegatingMethodHandle$Holder.reinvoke_L(java.lang.Object, java.lang.Object, java.lang.Object, java.lang.Object, java.lang.Object, java.lang.Object, java.lang.Object, java.lang.Object, java.lang.Object, java.lang.Object, java.lang.Object, java.lang.Object, java.lang.Object, java.lang.Object, java.lang.Object, java.lang.Object, java.lang.Object)'> (0x00000000ed1b77a8) 
thrown [s\src\hotspot\share\interpreter\l
Event: 28.362 Thread 0x00000231b5f086f0 Exception <a 'java/lang/ClassNotFoundException'{0x00000000ed0f2540}: groovy/lang/Closure$1BeanInfo> (0x00000000ed0f2540) 
thrown [s\src\hotspot\share\classfile\systemDictionary.cpp, line 313]
Event: 28.364 Thread 0x00000231b5f086f0 Exception <a 'java/lang/ClassNotFoundException'{0x00000000ecf036d8}: groovy/lang/ClosureBeanInfo> (0x00000000ecf036d8) 
thrown [s\src\hotspot\share\classfile\systemDictionary.cpp, line 313]
Event: 28.367 Thread 0x00000231b5f086f0 Exception <a 'java/lang/ClassNotFoundException'{0x00000000ecf14360}: groovy/lang/ClosureCustomizer> (0x00000000ecf14360) 
thrown [s\src\hotspot\share\classfile\systemDictionary.cpp, line 313]
Event: 28.375 Thread 0x00000231b5f086f0 Exception <a 'java/lang/ClassNotFoundException'{0x00000000ecf49838}: groovy/lang/Closure$1Customizer> (0x00000000ecf49838) 
thrown [s\src\hotspot\share\classfile\systemDictionary.cpp, line 313]
Event: 28.394 Thread 0x00000231b5f086f0 Implicit null exception at 0x00000231901a7365 to 0x00000231901a75f0
Event: 28.395 Thread 0x00000231b5f086f0 Exception <a 'java/lang/NoSuchMethodError'{0x00000000ecf9da30}: 'int java.lang.invoke.DirectMethodHandle$Holder.invokeSpecial(java.lang.Object, java.lang.Object, java.lang.Object, int)'> (0x00000000ecf9da30) 
thrown [s\src\hotspot\share\interpreter\linkResolver.cpp, line 773]
Event: 28.397 Thread 0x00000231b5f086f0 Exception <a 'java/lang/NoSuchMethodError'{0x00000000ecfaebc0}: 'java.lang.Object java.lang.invoke.DirectMethodHandle$Holder.invokeStatic(java.lang.Object, java.lang.Object, java.lang.Object, java.lang.Object, int)'> (0x00000000ecfaebc0) 
thrown [s\src\hotspot\share\interpreter\linkResolver.cpp, line 773]
Event: 28.398 Thread 0x00000231b5f086f0 Exception <a 'java/lang/NoSuchMethodError'{0x00000000ecfba990}: 'java.lang.Object java.lang.invoke.DelegatingMethodHandle$Holder.reinvoke_L(java.lang.Object, java.lang.Object, java.lang.Object, java.lang.Object, java.lang.Object, int, java.lang.Object)'> (0x00000000ecfba990) 
thrown [s\src\hotspot\share\interpreter\linkResolver.cpp, line 773]
Event: 28.418 Thread 0x00000231b5f086f0 Exception <a 'java/lang/NoSuchMethodError'{0x00000000ece23ff0}: 'java.lang.Object java.lang.invoke.DirectMethodHandle$Holder.invokeStaticInit(java.lang.Object, java.lang.Object, java.lang.Object, java.lang.Object, java.lang.Object, java.lang.Object, java.lang.Object)'> (0x00000000ece23ff0) 
thrown [s\src\hotspot\share\interpreter\linkResolver.cpp, line 773]
Event: 28.425 Thread 0x00000231b5f086f0 Exception <a 'java/lang/NoSuchMethodError'{0x00000000ece4a048}: 'java.lang.Object java.lang.invoke.DirectMethodHandle$Holder.invokeSpecial(java.lang.Object, java.lang.Object, java.lang.Object, int, java.lang.Object, java.lang.Object)'> (0x00000000ece4a048) 
thrown [s\src\hotspot\share\interpreter\linkResolver.cpp, line 773]
Event: 28.951 Thread 0x00000231b5f086f0 Exception <a 'java/lang/NoSuchMethodError'{0x00000000eccd9be8}: 'java.lang.Object java.lang.invoke.DirectMethodHandle$Holder.invokeStaticInit(java.lang.Object, java.lang.Object, java.lang.Object, java.lang.Object, int, java.lang.Object, java.lang.Object, java.lang.Object, java.lang.Object, java.lang.Object)'> (0x00000000eccd9be8) 
thrown [s\src\hotspot\share\interpreter\linkResolver.cpp, line 773]
Event: 28.958 Thread 0x00000231b5f086f0 Exception <a 'java/lang/NoSuchMethodError'{0x00000000ecce38c0}: 'int java.lang.invoke.Invokers$Holder.exactInvoker(java.lang.Object, java.lang.Object)'> (0x00000000ecce38c0) 
thrown [s\src\hotspot\share\interpreter\linkResolver.cpp, line 773]
Event: 29.979 Thread 0x00000231b5f086f0 Exception <a 'java/lang/NoSuchMethodError'{0x00000000ecb08df8}: 'java.lang.Object java.lang.invoke.DelegatingMethodHandle$Holder.reinvoke_L(java.lang.Object, java.lang.Object, java.lang.Object, java.lang.Object, int, java.lang.Object, java.lang.Object, java.lang.Object, java.lang.Object, java.lang.Object)'> (0x00000000ecb08df8) 
thrown [s\src\hotspot\share\interpreter\linkResolver.cpp, line 773]
Event: 29.981 Thread 0x00000231b5f086f0 Exception <a 'java/lang/NoSuchMethodError'{0x00000000ecb26c40}: 'java.lang.Object java.lang.invoke.DirectMethodHandle$Holder.invokeStatic(java.lang.Object, java.lang.Object, java.lang.Object, java.lang.Object, java.lang.Object, java.lang.Object, java.lang.Object, int)'> (0x00000000ecb26c40) 
thrown [s\src\hotspot\share\interpreter\linkResolver.cpp, line 773]
Event: 29.993 Thread 0x00000231b5f086f0 Exception <a 'java/lang/NoSuchMethodError'{0x00000000ecbd3ed0}: 'java.lang.Object java.lang.invoke.Invokers$Holder.linkToCallSite(java.lang.Object, int, java.lang.Object, java.lang.Object)'> (0x00000000ecbd3ed0) 
thrown [s\src\hotspot\share\interpreter\linkResolver.cpp, line 773]

ZGC Phase Switch (0 events):
No events

VM Operations (20 events):
Event: 27.035 Executing non-safepoint VM operation: HandshakeAllThreads (Deoptimize)
Event: 27.035 Executing non-safepoint VM operation: HandshakeAllThreads (Deoptimize) done
Event: 27.037 Executing non-safepoint VM operation: HandshakeAllThreads (Deoptimize)
Event: 27.038 Executing non-safepoint VM operation: HandshakeAllThreads (Deoptimize) done
Event: 28.051 Executing safepoint VM operation: Cleanup
Event: 28.158 Executing safepoint VM operation: Cleanup done
Event: 28.166 Executing non-safepoint VM operation: HandshakeAllThreads (Deoptimize)
Event: 28.239 Executing non-safepoint VM operation: HandshakeAllThreads (Deoptimize) done
Event: 28.242 Executing non-safepoint VM operation: HandshakeAllThreads (Deoptimize)
Event: 28.242 Executing non-safepoint VM operation: HandshakeAllThreads (Deoptimize) done
Event: 28.957 Executing non-safepoint VM operation: HandshakeAllThreads (Deoptimize)
Event: 28.957 Executing non-safepoint VM operation: HandshakeAllThreads (Deoptimize) done
Event: 29.961 Executing safepoint VM operation: Cleanup
Event: 29.962 Executing safepoint VM operation: Cleanup done
Event: 29.972 Executing non-safepoint VM operation: HandshakeAllThreads (Deoptimize)
Event: 29.972 Executing non-safepoint VM operation: HandshakeAllThreads (Deoptimize) done
Event: 29.978 Executing non-safepoint VM operation: HandshakeAllThreads (Deoptimize)
Event: 29.978 Executing non-safepoint VM operation: HandshakeAllThreads (Deoptimize) done
Event: 30.990 Executing safepoint VM operation: Cleanup
Event: 30.990 Executing safepoint VM operation: Cleanup done

Memory protections (0 events):
No events

Nmethod flushes (20 events):
Event: 25.842 Thread 0x000002319b6d6800 flushing  nmethod 0x0000023188982890
Event: 25.842 Thread 0x000002319b6d6800 flushing  nmethod 0x0000023188987d90
Event: 25.842 Thread 0x000002319b6d6800 flushing  nmethod 0x00000231889a0990
Event: 25.842 Thread 0x000002319b6d6800 flushing  nmethod 0x00000231889aa790
Event: 25.842 Thread 0x000002319b6d6800 flushing  nmethod 0x00000231889b7d90
Event: 25.842 Thread 0x000002319b6d6800 flushing  nmethod 0x00000231889cee90
Event: 25.842 Thread 0x000002319b6d6800 flushing  nmethod 0x00000231885a7410
Event: 25.842 Thread 0x000002319b6d6800 flushing  nmethod 0x00000231885a9f90
Event: 25.842 Thread 0x000002319b6d6800 flushing  nmethod 0x00000231885abe90
Event: 25.842 Thread 0x000002319b6d6800 flushing  nmethod 0x00000231885fbb90
Event: 25.842 Thread 0x000002319b6d6800 flushing  nmethod 0x00000231885fd510
Event: 25.842 Thread 0x000002319b6d6800 flushing  nmethod 0x0000023188601710
Event: 25.842 Thread 0x000002319b6d6800 flushing  nmethod 0x0000023188601c90
Event: 25.842 Thread 0x000002319b6d6800 flushing  nmethod 0x0000023188631710
Event: 25.842 Thread 0x000002319b6d6800 flushing  nmethod 0x0000023188631b10
Event: 25.842 Thread 0x000002319b6d6800 flushing  nmethod 0x0000023188635110
Event: 25.842 Thread 0x000002319b6d6800 flushing  nmethod 0x0000023188637f90
Event: 25.842 Thread 0x000002319b6d6800 flushing  nmethod 0x000002318868df10
Event: 25.842 Thread 0x000002319b6d6800 flushing  nmethod 0x0000023188716a10
Event: 25.842 Thread 0x000002319b6d6800 flushing  nmethod 0x0000023188717e90

Events (20 events):
Event: 23.963 Thread 0x00000231b5f086f0 Thread added: 0x00000231b71c7520
Event: 24.064 Thread 0x000002318529c990 Thread added: 0x000002318529d730
Event: 24.278 Thread 0x00000231b5f086f0 Thread added: 0x00000231b71c5450
Event: 24.846 Thread 0x000002318529d730 Thread exited: 0x000002318529d730
Event: 25.007 Thread 0x00000231b5f086f0 Thread added: 0x00000231b530b4f0
Event: 25.118 Thread 0x00000231b5f086f0 Thread added: 0x00000231b530bb80
Event: 25.497 Thread 0x000002318529c990 Thread added: 0x000002318529bbf0
Event: 25.497 Thread 0x000002318529c990 Thread added: 0x000002318529d730
Event: 25.688 Thread 0x000002318529d060 Thread added: 0x000002318529ae50
Event: 27.348 Thread 0x000002318529ae50 Thread exited: 0x000002318529ae50
Event: 27.348 Thread 0x000002318529d730 Thread exited: 0x000002318529d730
Event: 27.349 Thread 0x000002318529bbf0 Thread exited: 0x000002318529bbf0
Event: 27.495 Thread 0x00000231b5f086f0 Thread added: 0x00000231b7597a90
Event: 28.159 Thread 0x000002318529a0b0 Thread exited: 0x000002318529a0b0
Event: 28.249 Thread 0x000002318529d060 Thread exited: 0x000002318529d060
Event: 28.371 Thread 0x000002319b7080c0 Thread added: 0x000002318529ae50
Event: 28.432 Thread 0x000002318529ae50 Thread added: 0x000002318529d060
Event: 28.900 Thread 0x000002318529c990 Thread added: 0x000002318529d730
Event: 29.487 Thread 0x000002318529c990 Thread exited: 0x000002318529c990
Event: 29.966 Thread 0x000002319b7080c0 Thread added: 0x000002318529c990


Dynamic libraries:
0x00007ff7a0660000 - 0x00007ff7a066e000 	C:\Users\Admin\.vscode\extensions\redhat.java-1.56.0-win32-x64\jre\21.0.12.1-win32-x86_64\bin\java.exe
0x00007ffbf0a00000 - 0x00007ffbf0c66000 	C:\Windows\SYSTEM32\ntdll.dll
0x00007ffbefbb0000 - 0x00007ffbefc79000 	C:\Windows\System32\KERNEL32.DLL
0x00007ffbee320000 - 0x00007ffbee71e000 	C:\Windows\System32\KERNELBASE.dll
0x00007ffbedc20000 - 0x00007ffbedd6c000 	C:\Windows\System32\ucrtbase.dll
0x00007ffbb7b40000 - 0x00007ffbb7b58000 	C:\Users\Admin\.vscode\extensions\redhat.java-1.56.0-win32-x64\jre\21.0.12.1-win32-x86_64\bin\jli.dll
0x00007ffbf07f0000 - 0x00007ffbf09b7000 	C:\Windows\System32\USER32.dll
0x00007ffbede10000 - 0x00007ffbede37000 	C:\Windows\System32\win32u.dll
0x00007ffbef120000 - 0x00007ffbef14b000 	C:\Windows\System32\GDI32.dll
0x00007ffbedfc0000 - 0x00007ffbee0ea000 	C:\Windows\System32\gdi32full.dll
0x00007ffbee0f0000 - 0x00007ffbee193000 	C:\Windows\System32\msvcp_win.dll
0x00007ffbb3c30000 - 0x00007ffbb3c4e000 	C:\Users\Admin\.vscode\extensions\redhat.java-1.56.0-win32-x64\jre\21.0.12.1-win32-x86_64\bin\VCRUNTIME140.dll
0x00007ffbdc2f0000 - 0x00007ffbdc582000 	C:\Windows\WinSxS\amd64_microsoft.windows.common-controls_6595b64144ccf1df_6.0.26100.8875_none_3e0d5d42e32fe9dd\COMCTL32.dll
0x00007ffbef150000 - 0x00007ffbef1f9000 	C:\Windows\System32\msvcrt.dll
0x00007ffbeff70000 - 0x00007ffbeffa2000 	C:\Windows\System32\IMM32.DLL
0x00007ffbe3860000 - 0x00007ffbe386c000 	C:\Users\Admin\.vscode\extensions\redhat.java-1.56.0-win32-x64\jre\21.0.12.1-win32-x86_64\bin\vcruntime140_1.dll
0x00007ffba0600000 - 0x00007ffba068d000 	C:\Users\Admin\.vscode\extensions\redhat.java-1.56.0-win32-x64\jre\21.0.12.1-win32-x86_64\bin\msvcp140.dll
0x00007ffb89b20000 - 0x00007ffb8a8c2000 	C:\Users\Admin\.vscode\extensions\redhat.java-1.56.0-win32-x64\jre\21.0.12.1-win32-x86_64\bin\server\jvm.dll
0x00007ffbf0050000 - 0x00007ffbf0107000 	C:\Windows\System32\ADVAPI32.dll
0x00007ffbf0250000 - 0x00007ffbf02fa000 	C:\Windows\System32\sechost.dll
0x00007ffbefa90000 - 0x00007ffbefba8000 	C:\Windows\System32\RPCRT4.dll
0x00007ffbef670000 - 0x00007ffbef6f0000 	C:\Windows\System32\WS2_32.dll
0x00007ffbeda80000 - 0x00007ffbedade000 	C:\Windows\SYSTEM32\POWRPROF.dll
0x00007ffbe5ee0000 - 0x00007ffbe5f16000 	C:\Windows\SYSTEM32\WINMM.dll
0x00007ffbe5f20000 - 0x00007ffbe5f2b000 	C:\Windows\SYSTEM32\VERSION.dll
0x00007ffbeda60000 - 0x00007ffbeda74000 	C:\Windows\SYSTEM32\UMPDC.dll
0x00007ffbec900000 - 0x00007ffbec91b000 	C:\Windows\SYSTEM32\kernel.appcore.dll
0x00007ffbe1d70000 - 0x00007ffbe1d7a000 	C:\Users\Admin\.vscode\extensions\redhat.java-1.56.0-win32-x64\jre\21.0.12.1-win32-x86_64\bin\jimage.dll
0x00007ffbeb3d0000 - 0x00007ffbeb612000 	C:\Windows\SYSTEM32\DBGHELP.DLL
0x00007ffbef700000 - 0x00007ffbefa83000 	C:\Windows\System32\combase.dll
0x00007ffbefe90000 - 0x00007ffbeff69000 	C:\Windows\System32\OLEAUT32.dll
0x00007ffbd8fa0000 - 0x00007ffbd8fdb000 	C:\Windows\SYSTEM32\dbgcore.DLL
0x00007ffbede40000 - 0x00007ffbedeec000 	C:\Windows\System32\bcryptPrimitives.dll
0x00007ffbd32c0000 - 0x00007ffbd32cf000 	C:\Users\Admin\.vscode\extensions\redhat.java-1.56.0-win32-x64\jre\21.0.12.1-win32-x86_64\bin\instrument.dll
0x00007ffbafb00000 - 0x00007ffbafb20000 	C:\Users\Admin\.vscode\extensions\redhat.java-1.56.0-win32-x64\jre\21.0.12.1-win32-x86_64\bin\java.dll
0x00007ffbee730000 - 0x00007ffbeeec2000 	C:\Windows\System32\SHELL32.dll
0x00007ffbeb700000 - 0x00007ffbebf92000 	C:\Windows\SYSTEM32\windows.storage.dll
0x00007ffbef390000 - 0x00007ffbef487000 	C:\Windows\System32\SHCORE.dll
0x00007ffbf0120000 - 0x00007ffbf0187000 	C:\Windows\System32\shlwapi.dll
0x00007ffbedb40000 - 0x00007ffbedb69000 	C:\Windows\SYSTEM32\profapi.dll
0x00007ffbabee0000 - 0x00007ffbabef8000 	C:\Users\Admin\.vscode\extensions\redhat.java-1.56.0-win32-x64\jre\21.0.12.1-win32-x86_64\bin\zip.dll
0x00007ffbd5e60000 - 0x00007ffbd5e70000 	C:\Users\Admin\.vscode\extensions\redhat.java-1.56.0-win32-x64\jre\21.0.12.1-win32-x86_64\bin\net.dll
0x00007ffbe5be0000 - 0x00007ffbe5d07000 	C:\Windows\SYSTEM32\WINHTTP.dll
0x00007ffbeceb0000 - 0x00007ffbecf1c000 	C:\Windows\system32\mswsock.dll
0x00007ffbabb50000 - 0x00007ffbabb66000 	C:\Users\Admin\.vscode\extensions\redhat.java-1.56.0-win32-x64\jre\21.0.12.1-win32-x86_64\bin\nio.dll
0x00007ffbd20d0000 - 0x00007ffbd20e0000 	C:\Users\Admin\.vscode\extensions\redhat.java-1.56.0-win32-x64\jre\21.0.12.1-win32-x86_64\bin\verify.dll
0x00007ffbcd4a0000 - 0x00007ffbcd4c7000 	C:\Users\Admin\.gradle\native\660c5614fbf4a5f2a75b1949f50a0caf5cd603558e7d8a26e50b933a0cfb79d1\windows-amd64\native-platform.dll
0x00007ffbba020000 - 0x00007ffbba097000 	C:\Users\Admin\.gradle\native\0.2.8\x86_64-windows-gnu\gradle-fileevents.dll
0x00007ffbd1880000 - 0x00007ffbd188a000 	C:\Users\Admin\.vscode\extensions\redhat.java-1.56.0-win32-x64\jre\21.0.12.1-win32-x86_64\bin\management.dll
0x00007ffbd1220000 - 0x00007ffbd122c000 	C:\Users\Admin\.vscode\extensions\redhat.java-1.56.0-win32-x64\jre\21.0.12.1-win32-x86_64\bin\management_ext.dll
0x00007ffbf0110000 - 0x00007ffbf0118000 	C:\Windows\System32\PSAPI.DLL
0x00007ffbec2d0000 - 0x00007ffbec303000 	C:\Windows\SYSTEM32\IPHLPAPI.DLL
0x00007ffbefe80000 - 0x00007ffbefe8a000 	C:\Windows\System32\NSI.dll
0x00007ffbd0c00000 - 0x00007ffbd0c09000 	C:\Users\Admin\.vscode\extensions\redhat.java-1.56.0-win32-x64\jre\21.0.12.1-win32-x86_64\bin\extnet.dll
0x00007ffbed1b0000 - 0x00007ffbed1cb000 	C:\Windows\SYSTEM32\CRYPTSP.dll
0x00007ffbec860000 - 0x00007ffbec899000 	C:\Windows\system32\rsaenh.dll
0x00007ffbecf70000 - 0x00007ffbecfa2000 	C:\Windows\SYSTEM32\USERENV.dll
0x00007ffbedb10000 - 0x00007ffbedb3a000 	C:\Windows\SYSTEM32\bcrypt.dll
0x00007ffbed1d0000 - 0x00007ffbed1dc000 	C:\Windows\SYSTEM32\CRYPTBASE.dll
0x00007ffbce950000 - 0x00007ffbce95e000 	C:\Users\Admin\.vscode\extensions\redhat.java-1.56.0-win32-x64\jre\21.0.12.1-win32-x86_64\bin\sunmscapi.dll
0x00007ffbee1a0000 - 0x00007ffbee318000 	C:\Windows\System32\CRYPT32.dll
0x00007ffbed3f0000 - 0x00007ffbed420000 	C:\Windows\SYSTEM32\ncrypt.dll
0x00007ffbed3a0000 - 0x00007ffbed3df000 	C:\Windows\SYSTEM32\NTASN1.dll
0x00007ffbd3460000 - 0x00007ffbd3468000 	C:\Windows\system32\wshunix.dll

JVMTI agents:
C:\Users\Admin\.gradle\wrapper\dists\gradle-9.5.1-bin\iq79hdu3mqx29lgffhp8bfmx\gradle-9.5.1\lib\agents\gradle-instrumentation-agent-9.5.1.jar path:C:\Users\Admin\.vscode\extensions\redhat.java-1.56.0-win32-x64\jre\21.0.12.1-win32-x86_64\bin\instrument.dll, loaded, initialized, instrumentlib options:none

dbghelp: loaded successfully - version: 4.0.5 - missing functions: none
symbol engine: initialized successfully - sym options: 0x614 - pdb path: .;C:\Users\Admin\.vscode\extensions\redhat.java-1.56.0-win32-x64\jre\21.0.12.1-win32-x86_64\bin;C:\Windows\SYSTEM32;C:\Windows\WinSxS\amd64_microsoft.windows.common-controls_6595b64144ccf1df_6.0.26100.8875_none_3e0d5d42e32fe9dd;C:\Users\Admin\.vscode\extensions\redhat.java-1.56.0-win32-x64\jre\21.0.12.1-win32-x86_64\bin\server;C:\Users\Admin\.gradle\native\660c5614fbf4a5f2a75b1949f50a0caf5cd603558e7d8a26e50b933a0cfb79d1\windows-amd64;C:\Users\Admin\.gradle\native\0.2.8\x86_64-windows-gnu

VM Arguments:
jvm_args: --add-opens=java.base/java.lang=ALL-UNNAMED --add-opens=java.base/java.lang.invoke=ALL-UNNAMED --add-opens=java.base/java.util=ALL-UNNAMED --add-opens=java.prefs/java.util.prefs=ALL-UNNAMED --add-exports=jdk.compiler/com.sun.tools.javac.api=ALL-UNNAMED --add-exports=jdk.compiler/com.sun.tools.javac.util=ALL-UNNAMED --add-opens=java.base/java.nio.charset=ALL-UNNAMED --add-opens=java.base/java.net=ALL-UNNAMED --add-opens=java.base/java.util.concurrent=ALL-UNNAMED --add-opens=java.base/java.util.concurrent.atomic=ALL-UNNAMED --add-opens=java.xml/javax.xml.namespace=ALL-UNNAMED --add-opens=java.base/java.time=ALL-UNNAMED -XX:MaxMetaspaceSize=384m -XX:+HeapDumpOnOutOfMemoryError -Xms256m -Xmx512m -Dfile.encoding=UTF-8 -Duser.country=US -Duser.language=en -Duser.variant -javaagent:C:\Users\Admin\.gradle\wrapper\dists\gradle-9.5.1-bin\iq79hdu3mqx29lgffhp8bfmx\gradle-9.5.1\lib\agents\gradle-instrumentation-agent-9.5.1.jar 
java_command: org.gradle.launcher.daemon.bootstrap.GradleDaemon 9.5.1
java_class_path (initial): C:\Users\Admin\.gradle\wrapper\dists\gradle-9.5.1-bin\iq79hdu3mqx29lgffhp8bfmx\gradle-9.5.1\lib\gradle-daemon-main-9.5.1.jar
Launcher Type: SUN_STANDARD

[Global flags]
     intx CICompilerCount                          = 12                                        {product} {ergonomic}
   size_t CompressedClassSpaceSize                 = 335544320                                 {product} {ergonomic}
     uint ConcGCThreads                            = 3                                         {product} {ergonomic}
     uint G1ConcRefinementThreads                  = 13                                        {product} {ergonomic}
   size_t G1HeapRegionSize                         = 1048576                                   {product} {ergonomic}
    uintx GCDrainStackTargetSize                   = 64                                        {product} {ergonomic}
     bool HeapDumpOnOutOfMemoryError               = true                                   {manageable} {command line}
   size_t InitialHeapSize                          = 268435456                                 {product} {command line}
   size_t MarkStackSize                            = 4194304                                   {product} {ergonomic}
   size_t MaxHeapSize                              = 536870912                                 {product} {command line}
   size_t MaxMetaspaceSize                         = 402653184                                 {product} {command line}
   size_t MaxNewSize                               = 321912832                                 {product} {ergonomic}
   size_t MinHeapDeltaBytes                        = 1048576                                   {product} {ergonomic}
   size_t MinHeapSize                              = 268435456                                 {product} {command line}
    uintx NonNMethodCodeHeapSize                   = 7602480                                {pd product} {ergonomic}
    uintx NonProfiledCodeHeapSize                  = 122027880                              {pd product} {ergonomic}
    uintx ProfiledCodeHeapSize                     = 122027880                              {pd product} {ergonomic}
    uintx ReservedCodeCacheSize                    = 251658240                              {pd product} {ergonomic}
     bool SegmentedCodeCache                       = true                                      {product} {ergonomic}
   size_t SoftMaxHeapSize                          = 536870912                              {manageable} {ergonomic}
     bool UseCompressedOops                        = true                           {product lp64_product} {ergonomic}
     bool UseG1GC                                  = true                                      {product} {ergonomic}
     bool UseLargePagesIndividualAllocation        = false                                  {pd product} {ergonomic}

Logging:
Log output configuration:
 #0: stdout all=warning uptime,level,tags foldmultilines=false
 #1: stderr all=off uptime,level,tags foldmultilines=false

Release file:
JAVA_VERSION="21.0.12.1" 
MODULES="java.base java.compiler java.datatransfer java.xml java.prefs java.desktop java.instrument java.logging java.management java.security.sasl java.naming java.rmi java.management.rmi java.net.http java.scripting java.security.jgss java.transaction.xa java.sql java.sql.rowset java.xml.crypto java.se java.smartcardio jdk.accessibility jdk.internal.jvmstat jdk.attach jdk.charsets jdk.internal.opt jdk.zipfs jdk.compiler jdk.crypto.ec jdk.crypto.cryptoki jdk.crypto.mscapi jdk.dynalink jdk.internal.ed jdk.editpad jdk.hotspot.agent jdk.httpserver jdk.internal.le jdk.internal.vm.ci jdk.internal.vm.compiler jdk.internal.vm.compiler.management jdk.jartool jdk.javadoc jdk.jcmd jdk.management jdk.management.agent jdk.jconsole jdk.jdeps jdk.jdwp.agent jdk.jdi jdk.jfr jdk.jshell jdk.jsobject jdk.jstatd jdk.localedata jdk.management.jfr jdk.naming.dns jdk.naming.rmi jdk.net jdk.nio.mapmode jdk.random jdk.sctp jdk.security.auth jdk.security.jgss jdk.unsupported jdk.unsupported.desktop jdk.xml.dom" 

Environment Variables:
PATH=C:\Program Files\Eclipse Adoptium\jdk-17.0.20.8-hotspot\bin;C:\Windows\system32;C:\Windows;C:\Windows\System32\Wbem;C:\Windows\System32\WindowsPowerShell\v1.0\;C:\Windows\System32\OpenSSH\;C:\Program Files\Git\cmd;C:\Users\Admin\AppData\Local\Programs\Python\Python312\Scripts\;C:\Users\Admin\AppData\Local\Programs\Python\Python312\;C:\Users\Admin\AppData\Local\Programs\Python\Launcher\;C:\Users\Admin\AppData\Local\Microsoft\WindowsApps;C:\Users\Admin\AppData\Local\Programs\Microsoft VS Code\bin;C:\Program Files\swipl\bin;C:\Program Files (x86)\flutter\bin;
USERNAME=Admin
OS=Windows_NT
PROCESSOR_IDENTIFIER=AMD64 Family 25 Model 80 Stepping 0, AuthenticAMD
TMP=C:\Users\Admin\AppData\Local\Temp
TEMP=C:\Users\Admin\AppData\Local\Temp




Periodic native trim disabled

---------------  S Y S T E M  ---------------

OS:
 Windows 11 , 64 bit Build 26100 (10.0.26100.8875)
OS uptime: 3 days 21:51 hours

CPU: total 16 (initial active 16) (16 cores per cpu, 2 threads per core) family 25 model 80 stepping 0 microcode 0xa500011, cx8, cmov, fxsr, ht, mmx, 3dnowpref, sse, sse2, sse3, ssse3, sse4a, sse4.1, sse4.2, popcnt, lzcnt, tsc, tscinvbit, avx, avx2, aes, erms, clmul, bmi1, bmi2, adx, sha, fma, vzeroupper, clflush, clflushopt, rdtscp, rdpid, fsrm, f16c, pku, cet_ss
Processor Information for processor 0
  Max Mhz: 3201, Current Mhz: 1882, Mhz Limit: 3201
Processor Information for processor 1
  Max Mhz: 3201, Current Mhz: 1882, Mhz Limit: 3201
Processor Information for processor 2
  Max Mhz: 3201, Current Mhz: 1882, Mhz Limit: 3201
Processor Information for processor 3
  Max Mhz: 3201, Current Mhz: 1882, Mhz Limit: 3201
Processor Information for processor 4
  Max Mhz: 3201, Current Mhz: 1802, Mhz Limit: 3201
Processor Information for processor 5
  Max Mhz: 3201, Current Mhz: 1802, Mhz Limit: 3201
Processor Information for processor 6
  Max Mhz: 3201, Current Mhz: 1882, Mhz Limit: 3201
Processor Information for processor 7
  Max Mhz: 3201, Current Mhz: 1882, Mhz Limit: 3201
Processor Information for processor 8
  Max Mhz: 3201, Current Mhz: 1802, Mhz Limit: 3201
Processor Information for processor 9
  Max Mhz: 3201, Current Mhz: 1802, Mhz Limit: 3201
Processor Information for processor 10
  Max Mhz: 3201, Current Mhz: 1882, Mhz Limit: 3201
Processor Information for processor 11
  Max Mhz: 3201, Current Mhz: 1882, Mhz Limit: 3201
Processor Information for processor 12
  Max Mhz: 3201, Current Mhz: 1882, Mhz Limit: 3201
Processor Information for processor 13
  Max Mhz: 3201, Current Mhz: 1882, Mhz Limit: 3201
Processor Information for processor 14
  Max Mhz: 3201, Current Mhz: 1882, Mhz Limit: 3201
Processor Information for processor 15
  Max Mhz: 3201, Current Mhz: 1882, Mhz Limit: 3201

Memory: 4k page, system-wide physical 14182M (1226M free)
TotalPageFile size 42805M (AvailPageFile size 54M)
current process WorkingSet (physical memory assigned to process): 341M, peak: 341M
current process commit charge ("private bytes"): 496M, peak: 496M

vm_info: OpenJDK 64-Bit Server VM (21.0.12.1+1-LTS) for windows-amd64 JRE (21.0.12.1+1-LTS), built on 2026-08-18T00:00:00Z by "admin" with MS VC++ 17.12 (VS2022)

END.
