#
# There is insufficient memory for the Java Runtime Environment to continue.
# Native memory allocation (malloc) failed to allocate 1160560 bytes. Error detail: Chunk::new
# Possible reasons:
#   The system is out of physical RAM or swap space
#   This process is running with CompressedOops enabled, and the Java Heap may be blocking the growth of the native heap
# Possible solutions:
#   Reduce memory load on the system
#   Increase physical memory or swap space
#   Check if swap backing store is full
#   Decrease Java heap size (-Xmx/-Xms)
#   Decrease number of Java threads
#   Decrease Java thread stack sizes (-Xss)
#   Set larger code cache with -XX:ReservedCodeCacheSize=
#   JVM is running with Unscaled Compressed Oops mode in which the Java heap is
#     placed in the first 4GB address space. The Java Heap base address is the
#     maximum limit for the native heap growth. Please use -XX:HeapBaseMinAddress
#     to set the Java Heap base and to place the Java Heap above 4GB virtual address.
# This output file may be truncated or incomplete.
#
#  Out of Memory Error (arena.cpp:168), pid=25560, tid=25884
#
# JRE version: OpenJDK Runtime Environment Temurin-21.0.12.1+1 (21.0.12.1+1) (build 21.0.12.1+1-LTS)
# Java VM: OpenJDK 64-Bit Server VM Temurin-21.0.12.1+1 (21.0.12.1+1-LTS, mixed mode, sharing, tiered, compressed oops, compressed class ptrs, g1 gc, windows-amd64)
# No core dump will be written. Minidumps are not enabled by default on client versions of Windows
#

---------------  S U M M A R Y ------------

Command Line: --add-opens=java.base/java.lang=ALL-UNNAMED --add-opens=java.base/java.lang.invoke=ALL-UNNAMED --add-opens=java.base/java.util=ALL-UNNAMED --add-opens=java.prefs/java.util.prefs=ALL-UNNAMED --add-exports=jdk.compiler/com.sun.tools.javac.api=ALL-UNNAMED --add-exports=jdk.compiler/com.sun.tools.javac.util=ALL-UNNAMED --add-opens=java.base/java.nio.charset=ALL-UNNAMED --add-opens=java.base/java.net=ALL-UNNAMED --add-opens=java.base/java.util.concurrent=ALL-UNNAMED --add-opens=java.base/java.util.concurrent.atomic=ALL-UNNAMED --add-opens=java.xml/javax.xml.namespace=ALL-UNNAMED --add-opens=java.base/java.time=ALL-UNNAMED -XX:MaxMetaspaceSize=384m -XX:+HeapDumpOnOutOfMemoryError -Xms256m -Xmx512m -Dfile.encoding=UTF-8 -Duser.country=US -Duser.language=en -Duser.variant -javaagent:C:\Users\Admin\.gradle\wrapper\dists\gradle-9.5.1-bin\iq79hdu3mqx29lgffhp8bfmx\gradle-9.5.1\lib\agents\gradle-instrumentation-agent-9.5.1.jar org.gradle.launcher.daemon.bootstrap.GradleDaemon 9.5.1

Host: AMD Ryzen 7 5800H with Radeon Graphics         , 16 cores, 13G,  Windows 11 , 64 bit Build 26100 (10.0.26100.8875)
Time: Mon Sep 14 10:57:01 2026 SE Asia Standard Time elapsed time: 48.853702 seconds (0d 0h 0m 48s)

---------------  T H R E A D  ---------------

Current thread (0x00000198a8342490):  JavaThread "C2 CompilerThread0" daemon [_thread_in_native, id=25884, stack(0x0000002f20b00000,0x0000002f20c00000) (1024K)]


Current CompileTask:
C2:48853 5019       4       java.lang.invoke.InvokerBytecodeGenerator::addMethod (725 bytes)

Stack: [0x0000002f20b00000,0x0000002f20c00000]
Native frames: (J=compiled Java code, j=interpreted, Vv=VM code, C=native code)
V  [jvm.dll+0x6d83e9]
V  [jvm.dll+0x8b5736]
V  [jvm.dll+0x8b7cee]
V  [jvm.dll+0x8b83d3]
V  [jvm.dll+0x284596]
V  [jvm.dll+0xc685d]
V  [jvm.dll+0xc6da1]
V  [jvm.dll+0x3bf18b]
V  [jvm.dll+0x1e4149]
V  [jvm.dll+0x24c853]
V  [jvm.dll+0x24bce0]
V  [jvm.dll+0x1cb4ae]
V  [jvm.dll+0x25baad]
V  [jvm.dll+0x25a03a]
V  [jvm.dll+0x3f8aae]
V  [jvm.dll+0x8600cd]
V  [jvm.dll+0x6d6c1d]
C  [ucrtbase.dll+0x2cd30]
C  [KERNEL32.DLL+0x2e957]
C  [ntdll.dll+0xaad6c]


---------------  P R O C E S S  ---------------

Threads class SMR info:
_java_thread_list=0x00000198c4d485e0, length=42, elements={
0x000001988fab4f50, 0x00000198a83387c0, 0x00000198a833c050, 0x00000198a833f7e0,
0x00000198a8340240, 0x00000198a8340ca0, 0x00000198a8341700, 0x00000198a8342490,
0x00000198a83490e0, 0x00000198a854a040, 0x00000198a86635d0, 0x00000198c3c00dc0,
0x00000198c3ba00a0, 0x00000198a872dd10, 0x00000198c26e2830, 0x00000198a88a01e0,
0x00000198a86e9be0, 0x00000198a86ea270, 0x00000198a86ebcb0, 0x00000198a86ea900,
0x00000198a86e8830, 0x00000198a86eaf90, 0x00000198a86e8ec0, 0x00000198c29bd910,
0x00000198c29be630, 0x00000198c29bdfa0, 0x00000198c29becc0, 0x00000198c29bf9e0,
0x00000198c29bf350, 0x00000198c29bcbf0, 0x00000198c29c0700, 0x00000198c29bd280,
0x00000198c29c1ab0, 0x00000198c29c3b80, 0x00000198c29c2e60, 0x00000198c29c1420,
0x00000198c29c0d90, 0x00000198c29c2140, 0x00000198c29c27d0, 0x00000198c5d56a50,
0x00000198a86e9550, 0x00000198c5801740
}

Java Threads: ( => current thread )
  0x000001988fab4f50 JavaThread "main"                              [_thread_blocked, id=25656, stack(0x0000002f1fc00000,0x0000002f1fd00000) (1024K)]
  0x00000198a83387c0 JavaThread "Reference Handler"          daemon [_thread_blocked, id=25852, stack(0x0000002f20500000,0x0000002f20600000) (1024K)]
  0x00000198a833c050 JavaThread "Finalizer"                  daemon [_thread_blocked, id=25856, stack(0x0000002f20600000,0x0000002f20700000) (1024K)]
  0x00000198a833f7e0 JavaThread "Signal Dispatcher"          daemon [_thread_blocked, id=25860, stack(0x0000002f20700000,0x0000002f20800000) (1024K)]
  0x00000198a8340240 JavaThread "Attach Listener"            daemon [_thread_blocked, id=25864, stack(0x0000002f20800000,0x0000002f20900000) (1024K)]
  0x00000198a8340ca0 JavaThread "Service Thread"             daemon [_thread_blocked, id=25868, stack(0x0000002f20900000,0x0000002f20a00000) (1024K)]
  0x00000198a8341700 JavaThread "Monitor Deflation Thread"   daemon [_thread_blocked, id=25880, stack(0x0000002f20a00000,0x0000002f20b00000) (1024K)]
=>0x00000198a8342490 JavaThread "C2 CompilerThread0"         daemon [_thread_in_native, id=25884, stack(0x0000002f20b00000,0x0000002f20c00000) (1024K)]
  0x00000198a83490e0 JavaThread "C1 CompilerThread0"         daemon [_thread_blocked, id=25904, stack(0x0000002f20c00000,0x0000002f20d00000) (1024K)]
  0x00000198a854a040 JavaThread "Common-Cleaner"             daemon [_thread_blocked, id=26116, stack(0x0000002f21000000,0x0000002f21100000) (1024K)]
  0x00000198a86635d0 JavaThread "Notification Thread"        daemon [_thread_blocked, id=26388, stack(0x0000002f21100000,0x0000002f21200000) (1024K)]
  0x00000198c3c00dc0 JavaThread "Daemon health stats"               [_thread_blocked, id=27924, stack(0x0000002f21200000,0x0000002f21300000) (1024K)]
  0x00000198c3ba00a0 JavaThread "Incoming local TCP Connector on port 58712"        [_thread_in_native, id=13032, stack(0x0000002f21800000,0x0000002f21900000) (1024K)]
  0x00000198a872dd10 JavaThread "Daemon periodic checks"            [_thread_blocked, id=28560, stack(0x0000002f20e00000,0x0000002f20f00000) (1024K)]
  0x00000198c26e2830 JavaThread "Daemon"                            [_thread_blocked, id=28788, stack(0x0000002f20f00000,0x0000002f21000000) (1024K)]
  0x00000198a88a01e0 JavaThread "Daemon worker"                     [_thread_blocked, id=24004, stack(0x0000002f21b00000,0x0000002f21c00000) (1024K)]
  0x00000198a86e9be0 JavaThread "Handler for socket connection from /127.0.0.1:58712 to /127.0.0.1:58718"        [_thread_in_native, id=26128, stack(0x0000002f20d00000,0x0000002f20e00000) (1024K)]
  0x00000198a86ea270 JavaThread "Cancel handler"                    [_thread_blocked, id=27156, stack(0x0000002f21900000,0x0000002f21a00000) (1024K)]
  0x00000198a86ebcb0 JavaThread "Daemon Thread 2"                   [_thread_blocked, id=29560, stack(0x0000002f21c00000,0x0000002f21d00000) (1024K)]
  0x00000198a86ea900 JavaThread "Daemon Thread 3"                   [_thread_blocked, id=13044, stack(0x0000002f21d00000,0x0000002f21e00000) (1024K)]
  0x00000198a86e8830 JavaThread "Asynchronous log dispatcher for DefaultDaemonConnection: socket connection from /127.0.0.1:58712 to /127.0.0.1:58718"        [_thread_blocked, id=26492, stack(0x0000002f21e00000,0x0000002f21f00000) (1024K)]
  0x00000198a86eaf90 JavaThread "Stdin handler"                     [_thread_blocked, id=26668, stack(0x0000002f21f00000,0x0000002f22000000) (1024K)]
  0x00000198a86e8ec0 JavaThread "Daemon client event forwarder"        [_thread_blocked, id=23808, stack(0x0000002f22000000,0x0000002f22100000) (1024K)]
  0x00000198c29bd910 JavaThread "VFS cleanup"                       [_thread_blocked, id=22816, stack(0x0000002f22500000,0x0000002f22600000) (1024K)]
  0x00000198c29be630 JavaThread "VFS cleanup Thread 2"              [_thread_blocked, id=23240, stack(0x0000002f22600000,0x0000002f22700000) (1024K)]
  0x00000198c29bdfa0 JavaThread "Cache worker for journal cache (C:\Users\Admin\.gradle\caches\journal-1)"        [_thread_blocked, id=23420, stack(0x0000002f22100000,0x0000002f22200000) (1024K)]
  0x00000198c29becc0 JavaThread "File lock request listener"        [_thread_in_native, id=23484, stack(0x0000002f22200000,0x0000002f22300000) (1024K)]
  0x00000198c29bf9e0 JavaThread "Cache worker for file hash cache (C:\Users\Admin\.gradle\caches\9.5.1\fileHashes)"        [_thread_blocked, id=21572, stack(0x0000002f22400000,0x0000002f22500000) (1024K)]
  0x00000198c29bf350 JavaThread "File lock release action executor"        [_thread_blocked, id=27084, stack(0x0000002f22300000,0x0000002f22400000) (1024K)]
  0x00000198c29bcbf0 JavaThread "Cache worker for file hash cache (C:\Users\Admin\Downloads\mini-banking\.gradle\9.5.1\fileHashes)"        [_thread_blocked, id=26092, stack(0x0000002f23000000,0x0000002f23100000) (1024K)]
  0x00000198c29c0700 JavaThread "Cache worker for Build Output Cleanup Cache (C:\Users\Admin\Downloads\mini-banking\.gradle\buildOutputCleanup)"        [_thread_blocked, id=25760, stack(0x0000002f23100000,0x0000002f23200000) (1024K)]
  0x00000198c29bd280 JavaThread "File watcher server"        daemon [_thread_in_native, id=24504, stack(0x0000002f23200000,0x0000002f23300000) (1024K)]
  0x00000198c29c1ab0 JavaThread "File watcher consumer"      daemon [_thread_blocked, id=21048, stack(0x0000002f23300000,0x0000002f23400000) (1024K)]
  0x00000198c29c3b80 JavaThread "Cache worker for file content cache (C:\Users\Admin\.gradle\caches\9.5.1\fileContent)"        [_thread_blocked, id=26300, stack(0x0000002f23400000,0x0000002f23500000) (1024K)]
  0x00000198c29c2e60 JavaThread "Cache worker for checksums cache (C:\Users\Admin\Downloads\mini-banking\.gradle\9.5.1\checksums)"        [_thread_blocked, id=27300, stack(0x0000002f23500000,0x0000002f23600000) (1024K)]
  0x00000198c29c1420 JavaThread "Cache worker for cache directory md-supplier (C:\Users\Admin\.gradle\caches\9.5.1\md-supplier)"        [_thread_blocked, id=21660, stack(0x0000002f23600000,0x0000002f23700000) (1024K)]
  0x00000198c29c0d90 JavaThread "Cache worker for cache directory md-rule (C:\Users\Admin\.gradle\caches\9.5.1\md-rule)"        [_thread_blocked, id=24656, stack(0x0000002f23700000,0x0000002f23800000) (1024K)]
  0x00000198c29c2140 JavaThread "jar transforms"                    [_thread_blocked, id=22156, stack(0x0000002f23800000,0x0000002f23900000) (1024K)]
  0x00000198c29c27d0 JavaThread "jar transforms Thread 2"           [_thread_blocked, id=11212, stack(0x0000002f23900000,0x0000002f23a00000) (1024K)]
  0x00000198c5d56a50 JavaThread "C1 CompilerThread1"         daemon [_thread_blocked, id=18936, stack(0x0000002f23b00000,0x0000002f23c00000) (1024K)]
  0x00000198a86e9550 JavaThread "jar transforms Thread 3"           [_thread_blocked, id=17876, stack(0x0000002f21a00000,0x0000002f21b00000) (1024K)]
  0x00000198c5801740 JavaThread "C2 CompilerThread1"         daemon [_thread_in_native, id=20100, stack(0x0000002f23a00000,0x0000002f23b00000) (1024K)]
Total: 42

Other Threads:
  0x00000198a831a260 VMThread "VM Thread"                           [id=25812, stack(0x0000002f20400000,0x0000002f20500000) (1024K)]
  0x00000198a830e030 WatcherThread "VM Periodic Task Thread"        [id=25808, stack(0x0000002f20300000,0x0000002f20400000) (1024K)]
  0x0000019891ee7ae0 WorkerThread "GC Thread#0"                     [id=25776, stack(0x0000002f1fe00000,0x0000002f1ff00000) (1024K)]
  0x00000198c257af40 WorkerThread "GC Thread#1"                     [id=26932, stack(0x0000002f21300000,0x0000002f21400000) (1024K)]
  0x00000198c24b31d0 WorkerThread "GC Thread#2"                     [id=26936, stack(0x0000002f21400000,0x0000002f21500000) (1024K)]
  0x00000198c24b3580 WorkerThread "GC Thread#3"                     [id=26940, stack(0x0000002f21500000,0x0000002f21600000) (1024K)]
  0x00000198c23b9c50 WorkerThread "GC Thread#4"                     [id=26944, stack(0x0000002f21600000,0x0000002f21700000) (1024K)]
  0x00000198c23ba000 WorkerThread "GC Thread#5"                     [id=26948, stack(0x0000002f21700000,0x0000002f21800000) (1024K)]
  0x00000198c20a0e20 WorkerThread "GC Thread#6"                     [id=17404, stack(0x0000002f22700000,0x0000002f22800000) (1024K)]
  0x00000198c209f800 WorkerThread "GC Thread#7"                     [id=19488, stack(0x0000002f22800000,0x0000002f22900000) (1024K)]
  0x00000198c209fbb0 WorkerThread "GC Thread#8"                     [id=29172, stack(0x0000002f22900000,0x0000002f22a00000) (1024K)]
  0x00000198c4e1e810 WorkerThread "GC Thread#9"                     [id=15424, stack(0x0000002f22a00000,0x0000002f22b00000) (1024K)]
  0x00000198c4e20940 WorkerThread "GC Thread#10"                    [id=27336, stack(0x0000002f22b00000,0x0000002f22c00000) (1024K)]
  0x00000198c4e20590 WorkerThread "GC Thread#11"                    [id=27264, stack(0x0000002f22c00000,0x0000002f22d00000) (1024K)]
  0x00000198c4e1f320 WorkerThread "GC Thread#12"                    [id=26776, stack(0x0000002f22d00000,0x0000002f22e00000) (1024K)]
  0x0000019891eec9e0 ConcurrentGCThread "G1 Main Marker"            [id=25780, stack(0x0000002f1ff00000,0x0000002f20000000) (1024K)]
  0x0000019891eed400 WorkerThread "G1 Conc#0"                       [id=25784, stack(0x0000002f20000000,0x0000002f20100000) (1024K)]
  0x00000198c4e21450 WorkerThread "G1 Conc#1"                       [id=27004, stack(0x0000002f22e00000,0x0000002f22f00000) (1024K)]
  0x00000198c4e210a0 WorkerThread "G1 Conc#2"                       [id=28160, stack(0x0000002f22f00000,0x0000002f23000000) (1024K)]
  0x00000198a81de650 ConcurrentGCThread "G1 Refine#0"               [id=25800, stack(0x0000002f20100000,0x0000002f20200000) (1024K)]
  0x00000198a81df0e0 ConcurrentGCThread "G1 Service"                [id=25804, stack(0x0000002f20200000,0x0000002f20300000) (1024K)]
Total: 21

Threads with active compile tasks:
C2 CompilerThread0  49024 5019       4       java.lang.invoke.InvokerBytecodeGenerator::addMethod (725 bytes)
C2 CompilerThread1  49024 4988   !   4       sun.reflect.annotation.AnnotationParser::parseAnnotations (37 bytes)
Total: 2

VM state: not at safepoint (normal execution)

VM Mutex/Monitor currently owned by a thread: None

Heap address: 0x00000000e0000000, size: 512 MB, Compressed Oops mode: 32-bit

CDS archive(s) mapped at: [0x00000198a9000000-0x00000198a9ba0000-0x00000198a9ba0000), size 12189696, SharedBaseAddress: 0x00000198a9000000, ArchiveRelocationMode: 1.
Compressed class space mapped at: 0x00000198aa000000-0x00000198be000000, reserved size: 335544320
Narrow klass base: 0x00000198a9000000, Narrow klass shift: 0, Narrow klass range: 0x100000000

GC Precious Log:
 CardTable entry size: 512
 Card Set container configuration: InlinePtr #cards 5 size 8 Array Of Cards #cards 12 size 40 Howl #buckets 4 coarsen threshold 1843 Howl Bitmap #cards 512 size 80 coarsen threshold 460 Card regions per heap region 1 cards per card region 2048
 CPUs: 16 total, 16 available
 Memory: 14182M
 Large Page Support: Disabled
 NUMA Support: Disabled
 Compressed Oops: Enabled (32-bit)
 Heap Region Size: 1M
 Heap Min Capacity: 256M
 Heap Initial Capacity: 256M
 Heap Max Capacity: 512M
 Pre-touch: Disabled
 Parallel Workers: 13
 Concurrent Workers: 3
 Concurrent Refinement Workers: 13
 Periodic GC: Disabled

Heap:
 garbage-first heap   total 262144K, used 99533K [0x00000000e0000000, 0x0000000100000000)
  region size 1024K, 85 young (87040K), 16 survivors (16384K)
 Metaspace       used 43077K, committed 44800K, reserved 393216K
  class space    used 6347K, committed 7168K, reserved 327680K

Heap Regions: E=young(eden), S=young(survivor), O=old, HS=humongous(starts), HC=humongous(continues), CS=collection set, F=free, TAMS=top-at-mark-start, PB=parsable bottom
|   0|0x00000000e0000000, 0x00000000e0100000, 0x00000000e0100000|100%|HS|  |TAMS 0x00000000e0000000| PB 0x00000000e0000000| Complete 
|   1|0x00000000e0100000, 0x00000000e0200000, 0x00000000e0200000|100%|HC|  |TAMS 0x00000000e0100000| PB 0x00000000e0100000| Complete 
|   2|0x00000000e0200000, 0x00000000e0300000, 0x00000000e0300000|100%|HC|  |TAMS 0x00000000e0200000| PB 0x00000000e0200000| Complete 
|   3|0x00000000e0300000, 0x00000000e0400000, 0x00000000e0400000|100%|HC|  |TAMS 0x00000000e0300000| PB 0x00000000e0300000| Complete 
|   4|0x00000000e0400000, 0x00000000e0500000, 0x00000000e0500000|100%| O|  |TAMS 0x00000000e0400000| PB 0x00000000e0400000| Untracked 
|   5|0x00000000e0500000, 0x00000000e0600000, 0x00000000e0600000|100%| O|  |TAMS 0x00000000e0500000| PB 0x00000000e0500000| Untracked 
|   6|0x00000000e0600000, 0x00000000e0700000, 0x00000000e0700000|100%| O|  |TAMS 0x00000000e0600000| PB 0x00000000e0600000| Untracked 
|   7|0x00000000e0700000, 0x00000000e0800000, 0x00000000e0800000|100%| O|  |TAMS 0x00000000e0700000| PB 0x00000000e0700000| Untracked 
|   8|0x00000000e0800000, 0x00000000e0900000, 0x00000000e0900000|100%|HS|  |TAMS 0x00000000e0800000| PB 0x00000000e0800000| Complete 
|   9|0x00000000e0900000, 0x00000000e0a00000, 0x00000000e0a00000|100%| O|  |TAMS 0x00000000e0900000| PB 0x00000000e0900000| Untracked 
|  10|0x00000000e0a00000, 0x00000000e0b00000, 0x00000000e0b00000|100%| O|  |TAMS 0x00000000e0a00000| PB 0x00000000e0a00000| Untracked 
|  11|0x00000000e0b00000, 0x00000000e0c00000, 0x00000000e0c00000|100%| O|  |TAMS 0x00000000e0b00000| PB 0x00000000e0b00000| Untracked 
|  12|0x00000000e0c00000, 0x00000000e0d00000, 0x00000000e0d00000|100%| O|  |TAMS 0x00000000e0c00000| PB 0x00000000e0c00000| Untracked 
|  13|0x00000000e0d00000, 0x00000000e0d59cb8, 0x00000000e0e00000| 35%| O|  |TAMS 0x00000000e0d00000| PB 0x00000000e0d00000| Untracked 
|  14|0x00000000e0e00000, 0x00000000e0e00000, 0x00000000e0f00000|  0%| F|  |TAMS 0x00000000e0e00000| PB 0x00000000e0e00000| Untracked 
|  15|0x00000000e0f00000, 0x00000000e0f00000, 0x00000000e1000000|  0%| F|  |TAMS 0x00000000e0f00000| PB 0x00000000e0f00000| Untracked 
|  16|0x00000000e1000000, 0x00000000e1000000, 0x00000000e1100000|  0%| F|  |TAMS 0x00000000e1000000| PB 0x00000000e1000000| Untracked 
|  17|0x00000000e1100000, 0x00000000e1100000, 0x00000000e1200000|  0%| F|  |TAMS 0x00000000e1100000| PB 0x00000000e1100000| Untracked 
|  18|0x00000000e1200000, 0x00000000e1200000, 0x00000000e1300000|  0%| F|  |TAMS 0x00000000e1200000| PB 0x00000000e1200000| Untracked 
|  19|0x00000000e1300000, 0x00000000e1300000, 0x00000000e1400000|  0%| F|  |TAMS 0x00000000e1300000| PB 0x00000000e1300000| Untracked 
|  20|0x00000000e1400000, 0x00000000e1400000, 0x00000000e1500000|  0%| F|  |TAMS 0x00000000e1400000| PB 0x00000000e1400000| Untracked 
|  21|0x00000000e1500000, 0x00000000e1500000, 0x00000000e1600000|  0%| F|  |TAMS 0x00000000e1500000| PB 0x00000000e1500000| Untracked 
|  22|0x00000000e1600000, 0x00000000e1600000, 0x00000000e1700000|  0%| F|  |TAMS 0x00000000e1600000| PB 0x00000000e1600000| Untracked 
|  23|0x00000000e1700000, 0x00000000e1700000, 0x00000000e1800000|  0%| F|  |TAMS 0x00000000e1700000| PB 0x00000000e1700000| Untracked 
|  24|0x00000000e1800000, 0x00000000e1800000, 0x00000000e1900000|  0%| F|  |TAMS 0x00000000e1800000| PB 0x00000000e1800000| Untracked 
|  25|0x00000000e1900000, 0x00000000e1900000, 0x00000000e1a00000|  0%| F|  |TAMS 0x00000000e1900000| PB 0x00000000e1900000| Untracked 
|  26|0x00000000e1a00000, 0x00000000e1a00000, 0x00000000e1b00000|  0%| F|  |TAMS 0x00000000e1a00000| PB 0x00000000e1a00000| Untracked 
|  27|0x00000000e1b00000, 0x00000000e1b00000, 0x00000000e1c00000|  0%| F|  |TAMS 0x00000000e1b00000| PB 0x00000000e1b00000| Untracked 
|  28|0x00000000e1c00000, 0x00000000e1c00000, 0x00000000e1d00000|  0%| F|  |TAMS 0x00000000e1c00000| PB 0x00000000e1c00000| Untracked 
|  29|0x00000000e1d00000, 0x00000000e1d00000, 0x00000000e1e00000|  0%| F|  |TAMS 0x00000000e1d00000| PB 0x00000000e1d00000| Untracked 
|  30|0x00000000e1e00000, 0x00000000e1e00000, 0x00000000e1f00000|  0%| F|  |TAMS 0x00000000e1e00000| PB 0x00000000e1e00000| Untracked 
|  31|0x00000000e1f00000, 0x00000000e1f00000, 0x00000000e2000000|  0%| F|  |TAMS 0x00000000e1f00000| PB 0x00000000e1f00000| Untracked 
|  32|0x00000000e2000000, 0x00000000e2000000, 0x00000000e2100000|  0%| F|  |TAMS 0x00000000e2000000| PB 0x00000000e2000000| Untracked 
|  33|0x00000000e2100000, 0x00000000e2100000, 0x00000000e2200000|  0%| F|  |TAMS 0x00000000e2100000| PB 0x00000000e2100000| Untracked 
|  34|0x00000000e2200000, 0x00000000e2200000, 0x00000000e2300000|  0%| F|  |TAMS 0x00000000e2200000| PB 0x00000000e2200000| Untracked 
|  35|0x00000000e2300000, 0x00000000e2300000, 0x00000000e2400000|  0%| F|  |TAMS 0x00000000e2300000| PB 0x00000000e2300000| Untracked 
|  36|0x00000000e2400000, 0x00000000e2400000, 0x00000000e2500000|  0%| F|  |TAMS 0x00000000e2400000| PB 0x00000000e2400000| Untracked 
|  37|0x00000000e2500000, 0x00000000e2500000, 0x00000000e2600000|  0%| F|  |TAMS 0x00000000e2500000| PB 0x00000000e2500000| Untracked 
|  38|0x00000000e2600000, 0x00000000e2600000, 0x00000000e2700000|  0%| F|  |TAMS 0x00000000e2600000| PB 0x00000000e2600000| Untracked 
|  39|0x00000000e2700000, 0x00000000e2700000, 0x00000000e2800000|  0%| F|  |TAMS 0x00000000e2700000| PB 0x00000000e2700000| Untracked 
|  40|0x00000000e2800000, 0x00000000e2800000, 0x00000000e2900000|  0%| F|  |TAMS 0x00000000e2800000| PB 0x00000000e2800000| Untracked 
|  41|0x00000000e2900000, 0x00000000e2900000, 0x00000000e2a00000|  0%| F|  |TAMS 0x00000000e2900000| PB 0x00000000e2900000| Untracked 
|  42|0x00000000e2a00000, 0x00000000e2a00000, 0x00000000e2b00000|  0%| F|  |TAMS 0x00000000e2a00000| PB 0x00000000e2a00000| Untracked 
|  43|0x00000000e2b00000, 0x00000000e2b00000, 0x00000000e2c00000|  0%| F|  |TAMS 0x00000000e2b00000| PB 0x00000000e2b00000| Untracked 
|  44|0x00000000e2c00000, 0x00000000e2c00000, 0x00000000e2d00000|  0%| F|  |TAMS 0x00000000e2c00000| PB 0x00000000e2c00000| Untracked 
|  45|0x00000000e2d00000, 0x00000000e2d00000, 0x00000000e2e00000|  0%| F|  |TAMS 0x00000000e2d00000| PB 0x00000000e2d00000| Untracked 
|  46|0x00000000e2e00000, 0x00000000e2e00000, 0x00000000e2f00000|  0%| F|  |TAMS 0x00000000e2e00000| PB 0x00000000e2e00000| Untracked 
|  47|0x00000000e2f00000, 0x00000000e2f00000, 0x00000000e3000000|  0%| F|  |TAMS 0x00000000e2f00000| PB 0x00000000e2f00000| Untracked 
|  48|0x00000000e3000000, 0x00000000e3000000, 0x00000000e3100000|  0%| F|  |TAMS 0x00000000e3000000| PB 0x00000000e3000000| Untracked 
|  49|0x00000000e3100000, 0x00000000e3100000, 0x00000000e3200000|  0%| F|  |TAMS 0x00000000e3100000| PB 0x00000000e3100000| Untracked 
|  50|0x00000000e3200000, 0x00000000e3200000, 0x00000000e3300000|  0%| F|  |TAMS 0x00000000e3200000| PB 0x00000000e3200000| Untracked 
|  51|0x00000000e3300000, 0x00000000e3300000, 0x00000000e3400000|  0%| F|  |TAMS 0x00000000e3300000| PB 0x00000000e3300000| Untracked 
|  52|0x00000000e3400000, 0x00000000e3400000, 0x00000000e3500000|  0%| F|  |TAMS 0x00000000e3400000| PB 0x00000000e3400000| Untracked 
|  53|0x00000000e3500000, 0x00000000e3500000, 0x00000000e3600000|  0%| F|  |TAMS 0x00000000e3500000| PB 0x00000000e3500000| Untracked 
|  54|0x00000000e3600000, 0x00000000e3600000, 0x00000000e3700000|  0%| F|  |TAMS 0x00000000e3600000| PB 0x00000000e3600000| Untracked 
|  55|0x00000000e3700000, 0x00000000e3700000, 0x00000000e3800000|  0%| F|  |TAMS 0x00000000e3700000| PB 0x00000000e3700000| Untracked 
|  56|0x00000000e3800000, 0x00000000e3800000, 0x00000000e3900000|  0%| F|  |TAMS 0x00000000e3800000| PB 0x00000000e3800000| Untracked 
|  57|0x00000000e3900000, 0x00000000e3900000, 0x00000000e3a00000|  0%| F|  |TAMS 0x00000000e3900000| PB 0x00000000e3900000| Untracked 
|  58|0x00000000e3a00000, 0x00000000e3a00000, 0x00000000e3b00000|  0%| F|  |TAMS 0x00000000e3a00000| PB 0x00000000e3a00000| Untracked 
|  59|0x00000000e3b00000, 0x00000000e3b00000, 0x00000000e3c00000|  0%| F|  |TAMS 0x00000000e3b00000| PB 0x00000000e3b00000| Untracked 
|  60|0x00000000e3c00000, 0x00000000e3c00000, 0x00000000e3d00000|  0%| F|  |TAMS 0x00000000e3c00000| PB 0x00000000e3c00000| Untracked 
|  61|0x00000000e3d00000, 0x00000000e3d00000, 0x00000000e3e00000|  0%| F|  |TAMS 0x00000000e3d00000| PB 0x00000000e3d00000| Untracked 
|  62|0x00000000e3e00000, 0x00000000e3e00000, 0x00000000e3f00000|  0%| F|  |TAMS 0x00000000e3e00000| PB 0x00000000e3e00000| Untracked 
|  63|0x00000000e3f00000, 0x00000000e3f00000, 0x00000000e4000000|  0%| F|  |TAMS 0x00000000e3f00000| PB 0x00000000e3f00000| Untracked 
|  64|0x00000000e4000000, 0x00000000e4000000, 0x00000000e4100000|  0%| F|  |TAMS 0x00000000e4000000| PB 0x00000000e4000000| Untracked 
|  65|0x00000000e4100000, 0x00000000e4100000, 0x00000000e4200000|  0%| F|  |TAMS 0x00000000e4100000| PB 0x00000000e4100000| Untracked 
|  66|0x00000000e4200000, 0x00000000e4200000, 0x00000000e4300000|  0%| F|  |TAMS 0x00000000e4200000| PB 0x00000000e4200000| Untracked 
|  67|0x00000000e4300000, 0x00000000e4300000, 0x00000000e4400000|  0%| F|  |TAMS 0x00000000e4300000| PB 0x00000000e4300000| Untracked 
|  68|0x00000000e4400000, 0x00000000e4400000, 0x00000000e4500000|  0%| F|  |TAMS 0x00000000e4400000| PB 0x00000000e4400000| Untracked 
|  69|0x00000000e4500000, 0x00000000e4500000, 0x00000000e4600000|  0%| F|  |TAMS 0x00000000e4500000| PB 0x00000000e4500000| Untracked 
|  70|0x00000000e4600000, 0x00000000e4600000, 0x00000000e4700000|  0%| F|  |TAMS 0x00000000e4600000| PB 0x00000000e4600000| Untracked 
|  71|0x00000000e4700000, 0x00000000e4700000, 0x00000000e4800000|  0%| F|  |TAMS 0x00000000e4700000| PB 0x00000000e4700000| Untracked 
|  72|0x00000000e4800000, 0x00000000e4800000, 0x00000000e4900000|  0%| F|  |TAMS 0x00000000e4800000| PB 0x00000000e4800000| Untracked 
|  73|0x00000000e4900000, 0x00000000e4900000, 0x00000000e4a00000|  0%| F|  |TAMS 0x00000000e4900000| PB 0x00000000e4900000| Untracked 
|  74|0x00000000e4a00000, 0x00000000e4a00000, 0x00000000e4b00000|  0%| F|  |TAMS 0x00000000e4a00000| PB 0x00000000e4a00000| Untracked 
|  75|0x00000000e4b00000, 0x00000000e4b00000, 0x00000000e4c00000|  0%| F|  |TAMS 0x00000000e4b00000| PB 0x00000000e4b00000| Untracked 
|  76|0x00000000e4c00000, 0x00000000e4c00000, 0x00000000e4d00000|  0%| F|  |TAMS 0x00000000e4c00000| PB 0x00000000e4c00000| Untracked 
|  77|0x00000000e4d00000, 0x00000000e4d00000, 0x00000000e4e00000|  0%| F|  |TAMS 0x00000000e4d00000| PB 0x00000000e4d00000| Untracked 
|  78|0x00000000e4e00000, 0x00000000e4e00000, 0x00000000e4f00000|  0%| F|  |TAMS 0x00000000e4e00000| PB 0x00000000e4e00000| Untracked 
|  79|0x00000000e4f00000, 0x00000000e4f00000, 0x00000000e5000000|  0%| F|  |TAMS 0x00000000e4f00000| PB 0x00000000e4f00000| Untracked 
|  80|0x00000000e5000000, 0x00000000e5000000, 0x00000000e5100000|  0%| F|  |TAMS 0x00000000e5000000| PB 0x00000000e5000000| Untracked 
|  81|0x00000000e5100000, 0x00000000e5100000, 0x00000000e5200000|  0%| F|  |TAMS 0x00000000e5100000| PB 0x00000000e5100000| Untracked 
|  82|0x00000000e5200000, 0x00000000e5200000, 0x00000000e5300000|  0%| F|  |TAMS 0x00000000e5200000| PB 0x00000000e5200000| Untracked 
|  83|0x00000000e5300000, 0x00000000e5300000, 0x00000000e5400000|  0%| F|  |TAMS 0x00000000e5300000| PB 0x00000000e5300000| Untracked 
|  84|0x00000000e5400000, 0x00000000e5400000, 0x00000000e5500000|  0%| F|  |TAMS 0x00000000e5400000| PB 0x00000000e5400000| Untracked 
|  85|0x00000000e5500000, 0x00000000e5500000, 0x00000000e5600000|  0%| F|  |TAMS 0x00000000e5500000| PB 0x00000000e5500000| Untracked 
|  86|0x00000000e5600000, 0x00000000e5600000, 0x00000000e5700000|  0%| F|  |TAMS 0x00000000e5600000| PB 0x00000000e5600000| Untracked 
|  87|0x00000000e5700000, 0x00000000e5700000, 0x00000000e5800000|  0%| F|  |TAMS 0x00000000e5700000| PB 0x00000000e5700000| Untracked 
|  88|0x00000000e5800000, 0x00000000e5800000, 0x00000000e5900000|  0%| F|  |TAMS 0x00000000e5800000| PB 0x00000000e5800000| Untracked 
|  89|0x00000000e5900000, 0x00000000e5900000, 0x00000000e5a00000|  0%| F|  |TAMS 0x00000000e5900000| PB 0x00000000e5900000| Untracked 
|  90|0x00000000e5a00000, 0x00000000e5a00000, 0x00000000e5b00000|  0%| F|  |TAMS 0x00000000e5a00000| PB 0x00000000e5a00000| Untracked 
|  91|0x00000000e5b00000, 0x00000000e5b00000, 0x00000000e5c00000|  0%| F|  |TAMS 0x00000000e5b00000| PB 0x00000000e5b00000| Untracked 
|  92|0x00000000e5c00000, 0x00000000e5c00000, 0x00000000e5d00000|  0%| F|  |TAMS 0x00000000e5c00000| PB 0x00000000e5c00000| Untracked 
|  93|0x00000000e5d00000, 0x00000000e5d00000, 0x00000000e5e00000|  0%| F|  |TAMS 0x00000000e5d00000| PB 0x00000000e5d00000| Untracked 
|  94|0x00000000e5e00000, 0x00000000e5e00000, 0x00000000e5f00000|  0%| F|  |TAMS 0x00000000e5e00000| PB 0x00000000e5e00000| Untracked 
|  95|0x00000000e5f00000, 0x00000000e5f00000, 0x00000000e6000000|  0%| F|  |TAMS 0x00000000e5f00000| PB 0x00000000e5f00000| Untracked 
|  96|0x00000000e6000000, 0x00000000e6000000, 0x00000000e6100000|  0%| F|  |TAMS 0x00000000e6000000| PB 0x00000000e6000000| Untracked 
|  97|0x00000000e6100000, 0x00000000e6100000, 0x00000000e6200000|  0%| F|  |TAMS 0x00000000e6100000| PB 0x00000000e6100000| Untracked 
|  98|0x00000000e6200000, 0x00000000e6200000, 0x00000000e6300000|  0%| F|  |TAMS 0x00000000e6200000| PB 0x00000000e6200000| Untracked 
|  99|0x00000000e6300000, 0x00000000e6300000, 0x00000000e6400000|  0%| F|  |TAMS 0x00000000e6300000| PB 0x00000000e6300000| Untracked 
| 100|0x00000000e6400000, 0x00000000e6400000, 0x00000000e6500000|  0%| F|  |TAMS 0x00000000e6400000| PB 0x00000000e6400000| Untracked 
| 101|0x00000000e6500000, 0x00000000e6500000, 0x00000000e6600000|  0%| F|  |TAMS 0x00000000e6500000| PB 0x00000000e6500000| Untracked 
| 102|0x00000000e6600000, 0x00000000e6600000, 0x00000000e6700000|  0%| F|  |TAMS 0x00000000e6600000| PB 0x00000000e6600000| Untracked 
| 103|0x00000000e6700000, 0x00000000e6700000, 0x00000000e6800000|  0%| F|  |TAMS 0x00000000e6700000| PB 0x00000000e6700000| Untracked 
| 104|0x00000000e6800000, 0x00000000e6800000, 0x00000000e6900000|  0%| F|  |TAMS 0x00000000e6800000| PB 0x00000000e6800000| Untracked 
| 105|0x00000000e6900000, 0x00000000e6900000, 0x00000000e6a00000|  0%| F|  |TAMS 0x00000000e6900000| PB 0x00000000e6900000| Untracked 
| 106|0x00000000e6a00000, 0x00000000e6a00000, 0x00000000e6b00000|  0%| F|  |TAMS 0x00000000e6a00000| PB 0x00000000e6a00000| Untracked 
| 107|0x00000000e6b00000, 0x00000000e6b00000, 0x00000000e6c00000|  0%| F|  |TAMS 0x00000000e6b00000| PB 0x00000000e6b00000| Untracked 
| 108|0x00000000e6c00000, 0x00000000e6c00000, 0x00000000e6d00000|  0%| F|  |TAMS 0x00000000e6c00000| PB 0x00000000e6c00000| Untracked 
| 109|0x00000000e6d00000, 0x00000000e6d00000, 0x00000000e6e00000|  0%| F|  |TAMS 0x00000000e6d00000| PB 0x00000000e6d00000| Untracked 
| 110|0x00000000e6e00000, 0x00000000e6e00000, 0x00000000e6f00000|  0%| F|  |TAMS 0x00000000e6e00000| PB 0x00000000e6e00000| Untracked 
| 111|0x00000000e6f00000, 0x00000000e6f00000, 0x00000000e7000000|  0%| F|  |TAMS 0x00000000e6f00000| PB 0x00000000e6f00000| Untracked 
| 112|0x00000000e7000000, 0x00000000e7000000, 0x00000000e7100000|  0%| F|  |TAMS 0x00000000e7000000| PB 0x00000000e7000000| Untracked 
| 113|0x00000000e7100000, 0x00000000e7100000, 0x00000000e7200000|  0%| F|  |TAMS 0x00000000e7100000| PB 0x00000000e7100000| Untracked 
| 114|0x00000000e7200000, 0x00000000e7200000, 0x00000000e7300000|  0%| F|  |TAMS 0x00000000e7200000| PB 0x00000000e7200000| Untracked 
| 115|0x00000000e7300000, 0x00000000e7300000, 0x00000000e7400000|  0%| F|  |TAMS 0x00000000e7300000| PB 0x00000000e7300000| Untracked 
| 116|0x00000000e7400000, 0x00000000e7400000, 0x00000000e7500000|  0%| F|  |TAMS 0x00000000e7400000| PB 0x00000000e7400000| Untracked 
| 117|0x00000000e7500000, 0x00000000e7500000, 0x00000000e7600000|  0%| F|  |TAMS 0x00000000e7500000| PB 0x00000000e7500000| Untracked 
| 118|0x00000000e7600000, 0x00000000e7600000, 0x00000000e7700000|  0%| F|  |TAMS 0x00000000e7600000| PB 0x00000000e7600000| Untracked 
| 119|0x00000000e7700000, 0x00000000e7700000, 0x00000000e7800000|  0%| F|  |TAMS 0x00000000e7700000| PB 0x00000000e7700000| Untracked 
| 120|0x00000000e7800000, 0x00000000e7800000, 0x00000000e7900000|  0%| F|  |TAMS 0x00000000e7800000| PB 0x00000000e7800000| Untracked 
| 121|0x00000000e7900000, 0x00000000e7900000, 0x00000000e7a00000|  0%| F|  |TAMS 0x00000000e7900000| PB 0x00000000e7900000| Untracked 
| 122|0x00000000e7a00000, 0x00000000e7a00000, 0x00000000e7b00000|  0%| F|  |TAMS 0x00000000e7a00000| PB 0x00000000e7a00000| Untracked 
| 123|0x00000000e7b00000, 0x00000000e7b00000, 0x00000000e7c00000|  0%| F|  |TAMS 0x00000000e7b00000| PB 0x00000000e7b00000| Untracked 
| 124|0x00000000e7c00000, 0x00000000e7c00000, 0x00000000e7d00000|  0%| F|  |TAMS 0x00000000e7c00000| PB 0x00000000e7c00000| Untracked 
| 125|0x00000000e7d00000, 0x00000000e7d00000, 0x00000000e7e00000|  0%| F|  |TAMS 0x00000000e7d00000| PB 0x00000000e7d00000| Untracked 
| 126|0x00000000e7e00000, 0x00000000e7e00000, 0x00000000e7f00000|  0%| F|  |TAMS 0x00000000e7e00000| PB 0x00000000e7e00000| Untracked 
| 127|0x00000000e7f00000, 0x00000000e7f00000, 0x00000000e8000000|  0%| F|  |TAMS 0x00000000e7f00000| PB 0x00000000e7f00000| Untracked 
| 128|0x00000000e8000000, 0x00000000e8000000, 0x00000000e8100000|  0%| F|  |TAMS 0x00000000e8000000| PB 0x00000000e8000000| Untracked 
| 129|0x00000000e8100000, 0x00000000e81d99d8, 0x00000000e8200000| 85%| S|CS|TAMS 0x00000000e8100000| PB 0x00000000e8100000| Complete 
| 130|0x00000000e8200000, 0x00000000e8300000, 0x00000000e8300000|100%| S|CS|TAMS 0x00000000e8200000| PB 0x00000000e8200000| Complete 
| 131|0x00000000e8300000, 0x00000000e8400000, 0x00000000e8400000|100%| S|CS|TAMS 0x00000000e8300000| PB 0x00000000e8300000| Complete 
| 132|0x00000000e8400000, 0x00000000e8500000, 0x00000000e8500000|100%| S|CS|TAMS 0x00000000e8400000| PB 0x00000000e8400000| Complete 
| 133|0x00000000e8500000, 0x00000000e8600000, 0x00000000e8600000|100%| S|CS|TAMS 0x00000000e8500000| PB 0x00000000e8500000| Complete 
| 134|0x00000000e8600000, 0x00000000e8700000, 0x00000000e8700000|100%| S|CS|TAMS 0x00000000e8600000| PB 0x00000000e8600000| Complete 
| 135|0x00000000e8700000, 0x00000000e8800000, 0x00000000e8800000|100%| S|CS|TAMS 0x00000000e8700000| PB 0x00000000e8700000| Complete 
| 136|0x00000000e8800000, 0x00000000e8900000, 0x00000000e8900000|100%| S|CS|TAMS 0x00000000e8800000| PB 0x00000000e8800000| Complete 
| 137|0x00000000e8900000, 0x00000000e8a00000, 0x00000000e8a00000|100%| S|CS|TAMS 0x00000000e8900000| PB 0x00000000e8900000| Complete 
| 138|0x00000000e8a00000, 0x00000000e8b00000, 0x00000000e8b00000|100%| S|CS|TAMS 0x00000000e8a00000| PB 0x00000000e8a00000| Complete 
| 139|0x00000000e8b00000, 0x00000000e8c00000, 0x00000000e8c00000|100%| S|CS|TAMS 0x00000000e8b00000| PB 0x00000000e8b00000| Complete 
| 140|0x00000000e8c00000, 0x00000000e8d00000, 0x00000000e8d00000|100%| S|CS|TAMS 0x00000000e8c00000| PB 0x00000000e8c00000| Complete 
| 141|0x00000000e8d00000, 0x00000000e8e00000, 0x00000000e8e00000|100%| S|CS|TAMS 0x00000000e8d00000| PB 0x00000000e8d00000| Complete 
| 142|0x00000000e8e00000, 0x00000000e8f00000, 0x00000000e8f00000|100%| S|CS|TAMS 0x00000000e8e00000| PB 0x00000000e8e00000| Complete 
| 143|0x00000000e8f00000, 0x00000000e9000000, 0x00000000e9000000|100%| S|CS|TAMS 0x00000000e8f00000| PB 0x00000000e8f00000| Complete 
| 144|0x00000000e9000000, 0x00000000e9100000, 0x00000000e9100000|100%| S|CS|TAMS 0x00000000e9000000| PB 0x00000000e9000000| Complete 
| 145|0x00000000e9100000, 0x00000000e9100000, 0x00000000e9200000|  0%| F|  |TAMS 0x00000000e9100000| PB 0x00000000e9100000| Untracked 
| 146|0x00000000e9200000, 0x00000000e9200000, 0x00000000e9300000|  0%| F|  |TAMS 0x00000000e9200000| PB 0x00000000e9200000| Untracked 
| 147|0x00000000e9300000, 0x00000000e9300000, 0x00000000e9400000|  0%| F|  |TAMS 0x00000000e9300000| PB 0x00000000e9300000| Untracked 
| 148|0x00000000e9400000, 0x00000000e9400000, 0x00000000e9500000|  0%| F|  |TAMS 0x00000000e9400000| PB 0x00000000e9400000| Untracked 
| 149|0x00000000e9500000, 0x00000000e9500000, 0x00000000e9600000|  0%| F|  |TAMS 0x00000000e9500000| PB 0x00000000e9500000| Untracked 
| 150|0x00000000e9600000, 0x00000000e9600000, 0x00000000e9700000|  0%| F|  |TAMS 0x00000000e9600000| PB 0x00000000e9600000| Untracked 
| 151|0x00000000e9700000, 0x00000000e9700000, 0x00000000e9800000|  0%| F|  |TAMS 0x00000000e9700000| PB 0x00000000e9700000| Untracked 
| 152|0x00000000e9800000, 0x00000000e9800000, 0x00000000e9900000|  0%| F|  |TAMS 0x00000000e9800000| PB 0x00000000e9800000| Untracked 
| 153|0x00000000e9900000, 0x00000000e9900000, 0x00000000e9a00000|  0%| F|  |TAMS 0x00000000e9900000| PB 0x00000000e9900000| Untracked 
| 154|0x00000000e9a00000, 0x00000000e9a00000, 0x00000000e9b00000|  0%| F|  |TAMS 0x00000000e9a00000| PB 0x00000000e9a00000| Untracked 
| 155|0x00000000e9b00000, 0x00000000e9b00000, 0x00000000e9c00000|  0%| F|  |TAMS 0x00000000e9b00000| PB 0x00000000e9b00000| Untracked 
| 156|0x00000000e9c00000, 0x00000000e9c00000, 0x00000000e9d00000|  0%| F|  |TAMS 0x00000000e9c00000| PB 0x00000000e9c00000| Untracked 
| 157|0x00000000e9d00000, 0x00000000e9d00000, 0x00000000e9e00000|  0%| F|  |TAMS 0x00000000e9d00000| PB 0x00000000e9d00000| Untracked 
| 158|0x00000000e9e00000, 0x00000000e9e00000, 0x00000000e9f00000|  0%| F|  |TAMS 0x00000000e9e00000| PB 0x00000000e9e00000| Untracked 
| 159|0x00000000e9f00000, 0x00000000e9f00000, 0x00000000ea000000|  0%| F|  |TAMS 0x00000000e9f00000| PB 0x00000000e9f00000| Untracked 
| 160|0x00000000ea000000, 0x00000000ea000000, 0x00000000ea100000|  0%| F|  |TAMS 0x00000000ea000000| PB 0x00000000ea000000| Untracked 
| 161|0x00000000ea100000, 0x00000000ea100000, 0x00000000ea200000|  0%| F|  |TAMS 0x00000000ea100000| PB 0x00000000ea100000| Untracked 
| 162|0x00000000ea200000, 0x00000000ea200000, 0x00000000ea300000|  0%| F|  |TAMS 0x00000000ea200000| PB 0x00000000ea200000| Untracked 
| 163|0x00000000ea300000, 0x00000000ea300000, 0x00000000ea400000|  0%| F|  |TAMS 0x00000000ea300000| PB 0x00000000ea300000| Untracked 
| 164|0x00000000ea400000, 0x00000000ea400000, 0x00000000ea500000|  0%| F|  |TAMS 0x00000000ea400000| PB 0x00000000ea400000| Untracked 
| 165|0x00000000ea500000, 0x00000000ea500000, 0x00000000ea600000|  0%| F|  |TAMS 0x00000000ea500000| PB 0x00000000ea500000| Untracked 
| 166|0x00000000ea600000, 0x00000000ea600000, 0x00000000ea700000|  0%| F|  |TAMS 0x00000000ea600000| PB 0x00000000ea600000| Untracked 
| 167|0x00000000ea700000, 0x00000000ea700000, 0x00000000ea800000|  0%| F|  |TAMS 0x00000000ea700000| PB 0x00000000ea700000| Untracked 
| 168|0x00000000ea800000, 0x00000000ea800000, 0x00000000ea900000|  0%| F|  |TAMS 0x00000000ea800000| PB 0x00000000ea800000| Untracked 
| 169|0x00000000ea900000, 0x00000000ea900000, 0x00000000eaa00000|  0%| F|  |TAMS 0x00000000ea900000| PB 0x00000000ea900000| Untracked 
| 170|0x00000000eaa00000, 0x00000000eaa00000, 0x00000000eab00000|  0%| F|  |TAMS 0x00000000eaa00000| PB 0x00000000eaa00000| Untracked 
| 171|0x00000000eab00000, 0x00000000eab00000, 0x00000000eac00000|  0%| F|  |TAMS 0x00000000eab00000| PB 0x00000000eab00000| Untracked 
| 172|0x00000000eac00000, 0x00000000eac00000, 0x00000000ead00000|  0%| F|  |TAMS 0x00000000eac00000| PB 0x00000000eac00000| Untracked 
| 173|0x00000000ead00000, 0x00000000ead00000, 0x00000000eae00000|  0%| F|  |TAMS 0x00000000ead00000| PB 0x00000000ead00000| Untracked 
| 174|0x00000000eae00000, 0x00000000eae00000, 0x00000000eaf00000|  0%| F|  |TAMS 0x00000000eae00000| PB 0x00000000eae00000| Untracked 
| 175|0x00000000eaf00000, 0x00000000eaf00000, 0x00000000eb000000|  0%| F|  |TAMS 0x00000000eaf00000| PB 0x00000000eaf00000| Untracked 
| 176|0x00000000eb000000, 0x00000000eb000000, 0x00000000eb100000|  0%| F|  |TAMS 0x00000000eb000000| PB 0x00000000eb000000| Untracked 
| 177|0x00000000eb100000, 0x00000000eb100000, 0x00000000eb200000|  0%| F|  |TAMS 0x00000000eb100000| PB 0x00000000eb100000| Untracked 
| 178|0x00000000eb200000, 0x00000000eb200000, 0x00000000eb300000|  0%| F|  |TAMS 0x00000000eb200000| PB 0x00000000eb200000| Untracked 
| 179|0x00000000eb300000, 0x00000000eb300000, 0x00000000eb400000|  0%| F|  |TAMS 0x00000000eb300000| PB 0x00000000eb300000| Untracked 
| 180|0x00000000eb400000, 0x00000000eb400000, 0x00000000eb500000|  0%| F|  |TAMS 0x00000000eb400000| PB 0x00000000eb400000| Untracked 
| 181|0x00000000eb500000, 0x00000000eb500000, 0x00000000eb600000|  0%| F|  |TAMS 0x00000000eb500000| PB 0x00000000eb500000| Untracked 
| 182|0x00000000eb600000, 0x00000000eb600000, 0x00000000eb700000|  0%| F|  |TAMS 0x00000000eb600000| PB 0x00000000eb600000| Untracked 
| 183|0x00000000eb700000, 0x00000000eb700000, 0x00000000eb800000|  0%| F|  |TAMS 0x00000000eb700000| PB 0x00000000eb700000| Untracked 
| 184|0x00000000eb800000, 0x00000000eb800000, 0x00000000eb900000|  0%| F|  |TAMS 0x00000000eb800000| PB 0x00000000eb800000| Untracked 
| 185|0x00000000eb900000, 0x00000000eb900000, 0x00000000eba00000|  0%| F|  |TAMS 0x00000000eb900000| PB 0x00000000eb900000| Untracked 
| 186|0x00000000eba00000, 0x00000000eba00000, 0x00000000ebb00000|  0%| F|  |TAMS 0x00000000eba00000| PB 0x00000000eba00000| Untracked 
| 187|0x00000000ebb00000, 0x00000000ebb80000, 0x00000000ebc00000| 50%| E|  |TAMS 0x00000000ebb00000| PB 0x00000000ebb00000| Complete 
| 188|0x00000000ebc00000, 0x00000000ebd00000, 0x00000000ebd00000|100%| E|CS|TAMS 0x00000000ebc00000| PB 0x00000000ebc00000| Complete 
| 189|0x00000000ebd00000, 0x00000000ebe00000, 0x00000000ebe00000|100%| E|CS|TAMS 0x00000000ebd00000| PB 0x00000000ebd00000| Complete 
| 190|0x00000000ebe00000, 0x00000000ebf00000, 0x00000000ebf00000|100%| E|CS|TAMS 0x00000000ebe00000| PB 0x00000000ebe00000| Complete 
| 191|0x00000000ebf00000, 0x00000000ec000000, 0x00000000ec000000|100%| E|CS|TAMS 0x00000000ebf00000| PB 0x00000000ebf00000| Complete 
| 192|0x00000000ec000000, 0x00000000ec100000, 0x00000000ec100000|100%| E|CS|TAMS 0x00000000ec000000| PB 0x00000000ec000000| Complete 
| 193|0x00000000ec100000, 0x00000000ec200000, 0x00000000ec200000|100%| E|CS|TAMS 0x00000000ec100000| PB 0x00000000ec100000| Complete 
| 194|0x00000000ec200000, 0x00000000ec300000, 0x00000000ec300000|100%| E|CS|TAMS 0x00000000ec200000| PB 0x00000000ec200000| Complete 
| 195|0x00000000ec300000, 0x00000000ec400000, 0x00000000ec400000|100%| E|CS|TAMS 0x00000000ec300000| PB 0x00000000ec300000| Complete 
| 196|0x00000000ec400000, 0x00000000ec500000, 0x00000000ec500000|100%| E|CS|TAMS 0x00000000ec400000| PB 0x00000000ec400000| Complete 
| 197|0x00000000ec500000, 0x00000000ec600000, 0x00000000ec600000|100%| E|CS|TAMS 0x00000000ec500000| PB 0x00000000ec500000| Complete 
| 198|0x00000000ec600000, 0x00000000ec700000, 0x00000000ec700000|100%| E|CS|TAMS 0x00000000ec600000| PB 0x00000000ec600000| Complete 
| 199|0x00000000ec700000, 0x00000000ec800000, 0x00000000ec800000|100%| E|CS|TAMS 0x00000000ec700000| PB 0x00000000ec700000| Complete 
| 200|0x00000000ec800000, 0x00000000ec900000, 0x00000000ec900000|100%| E|CS|TAMS 0x00000000ec800000| PB 0x00000000ec800000| Complete 
| 201|0x00000000ec900000, 0x00000000eca00000, 0x00000000eca00000|100%| E|CS|TAMS 0x00000000ec900000| PB 0x00000000ec900000| Complete 
| 202|0x00000000eca00000, 0x00000000ecb00000, 0x00000000ecb00000|100%| E|CS|TAMS 0x00000000eca00000| PB 0x00000000eca00000| Complete 
| 203|0x00000000ecb00000, 0x00000000ecc00000, 0x00000000ecc00000|100%| E|CS|TAMS 0x00000000ecb00000| PB 0x00000000ecb00000| Complete 
| 204|0x00000000ecc00000, 0x00000000ecd00000, 0x00000000ecd00000|100%| E|CS|TAMS 0x00000000ecc00000| PB 0x00000000ecc00000| Complete 
| 205|0x00000000ecd00000, 0x00000000ece00000, 0x00000000ece00000|100%| E|CS|TAMS 0x00000000ecd00000| PB 0x00000000ecd00000| Complete 
| 206|0x00000000ece00000, 0x00000000ecf00000, 0x00000000ecf00000|100%| E|CS|TAMS 0x00000000ece00000| PB 0x00000000ece00000| Complete 
| 207|0x00000000ecf00000, 0x00000000ed000000, 0x00000000ed000000|100%| E|CS|TAMS 0x00000000ecf00000| PB 0x00000000ecf00000| Complete 
| 208|0x00000000ed000000, 0x00000000ed100000, 0x00000000ed100000|100%| E|CS|TAMS 0x00000000ed000000| PB 0x00000000ed000000| Complete 
| 209|0x00000000ed100000, 0x00000000ed200000, 0x00000000ed200000|100%| E|CS|TAMS 0x00000000ed100000| PB 0x00000000ed100000| Complete 
| 210|0x00000000ed200000, 0x00000000ed300000, 0x00000000ed300000|100%| E|CS|TAMS 0x00000000ed200000| PB 0x00000000ed200000| Complete 
| 211|0x00000000ed300000, 0x00000000ed400000, 0x00000000ed400000|100%| E|CS|TAMS 0x00000000ed300000| PB 0x00000000ed300000| Complete 
| 212|0x00000000ed400000, 0x00000000ed500000, 0x00000000ed500000|100%| E|CS|TAMS 0x00000000ed400000| PB 0x00000000ed400000| Complete 
| 213|0x00000000ed500000, 0x00000000ed600000, 0x00000000ed600000|100%| E|CS|TAMS 0x00000000ed500000| PB 0x00000000ed500000| Complete 
| 214|0x00000000ed600000, 0x00000000ed700000, 0x00000000ed700000|100%| E|CS|TAMS 0x00000000ed600000| PB 0x00000000ed600000| Complete 
| 215|0x00000000ed700000, 0x00000000ed800000, 0x00000000ed800000|100%| E|CS|TAMS 0x00000000ed700000| PB 0x00000000ed700000| Complete 
| 216|0x00000000ed800000, 0x00000000ed900000, 0x00000000ed900000|100%| E|CS|TAMS 0x00000000ed800000| PB 0x00000000ed800000| Complete 
| 217|0x00000000ed900000, 0x00000000eda00000, 0x00000000eda00000|100%| E|CS|TAMS 0x00000000ed900000| PB 0x00000000ed900000| Complete 
| 218|0x00000000eda00000, 0x00000000edb00000, 0x00000000edb00000|100%| E|CS|TAMS 0x00000000eda00000| PB 0x00000000eda00000| Complete 
| 219|0x00000000edb00000, 0x00000000edc00000, 0x00000000edc00000|100%| E|CS|TAMS 0x00000000edb00000| PB 0x00000000edb00000| Complete 
| 220|0x00000000edc00000, 0x00000000edd00000, 0x00000000edd00000|100%| E|CS|TAMS 0x00000000edc00000| PB 0x00000000edc00000| Complete 
| 221|0x00000000edd00000, 0x00000000ede00000, 0x00000000ede00000|100%| E|CS|TAMS 0x00000000edd00000| PB 0x00000000edd00000| Complete 
| 222|0x00000000ede00000, 0x00000000edf00000, 0x00000000edf00000|100%| E|CS|TAMS 0x00000000ede00000| PB 0x00000000ede00000| Complete 
| 223|0x00000000edf00000, 0x00000000ee000000, 0x00000000ee000000|100%| E|CS|TAMS 0x00000000edf00000| PB 0x00000000edf00000| Complete 
| 224|0x00000000ee000000, 0x00000000ee100000, 0x00000000ee100000|100%| E|CS|TAMS 0x00000000ee000000| PB 0x00000000ee000000| Complete 
| 225|0x00000000ee100000, 0x00000000ee200000, 0x00000000ee200000|100%| E|CS|TAMS 0x00000000ee100000| PB 0x00000000ee100000| Complete 
| 226|0x00000000ee200000, 0x00000000ee300000, 0x00000000ee300000|100%| E|CS|TAMS 0x00000000ee200000| PB 0x00000000ee200000| Complete 
| 227|0x00000000ee300000, 0x00000000ee400000, 0x00000000ee400000|100%| E|CS|TAMS 0x00000000ee300000| PB 0x00000000ee300000| Complete 
| 228|0x00000000ee400000, 0x00000000ee500000, 0x00000000ee500000|100%| E|CS|TAMS 0x00000000ee400000| PB 0x00000000ee400000| Complete 
| 229|0x00000000ee500000, 0x00000000ee600000, 0x00000000ee600000|100%| E|CS|TAMS 0x00000000ee500000| PB 0x00000000ee500000| Complete 
| 230|0x00000000ee600000, 0x00000000ee700000, 0x00000000ee700000|100%| E|CS|TAMS 0x00000000ee600000| PB 0x00000000ee600000| Complete 
| 231|0x00000000ee700000, 0x00000000ee800000, 0x00000000ee800000|100%| E|CS|TAMS 0x00000000ee700000| PB 0x00000000ee700000| Complete 
| 232|0x00000000ee800000, 0x00000000ee900000, 0x00000000ee900000|100%| E|CS|TAMS 0x00000000ee800000| PB 0x00000000ee800000| Complete 
| 233|0x00000000ee900000, 0x00000000eea00000, 0x00000000eea00000|100%| E|CS|TAMS 0x00000000ee900000| PB 0x00000000ee900000| Complete 
| 234|0x00000000eea00000, 0x00000000eeb00000, 0x00000000eeb00000|100%| E|CS|TAMS 0x00000000eea00000| PB 0x00000000eea00000| Complete 
| 235|0x00000000eeb00000, 0x00000000eec00000, 0x00000000eec00000|100%| E|CS|TAMS 0x00000000eeb00000| PB 0x00000000eeb00000| Complete 
| 236|0x00000000eec00000, 0x00000000eed00000, 0x00000000eed00000|100%| E|CS|TAMS 0x00000000eec00000| PB 0x00000000eec00000| Complete 
| 237|0x00000000eed00000, 0x00000000eee00000, 0x00000000eee00000|100%| E|CS|TAMS 0x00000000eed00000| PB 0x00000000eed00000| Complete 
| 238|0x00000000eee00000, 0x00000000eef00000, 0x00000000eef00000|100%| E|CS|TAMS 0x00000000eee00000| PB 0x00000000eee00000| Complete 
| 239|0x00000000eef00000, 0x00000000ef000000, 0x00000000ef000000|100%| E|CS|TAMS 0x00000000eef00000| PB 0x00000000eef00000| Complete 
| 240|0x00000000ef000000, 0x00000000ef100000, 0x00000000ef100000|100%| E|CS|TAMS 0x00000000ef000000| PB 0x00000000ef000000| Complete 
| 241|0x00000000ef100000, 0x00000000ef200000, 0x00000000ef200000|100%| E|CS|TAMS 0x00000000ef100000| PB 0x00000000ef100000| Complete 
| 242|0x00000000ef200000, 0x00000000ef300000, 0x00000000ef300000|100%| E|CS|TAMS 0x00000000ef200000| PB 0x00000000ef200000| Complete 
| 243|0x00000000ef300000, 0x00000000ef400000, 0x00000000ef400000|100%| E|CS|TAMS 0x00000000ef300000| PB 0x00000000ef300000| Complete 
| 244|0x00000000ef400000, 0x00000000ef500000, 0x00000000ef500000|100%| E|CS|TAMS 0x00000000ef400000| PB 0x00000000ef400000| Complete 
| 245|0x00000000ef500000, 0x00000000ef600000, 0x00000000ef600000|100%| E|CS|TAMS 0x00000000ef500000| PB 0x00000000ef500000| Complete 
| 246|0x00000000ef600000, 0x00000000ef700000, 0x00000000ef700000|100%| E|CS|TAMS 0x00000000ef600000| PB 0x00000000ef600000| Complete 
| 247|0x00000000ef700000, 0x00000000ef800000, 0x00000000ef800000|100%| E|CS|TAMS 0x00000000ef700000| PB 0x00000000ef700000| Complete 
| 248|0x00000000ef800000, 0x00000000ef900000, 0x00000000ef900000|100%| E|CS|TAMS 0x00000000ef800000| PB 0x00000000ef800000| Complete 
| 249|0x00000000ef900000, 0x00000000efa00000, 0x00000000efa00000|100%| E|CS|TAMS 0x00000000ef900000| PB 0x00000000ef900000| Complete 
| 250|0x00000000efa00000, 0x00000000efb00000, 0x00000000efb00000|100%| E|CS|TAMS 0x00000000efa00000| PB 0x00000000efa00000| Complete 
| 251|0x00000000efb00000, 0x00000000efc00000, 0x00000000efc00000|100%| E|CS|TAMS 0x00000000efb00000| PB 0x00000000efb00000| Complete 
| 252|0x00000000efc00000, 0x00000000efd00000, 0x00000000efd00000|100%| E|CS|TAMS 0x00000000efc00000| PB 0x00000000efc00000| Complete 
| 253|0x00000000efd00000, 0x00000000efe00000, 0x00000000efe00000|100%| E|CS|TAMS 0x00000000efd00000| PB 0x00000000efd00000| Complete 
| 254|0x00000000efe00000, 0x00000000eff00000, 0x00000000eff00000|100%| E|CS|TAMS 0x00000000efe00000| PB 0x00000000efe00000| Complete 
| 255|0x00000000eff00000, 0x00000000f0000000, 0x00000000f0000000|100%| E|CS|TAMS 0x00000000eff00000| PB 0x00000000eff00000| Complete 

Card table byte_map: [0x00000198a4a40000,0x00000198a4b40000] _byte_map_base: 0x00000198a4340000

Marking Bits: (CMBitMap*) 0x0000019891ee8100
 Bits: [0x00000198a4b40000, 0x00000198a5340000)

Polling page: 0x000001988ff10000

Metaspace:

Usage:
  Non-class:     35.88 MB used.
      Class:      6.20 MB used.
       Both:     42.08 MB used.

Virtual space:
  Non-class space:       64.00 MB reserved,      36.75 MB ( 57%) committed,  1 nodes.
      Class space:      320.00 MB reserved,       7.00 MB (  2%) committed,  1 nodes.
             Both:      384.00 MB reserved,      43.75 MB ( 11%) committed. 

Chunk freelists:
   Non-Class:  10.80 MB
       Class:  9.01 MB
        Both:  19.80 MB

MaxMetaspaceSize: 384.00 MB
CompressedClassSpaceSize: 320.00 MB
Initial GC threshold: 21.00 MB
Current GC threshold: 58.75 MB
CDS: on
 - commit_granule_bytes: 65536.
 - commit_granule_words: 8192.
 - virtual_space_node_default_size: 8388608.
 - enlarge_chunks_in_place: 1.
 - use_allocation_guard: 0.


Internal statistics:

num_allocs_failed_limit: 6.
num_arena_births: 3164.
num_arena_deaths: 0.
num_vsnodes_births: 2.
num_vsnodes_deaths: 0.
num_space_committed: 701.
num_space_uncommitted: 0.
num_chunks_returned_to_freelist: 6.
num_chunks_taken_from_freelist: 5285.
num_chunk_merges: 6.
num_chunk_splits: 3408.
num_chunks_enlarged: 2055.
num_inconsistent_stats: 0.

CodeHeap 'non-profiled nmethods': size=119168Kb used=2842Kb max_used=2842Kb free=116325Kb
 bounds [0x000001989cc60000, 0x000001989cf30000, 0x00000198a40c0000]
CodeHeap 'profiled nmethods': size=119104Kb used=9122Kb max_used=9122Kb free=109981Kb
 bounds [0x00000198950c0000, 0x00000198959b0000, 0x000001989c510000]
CodeHeap 'non-nmethods': size=7488Kb used=2415Kb max_used=3043Kb free=5072Kb
 bounds [0x000001989c510000, 0x000001989c810000, 0x000001989cc60000]
CodeCache: size=245760Kb, used=14379Kb, max_used=15007Kb, free=231378Kb
 total_blobs=5333, nmethods=4608, adapters=627, full_count=0
Compilation: enabled, stopped_count=0, restarted_count=0

Compilation events (20 events):
Event: 47.570 Thread 0x00000198a83490e0 nmethod 5070 0x000001989599b410 code [0x000001989599b620, 0x000001989599bd50]
Event: 47.570 Thread 0x00000198c5d56a50 nmethod 5071 0x000001989599bf10 code [0x000001989599c0c0, 0x000001989599c3d0]
Event: 47.570 Thread 0x00000198a83490e0 5072       3       com.google.common.collect.LinkedHashMultimap$ValueSet$1::<init> (32 bytes)
Event: 47.570 Thread 0x00000198c5d56a50 5073       3       org.gradle.internal.instantiation.generator.AsmBackedClassGenerator$ClassBuilderImpl$$Lambda/0x00000198aa2126a0::apply (8 bytes)
Event: 47.571 Thread 0x00000198c5d56a50 nmethod 5073 0x000001989599c510 code [0x000001989599c6c0, 0x000001989599c8f0]
Event: 47.571 Thread 0x00000198a83490e0 nmethod 5072 0x000001989599c990 code [0x000001989599cb40, 0x000001989599cd98]
Event: 47.591 Thread 0x00000198a83490e0 5074  s    1       java.net.DatagramPacket::getPort (5 bytes)
Event: 47.591 Thread 0x00000198a83490e0 nmethod 5074 0x000001989cf26210 code [0x000001989cf263a0, 0x000001989cf26528]
Event: 47.666 Thread 0x00000198a83490e0 5075       3       java.lang.invoke.MethodHandles::constant (88 bytes)
Event: 47.668 Thread 0x00000198a83490e0 nmethod 5075 0x000001989599ce90 code [0x000001989599d1a0, 0x000001989599e0c0]
Event: 47.676 Thread 0x00000198a83490e0 5076       3       com.google.common.collect.LinkedHashMultimap$ValueEntry::<init> (18 bytes)
Event: 47.677 Thread 0x00000198a83490e0 nmethod 5076 0x000001989599e590 code [0x000001989599e740, 0x000001989599ea78]
Event: 47.677 Thread 0x00000198a83490e0 5077 %     3       org.gradle.internal.instantiation.generator.AbstractClassGenerator::inspectType @ 559 (602 bytes)
Event: 47.678 Thread 0x00000198c5d56a50 5078       3       org.gradle.model.internal.asm.MethodVisitorScope::_IFNULL (9 bytes)
Event: 47.678 Thread 0x00000198c5d56a50 nmethod 5078 0x000001989599eb90 code [0x000001989599ed40, 0x000001989599efb0]
Event: 47.678 Thread 0x00000198c5d56a50 5079       3       org.gradle.internal.instantiation.generator.AbstractClassGenerator$DslMixInPropertyType::findClosureOverload (109 bytes)
Event: 47.680 Thread 0x00000198c5d56a50 nmethod 5079 0x000001989599f090 code [0x000001989599f300, 0x000001989599ff68]
Event: 47.685 Thread 0x00000198a83490e0 nmethod 5077% 0x00000198959a0390 code [0x00000198959a0ca0, 0x00000198959a6908]
Event: 47.700 Thread 0x00000198a83490e0 5081       3       java.lang.invoke.LambdaForm$Name::<init> (14 bytes)
Event: 47.700 Thread 0x00000198a83490e0 nmethod 5081 0x00000198959a8510 code [0x00000198959a86e0, 0x00000198959a89f0]

GC Heap History (10 events):
Event: 2.460 GC heap before
{Heap before GC invocations=0 (full 0):
 garbage-first heap   total 262144K, used 26624K [0x00000000e0000000, 0x0000000100000000)
  region size 1024K, 23 young (23552K), 0 survivors (0K)
 Metaspace       used 2721K, committed 2880K, reserved 393216K
  class space    used 316K, committed 384K, reserved 327680K
}
Event: 3.181 GC heap after
{Heap after GC invocations=1 (full 0):
 garbage-first heap   total 262144K, used 10638K [0x00000000e0000000, 0x0000000100000000)
  region size 1024K, 3 young (3072K), 3 survivors (3072K)
 Metaspace       used 2721K, committed 2880K, reserved 393216K
  class space    used 316K, committed 384K, reserved 327680K
}
Event: 4.556 GC heap before
{Heap before GC invocations=1 (full 0):
 garbage-first heap   total 262144K, used 39310K [0x00000000e0000000, 0x0000000100000000)
  region size 1024K, 30 young (30720K), 3 survivors (3072K)
 Metaspace       used 4655K, committed 4864K, reserved 393216K
  class space    used 591K, committed 704K, reserved 327680K
}
Event: 4.563 GC heap after
{Heap after GC invocations=2 (full 0):
 garbage-first heap   total 262144K, used 13823K [0x00000000e0000000, 0x0000000100000000)
  region size 1024K, 3 young (3072K), 3 survivors (3072K)
 Metaspace       used 4655K, committed 4864K, reserved 393216K
  class space    used 591K, committed 704K, reserved 327680K
}
Event: 25.759 GC heap before
{Heap before GC invocations=2 (full 0):
 garbage-first heap   total 262144K, used 123391K [0x00000000e0000000, 0x0000000100000000)
  region size 1024K, 110 young (112640K), 3 survivors (3072K)
 Metaspace       used 20492K, committed 21120K, reserved 393216K
  class space    used 2894K, committed 3200K, reserved 327680K
}
Event: 25.884 GC heap after
{Heap after GC invocations=3 (full 0):
 garbage-first heap   total 262144K, used 23470K [0x00000000e0000000, 0x0000000100000000)
  region size 1024K, 12 young (12288K), 12 survivors (12288K)
 Metaspace       used 20492K, committed 21120K, reserved 393216K
  class space    used 2894K, committed 3200K, reserved 327680K
}
Event: 27.072 GC heap before
{Heap before GC invocations=3 (full 0):
 garbage-first heap   total 262144K, used 26542K [0x00000000e0000000, 0x0000000100000000)
  region size 1024K, 16 young (16384K), 12 survivors (12288K)
 Metaspace       used 20901K, committed 21504K, reserved 393216K
  class space    used 2966K, committed 3264K, reserved 327680K
}
Event: 27.081 GC heap after
{Heap after GC invocations=4 (full 0):
 garbage-first heap   total 262144K, used 24019K [0x00000000e0000000, 0x0000000100000000)
  region size 1024K, 11 young (11264K), 11 survivors (11264K)
 Metaspace       used 20901K, committed 21504K, reserved 393216K
  class space    used 2966K, committed 3264K, reserved 327680K
}
Event: 37.636 GC heap before
{Heap before GC invocations=5 (full 0):
 garbage-first heap   total 262144K, used 126419K [0x00000000e0000000, 0x0000000100000000)
  region size 1024K, 111 young (113664K), 11 survivors (11264K)
 Metaspace       used 34632K, committed 35968K, reserved 393216K
  class space    used 4977K, committed 5632K, reserved 327680K
}
Event: 37.647 GC heap after
{Heap after GC invocations=6 (full 0):
 garbage-first heap   total 262144K, used 29901K [0x00000000e0000000, 0x0000000100000000)
  region size 1024K, 16 young (16384K), 16 survivors (16384K)
 Metaspace       used 34632K, committed 35968K, reserved 393216K
  class space    used 4977K, committed 5632K, reserved 327680K
}

Dll operation events (20 events):
Event: 0.541 Attempting to load shared library C:\Users\Admin\.vscode\extensions\redhat.java-1.56.0-win32-x64\jre\21.0.12.1-win32-x86_64\bin\nio.dll
Event: 0.542 Loaded shared library C:\Users\Admin\.vscode\extensions\redhat.java-1.56.0-win32-x64\jre\21.0.12.1-win32-x86_64\bin\nio.dll
Event: 0.550 Attempting to load shared library C:\Users\Admin\.vscode\extensions\redhat.java-1.56.0-win32-x64\jre\21.0.12.1-win32-x86_64\bin\zip.dll
Event: 0.550 Loaded shared library C:\Users\Admin\.vscode\extensions\redhat.java-1.56.0-win32-x64\jre\21.0.12.1-win32-x86_64\bin\zip.dll
Event: 1.106 Attempting to load shared library C:\Users\Admin\.vscode\extensions\redhat.java-1.56.0-win32-x64\jre\21.0.12.1-win32-x86_64\bin\jimage.dll
Event: 1.106 Loaded shared library C:\Users\Admin\.vscode\extensions\redhat.java-1.56.0-win32-x64\jre\21.0.12.1-win32-x86_64\bin\jimage.dll
Event: 2.115 Attempting to load shared library C:\Users\Admin\.vscode\extensions\redhat.java-1.56.0-win32-x64\jre\21.0.12.1-win32-x86_64\bin\verify.dll
Event: 2.116 Loaded shared library C:\Users\Admin\.vscode\extensions\redhat.java-1.56.0-win32-x64\jre\21.0.12.1-win32-x86_64\bin\verify.dll
Event: 2.229 Attempting to load shared library C:\Users\Admin\.gradle\native\660c5614fbf4a5f2a75b1949f50a0caf5cd603558e7d8a26e50b933a0cfb79d1\windows-amd64\native-platform.dll
Event: 2.232 Loaded shared library C:\Users\Admin\.gradle\native\660c5614fbf4a5f2a75b1949f50a0caf5cd603558e7d8a26e50b933a0cfb79d1\windows-amd64\native-platform.dll
Event: 2.266 Attempting to load shared library C:\Users\Admin\.gradle\native\0.2.8\x86_64-windows-gnu\gradle-fileevents.dll
Event: 2.267 Loaded shared library C:\Users\Admin\.gradle\native\0.2.8\x86_64-windows-gnu\gradle-fileevents.dll
Event: 6.135 Attempting to load shared library C:\Users\Admin\.vscode\extensions\redhat.java-1.56.0-win32-x64\jre\21.0.12.1-win32-x86_64\bin\management.dll
Event: 6.136 Loaded shared library C:\Users\Admin\.vscode\extensions\redhat.java-1.56.0-win32-x64\jre\21.0.12.1-win32-x86_64\bin\management.dll
Event: 6.141 Attempting to load shared library C:\Users\Admin\.vscode\extensions\redhat.java-1.56.0-win32-x64\jre\21.0.12.1-win32-x86_64\bin\management_ext.dll
Event: 6.143 Loaded shared library C:\Users\Admin\.vscode\extensions\redhat.java-1.56.0-win32-x64\jre\21.0.12.1-win32-x86_64\bin\management_ext.dll
Event: 8.918 Attempting to load shared library C:\Users\Admin\.vscode\extensions\redhat.java-1.56.0-win32-x64\jre\21.0.12.1-win32-x86_64\bin\extnet.dll
Event: 8.919 Loaded shared library C:\Users\Admin\.vscode\extensions\redhat.java-1.56.0-win32-x64\jre\21.0.12.1-win32-x86_64\bin\extnet.dll
Event: 10.734 Attempting to load shared library C:\Users\Admin\.vscode\extensions\redhat.java-1.56.0-win32-x64\jre\21.0.12.1-win32-x86_64\bin\sunmscapi.dll
Event: 10.848 Loaded shared library C:\Users\Admin\.vscode\extensions\redhat.java-1.56.0-win32-x64\jre\21.0.12.1-win32-x86_64\bin\sunmscapi.dll

Deoptimization events (20 events):
Event: 45.383 Thread 0x00000198a88a01e0 DEOPT UNPACKING pc=0x000001989c564422 sp=0x0000002f21bf73c8 mode 2
Event: 45.420 Thread 0x00000198a88a01e0 Uncommon trap: trap_request=0xffffffc6 fr.pc=0x000001989ce585dc relative=0x00000000000002fc
Event: 45.420 Thread 0x00000198a88a01e0 Uncommon trap: reason=bimorphic_or_optimized_type_check action=maybe_recompile pc=0x000001989ce585dc method=com.google.common.base.CharMatcher.indexIn(Ljava/lang/CharSequence;I)I @ 31 c2
Event: 45.420 Thread 0x00000198a88a01e0 DEOPT PACKING pc=0x000001989ce585dc sp=0x0000002f21bf6a40
Event: 45.420 Thread 0x00000198a88a01e0 DEOPT UNPACKING pc=0x000001989c564422 sp=0x0000002f21bf69e8 mode 2
Event: 45.645 Thread 0x00000198a88a01e0 Uncommon trap: trap_request=0xffffff45 fr.pc=0x000001989cf1d25c relative=0x000000000000035c
Event: 45.645 Thread 0x00000198a88a01e0 Uncommon trap: reason=unstable_if action=reinterpret pc=0x000001989cf1d25c method=org.gradle.internal.reflect.PropertyAccessorType.of(Ljava/lang/reflect/Method;)Lorg/gradle/internal/reflect/PropertyAccessorType; @ 56 c2
Event: 45.645 Thread 0x00000198a88a01e0 DEOPT PACKING pc=0x000001989cf1d25c sp=0x0000002f21bf7fb0
Event: 45.645 Thread 0x00000198a88a01e0 DEOPT UNPACKING pc=0x000001989c564422 sp=0x0000002f21bf7f70 mode 2
Event: 45.791 Thread 0x00000198a88a01e0 Uncommon trap: trap_request=0xffffffc6 fr.pc=0x000001989ce585dc relative=0x00000000000002fc
Event: 45.791 Thread 0x00000198a88a01e0 Uncommon trap: reason=bimorphic_or_optimized_type_check action=maybe_recompile pc=0x000001989ce585dc method=com.google.common.base.CharMatcher.indexIn(Ljava/lang/CharSequence;I)I @ 31 c2
Event: 45.791 Thread 0x00000198a88a01e0 DEOPT PACKING pc=0x000001989ce585dc sp=0x0000002f21bf8770
Event: 45.791 Thread 0x00000198a88a01e0 DEOPT UNPACKING pc=0x000001989c564422 sp=0x0000002f21bf8718 mode 2
Event: 47.834 Thread 0x00000198a88a01e0 Uncommon trap: trap_request=0xffffff45 fr.pc=0x000001989cd084b4 relative=0x00000000000001f4
Event: 47.835 Thread 0x00000198a88a01e0 Uncommon trap: reason=unstable_if action=reinterpret pc=0x000001989cd084b4 method=java.net.URI$Parser.scan(IILjava/lang/String;)I @ 26 c2
Event: 47.835 Thread 0x00000198a88a01e0 DEOPT PACKING pc=0x000001989cd084b4 sp=0x0000002f21bf7a20
Event: 47.835 Thread 0x00000198a88a01e0 DEOPT UNPACKING pc=0x000001989c564422 sp=0x0000002f21bf79b0 mode 2
Event: 47.835 Thread 0x00000198a88a01e0 Uncommon trap: trap_request=0xffffff45 fr.pc=0x000001989cce81ac relative=0x000000000000016c
Event: 47.835 Thread 0x00000198a88a01e0 Uncommon trap: reason=unstable_if action=reinterpret pc=0x000001989cce81ac method=java.net.URI.match(CJJ)Z @ 45 c2
Event: 47.835 Thread 0x00000198a88a01e0 DEOPT PACKING pc=0x000001989cce81ac sp=0x0000002f21bf7790

Classes loaded (20 events):
Event: 44.020 Loading class java/util/TreeMap$KeySpliterator
Event: 44.020 Loading class java/util/TreeMap$TreeMapSpliterator
Event: 44.020 Loading class java/util/TreeMap$TreeMapSpliterator done
Event: 44.020 Loading class java/util/TreeMap$KeySpliterator done
Event: 44.033 Loading class java/util/PrimitiveIterator$OfInt
Event: 44.033 Loading class java/util/PrimitiveIterator$OfInt done
Event: 44.865 Loading class sun/reflect/generics/reflectiveObjects/GenericArrayTypeImpl
Event: 44.865 Loading class sun/reflect/generics/reflectiveObjects/GenericArrayTypeImpl done
Event: 44.875 Loading class com/sun/beans/finder/MethodFinder
Event: 44.876 Loading class com/sun/beans/finder/AbstractFinder
Event: 44.876 Loading class com/sun/beans/finder/AbstractFinder done
Event: 44.876 Loading class com/sun/beans/finder/MethodFinder done
Event: 44.876 Loading class com/sun/beans/finder/MethodFinder$1
Event: 44.876 Loading class com/sun/beans/finder/MethodFinder$1 done
Event: 44.877 Loading class com/sun/beans/finder/FinderUtils
Event: 44.877 Loading class com/sun/beans/finder/FinderUtils done
Event: 44.958 Loading class java/lang/invoke/BoundMethodHandle$Species_LLLLILLLLLL
Event: 44.958 Loading class java/lang/invoke/BoundMethodHandle$Species_LLLLILLLLLL done
Event: 46.178 Loading class sun/reflect/generics/tree/BooleanSignature
Event: 46.178 Loading class sun/reflect/generics/tree/BooleanSignature done

Classes unloaded (0 events):
No events

Classes redefined (0 events):
No events

Internal exceptions (20 events):
Event: 44.970 Thread 0x00000198a88a01e0 Implicit null exception at 0x000001989ccfeb78 to 0x000001989ccfef14
Event: 45.007 Thread 0x00000198a88a01e0 Exception <a 'java/lang/ClassNotFoundException'{0x00000000ec9d9860}: org/gradle/internal/metaobject/ConfigureDelegateBeanInfo> (0x00000000ec9d9860) 
thrown [s\src\hotspot\share\classfile\systemDictionary.cpp, line 313]
Event: 45.010 Thread 0x00000198a88a01e0 Exception <a 'java/lang/ClassNotFoundException'{0x00000000ec9ea718}: org/gradle/internal/metaobject/ConfigureDelegateCustomizer> (0x00000000ec9ea718) 
thrown [s\src\hotspot\share\classfile\systemDictionary.cpp, line 313]
Event: 45.100 Thread 0x00000198a88a01e0 Exception <a 'java/lang/NoSuchMethodError'{0x00000000ec87b538}: 'java.lang.Object java.lang.invoke.Invokers$Holder.linkToCallSite(java.lang.Object, java.lang.Object, int, java.lang.Object)'> (0x00000000ec87b538) 
thrown [s\src\hotspot\share\interpreter\linkResolver.cpp, line 773]
Event: 45.125 Thread 0x00000198a88a01e0 Exception <a 'java/lang/NoSuchMethodError'{0x00000000ec8a07b8}: 'java.lang.Object java.lang.invoke.DirectMethodHandle$Holder.invokeSpecial(java.lang.Object, java.lang.Object, java.lang.Object, java.lang.Object, java.lang.Object, int)'> (0x00000000ec8a07b8) 
thrown [s\src\hotspot\share\interpreter\linkResolver.cpp, line 773]
Event: 45.126 Thread 0x00000198a88a01e0 Exception <a 'java/lang/NoSuchMethodError'{0x00000000ec8a5218}: 'java.lang.Object java.lang.invoke.DelegatingMethodHandle$Holder.delegate(java.lang.Object, java.lang.Object, java.lang.Object, java.lang.Object, int)'> (0x00000000ec8a5218) 
thrown [s\src\hotspot\share\interpreter\linkResolver.cpp, line 773]
Event: 45.164 Thread 0x00000198a88a01e0 Exception <a 'java/lang/ClassNotFoundException'{0x00000000ec70afb0}: org/gradle/plugin/use/internal/PluginRequestCollector$PluginDependenciesSpecImplBeanInfo> (0x00000000ec70afb0) 
thrown [s\src\hotspot\share\classfile\systemDictionary.cpp, line 313]
Event: 45.187 Thread 0x00000198a88a01e0 Exception <a 'java/lang/ClassNotFoundException'{0x00000000ec71e470}: org/gradle/plugin/use/internal/PluginRequestCollector$PluginDependenciesSpecImplCustomizer> (0x00000000ec71e470) 
thrown [s\src\hotspot\share\classfile\systemDictionary.cpp, line 313]
Event: 45.223 Thread 0x00000198a88a01e0 Exception <a 'java/lang/NoSuchMethodError'{0x00000000ec72d378}: 'java.lang.Object java.lang.invoke.DirectMethodHandle$Holder.invokeVirtual(java.lang.Object, java.lang.Object, java.lang.Object, int)'> (0x00000000ec72d378) 
thrown [s\src\hotspot\share\interpreter\linkResolver.cpp, line 773]
Event: 45.380 Thread 0x00000198a88a01e0 Exception <a 'java/lang/ClassNotFoundException'{0x00000000ec782da8}: org/gradle/plugin/use/internal/PluginRequestCollector$PluginDependencySpecImplBeanInfo> (0x00000000ec782da8) 
thrown [s\src\hotspot\share\classfile\systemDictionary.cpp, line 313]
Event: 45.382 Thread 0x00000198a88a01e0 Exception <a 'java/lang/ClassNotFoundException'{0x00000000ec796220}: org/gradle/plugin/use/internal/PluginRequestCollector$PluginDependencySpecImplCustomizer> (0x00000000ec796220) 
thrown [s\src\hotspot\share\classfile\systemDictionary.cpp, line 313]
Event: 45.431 Thread 0x00000198a88a01e0 Exception <a 'java/lang/NoSuchMethodError'{0x00000000ec7d7678}: 'void java.lang.invoke.DirectMethodHandle$Holder.invokeStatic(java.lang.Object, java.lang.Object, java.lang.Object, java.lang.Object, java.lang.Object, java.lang.Object)'> (0x00000000ec7d7678) 
thrown [s\src\hotspot\share\interpreter\linkResolver.cpp, line 773]
Event: 45.704 Thread 0x00000198a88a01e0 Exception <a 'java/lang/NoSuchMethodError'{0x00000000ec305630}: 'java.lang.Object java.lang.invoke.DirectMethodHandle$Holder.newInvokeSpecial(java.lang.Object, java.lang.Object, java.lang.Object, java.lang.Object, int)'> (0x00000000ec305630) 
thrown [s\src\hotspot\share\interpreter\linkResolver.cpp, line 773]
Event: 45.705 Thread 0x00000198a88a01e0 Exception <a 'java/lang/NoSuchMethodError'{0x00000000ec30a060}: 'java.lang.Object java.lang.invoke.Invokers$Holder.linkToTargetMethod(java.lang.Object, java.lang.Object, java.lang.Object, int, java.lang.Object)'> (0x00000000ec30a060) 
thrown [s\src\hotspot\share\interpreter\linkResolver.cpp, line 773]
Event: 45.712 Thread 0x00000198a88a01e0 Exception <a 'java/lang/NoSuchMethodError'{0x00000000ec335390}: 'java.lang.Object java.lang.invoke.DirectMethodHandle$Holder.newInvokeSpecial(java.lang.Object, java.lang.Object, java.lang.Object, java.lang.Object, java.lang.Object, java.lang.Object, java.lang.Object, java.lang.Object, java.lang.Object, java.lang.Object, java.lang.Object, java.lang.Object, java.lang.Object, java.lang.Object, java.lang.Object, java.lang.Object, java.lang.Object, java.lang.Object, java.lang.Object)'> (0x00000000ec335390) 
thr
Event: 45.713 Thread 0x00000198a88a01e0 Exception <a 'java/lang/NoSuchMethodError'{0x00000000ec33c010}: 'java.lang.Object java.lang.invoke.DirectMethodHandle$Holder.invokeSpecial(java.lang.Object, java.lang.Object, java.lang.Object, java.lang.Object, java.lang.Object, java.lang.Object, java.lang.Object, java.lang.Object, java.lang.Object, java.lang.Object, java.lang.Object, java.lang.Object, java.lang.Object, java.lang.Object, java.lang.Object, java.lang.Object, java.lang.Object, java.lang.Object, java.lang.Object, java.lang.Object)'> (0x0000000
Event: 45.713 Thread 0x00000198a88a01e0 Exception <a 'java/lang/NoSuchMethodError'{0x00000000ec341b10}: 'java.lang.Object java.lang.invoke.DelegatingMethodHandle$Holder.reinvoke_L(java.lang.Object, java.lang.Object, java.lang.Object, java.lang.Object, java.lang.Object, java.lang.Object, java.lang.Object, java.lang.Object, java.lang.Object, java.lang.Object, java.lang.Object, java.lang.Object, java.lang.Object, java.lang.Object, java.lang.Object, java.lang.Object, java.lang.Object, java.lang.Object, java.lang.Object)'> (0x00000000ec341b10) 
throw
Event: 46.184 Thread 0x00000198a88a01e0 Exception <a 'java/lang/NoSuchMethodError'{0x00000000ebeaecb0}: 'java.lang.Object java.lang.invoke.DelegatingMethodHandle$Holder.reinvoke_L(java.lang.Object, java.lang.Object, java.lang.Object, java.lang.Object, int, java.lang.Object, java.lang.Object, java.lang.Object, java.lang.Object, java.lang.Object, java.lang.Object, java.lang.Object, java.lang.Object)'> (0x00000000ebeaecb0) 
thrown [s\src\hotspot\share\interpreter\linkResolver.cpp, line 773]
Event: 47.701 Thread 0x00000198a88a01e0 Exception <a 'java/lang/NoSuchMethodError'{0x00000000ebb124d8}: 'java.lang.Object java.lang.invoke.DirectMethodHandle$Holder.newInvokeSpecial(java.lang.Object, java.lang.Object, java.lang.Object, int, java.lang.Object)'> (0x00000000ebb124d8) 
thrown [s\src\hotspot\share\interpreter\linkResolver.cpp, line 773]
Event: 47.701 Thread 0x00000198a88a01e0 Exception <a 'java/lang/NoSuchMethodError'{0x00000000ebb16980}: 'java.lang.Object java.lang.invoke.Invokers$Holder.linkToTargetMethod(java.lang.Object, java.lang.Object, int, java.lang.Object, java.lang.Object)'> (0x00000000ebb16980) 
thrown [s\src\hotspot\share\interpreter\linkResolver.cpp, line 773]

ZGC Phase Switch (0 events):
No events

VM Operations (20 events):
Event: 41.231 Executing non-safepoint VM operation: HandshakeAllThreads (Deoptimize) done
Event: 41.775 Executing non-safepoint VM operation: HandshakeAllThreads (Deoptimize)
Event: 41.775 Executing non-safepoint VM operation: HandshakeAllThreads (Deoptimize) done
Event: 41.788 Executing non-safepoint VM operation: HandshakeAllThreads (Deoptimize)
Event: 41.788 Executing non-safepoint VM operation: HandshakeAllThreads (Deoptimize) done
Event: 41.822 Executing non-safepoint VM operation: HandshakeAllThreads (Deoptimize)
Event: 41.823 Executing non-safepoint VM operation: HandshakeAllThreads (Deoptimize) done
Event: 42.826 Executing safepoint VM operation: Cleanup
Event: 42.841 Executing safepoint VM operation: Cleanup done
Event: 43.850 Executing safepoint VM operation: Cleanup
Event: 43.850 Executing safepoint VM operation: Cleanup done
Event: 43.888 Executing non-safepoint VM operation: HandshakeAllThreads (Deoptimize)
Event: 43.888 Executing non-safepoint VM operation: HandshakeAllThreads (Deoptimize) done
Event: 44.895 Executing safepoint VM operation: Cleanup
Event: 44.916 Executing safepoint VM operation: Cleanup done
Event: 45.938 Executing safepoint VM operation: Cleanup
Event: 45.944 Executing safepoint VM operation: Cleanup done
Event: 46.955 Executing safepoint VM operation: Cleanup
Event: 46.956 Executing safepoint VM operation: Cleanup done
Event: 47.964 Executing safepoint VM operation: Cleanup

Memory protections (0 events):
No events

Nmethod flushes (20 events):
Event: 37.669 Thread 0x00000198a831a260 flushing  nmethod 0x000001989518c090
Event: 37.669 Thread 0x00000198a831a260 flushing  nmethod 0x000001989518e610
Event: 37.669 Thread 0x00000198a831a260 flushing  nmethod 0x000001989518e990
Event: 37.669 Thread 0x00000198a831a260 flushing  nmethod 0x000001989518f190
Event: 37.669 Thread 0x00000198a831a260 flushing  nmethod 0x000001989518fd10
Event: 37.669 Thread 0x00000198a831a260 flushing  nmethod 0x0000019895190c90
Event: 37.669 Thread 0x00000198a831a260 flushing  nmethod 0x0000019895191510
Event: 37.669 Thread 0x00000198a831a260 flushing  nmethod 0x0000019895241d90
Event: 37.669 Thread 0x00000198a831a260 flushing  nmethod 0x0000019895242690
Event: 37.669 Thread 0x00000198a831a260 flushing  nmethod 0x0000019895243090
Event: 37.669 Thread 0x00000198a831a260 flushing  nmethod 0x0000019895244410
Event: 37.669 Thread 0x00000198a831a260 flushing  nmethod 0x0000019895244890
Event: 37.669 Thread 0x00000198a831a260 flushing  nmethod 0x0000019895246810
Event: 37.669 Thread 0x00000198a831a260 flushing  nmethod 0x0000019895246c90
Event: 37.669 Thread 0x00000198a831a260 flushing  nmethod 0x0000019895249410
Event: 37.669 Thread 0x00000198a831a260 flushing  nmethod 0x000001989524c810
Event: 37.669 Thread 0x00000198a831a260 flushing  nmethod 0x00000198952f0690
Event: 37.669 Thread 0x00000198a831a260 flushing  nmethod 0x0000019895425d90
Event: 37.669 Thread 0x00000198a831a260 flushing  nmethod 0x000001989542ac10
Event: 37.669 Thread 0x00000198a831a260 flushing  nmethod 0x0000019895552310

Events (20 events):
Event: 34.842 Thread 0x00000198a88a01e0 Thread added: 0x00000198c29c3b80
Event: 35.164 Thread 0x00000198a88a01e0 Thread added: 0x00000198c29c2e60
Event: 36.203 Thread 0x00000198a88a01e0 Thread added: 0x00000198c29c1420
Event: 36.433 Thread 0x00000198a88a01e0 Thread added: 0x00000198c29c0d90
Event: 37.432 Thread 0x00000198a8342490 Thread added: 0x00000198c515bd90
Event: 37.433 Thread 0x00000198a8342490 Thread added: 0x00000198c3f9d2d0
Event: 37.608 Thread 0x00000198c3f9d2d0 Thread exited: 0x00000198c3f9d2d0
Event: 38.044 Thread 0x00000198c515bd90 Thread exited: 0x00000198c515bd90
Event: 39.722 Thread 0x00000198a88a01e0 Thread added: 0x00000198c29c2140
Event: 40.273 Thread 0x00000198a88a01e0 Thread added: 0x00000198c29c27d0
Event: 41.184 Thread 0x00000198c4d48500 Thread exited: 0x00000198c4d48500
Event: 41.328 Thread 0x00000198a83490e0 Thread added: 0x00000198c4d48500
Event: 41.684 Thread 0x00000198a83490e0 Thread added: 0x00000198c77e5dd0
Event: 42.069 Thread 0x00000198a83490e0 Thread added: 0x00000198c5d56a50
Event: 43.507 Thread 0x00000198c4d48500 Thread exited: 0x00000198c4d48500
Event: 43.507 Thread 0x00000198c77e5dd0 Thread exited: 0x00000198c77e5dd0
Event: 44.104 Thread 0x00000198a83490e0 Thread added: 0x00000198c4d48500
Event: 44.457 Thread 0x00000198c4d48500 Thread exited: 0x00000198c4d48500
Event: 44.563 Thread 0x00000198a88a01e0 Thread added: 0x00000198a86e9550
Event: 45.460 Thread 0x00000198a83490e0 Thread added: 0x00000198c5801740


Dynamic libraries:
0x00007ff724e10000 - 0x00007ff724e1e000 	C:\Users\Admin\.vscode\extensions\redhat.java-1.56.0-win32-x64\jre\21.0.12.1-win32-x86_64\bin\java.exe
0x00007ff8b6b60000 - 0x00007ff8b6dc6000 	C:\Windows\SYSTEM32\ntdll.dll
0x00007ff8b5a10000 - 0x00007ff8b5ad9000 	C:\Windows\System32\KERNEL32.DLL
0x00007ff8b4190000 - 0x00007ff8b458e000 	C:\Windows\System32\KERNELBASE.dll
0x00007ff8b3f70000 - 0x00007ff8b40bc000 	C:\Windows\System32\ucrtbase.dll
0x00007ff8a2ff0000 - 0x00007ff8a3008000 	C:\Users\Admin\.vscode\extensions\redhat.java-1.56.0-win32-x64\jre\21.0.12.1-win32-x86_64\bin\jli.dll
0x00007ff8b62c0000 - 0x00007ff8b6487000 	C:\Windows\System32\USER32.dll
0x00007ff8b4860000 - 0x00007ff8b4887000 	C:\Windows\System32\win32u.dll
0x00007ff8b6760000 - 0x00007ff8b678b000 	C:\Windows\System32\GDI32.dll
0x00007ff8b3d80000 - 0x00007ff8b3eaa000 	C:\Windows\System32\gdi32full.dll
0x00007ff8b4720000 - 0x00007ff8b47c3000 	C:\Windows\System32\msvcp_win.dll
0x00007ff8a2fd0000 - 0x00007ff8a2fee000 	C:\Users\Admin\.vscode\extensions\redhat.java-1.56.0-win32-x64\jre\21.0.12.1-win32-x86_64\bin\VCRUNTIME140.dll
0x00007ff899ce0000 - 0x00007ff899f72000 	C:\Windows\WinSxS\amd64_microsoft.windows.common-controls_6595b64144ccf1df_6.0.26100.8875_none_3e0d5d42e32fe9dd\COMCTL32.dll
0x00007ff8b6570000 - 0x00007ff8b6619000 	C:\Windows\System32\msvcrt.dll
0x00007ff8b6620000 - 0x00007ff8b6652000 	C:\Windows\System32\IMM32.DLL
0x00007ff8ad360000 - 0x00007ff8ad36c000 	C:\Users\Admin\.vscode\extensions\redhat.java-1.56.0-win32-x64\jre\21.0.12.1-win32-x86_64\bin\vcruntime140_1.dll
0x00007ff8a2d60000 - 0x00007ff8a2ded000 	C:\Users\Admin\.vscode\extensions\redhat.java-1.56.0-win32-x64\jre\21.0.12.1-win32-x86_64\bin\msvcp140.dll
0x00007ff82a3f0000 - 0x00007ff82b192000 	C:\Users\Admin\.vscode\extensions\redhat.java-1.56.0-win32-x64\jre\21.0.12.1-win32-x86_64\bin\server\jvm.dll
0x00007ff8b5f60000 - 0x00007ff8b6017000 	C:\Windows\System32\ADVAPI32.dll
0x00007ff8b5080000 - 0x00007ff8b512a000 	C:\Windows\System32\sechost.dll
0x00007ff8b58d0000 - 0x00007ff8b59e8000 	C:\Windows\System32\RPCRT4.dll
0x00007ff8b5130000 - 0x00007ff8b51b0000 	C:\Windows\System32\WS2_32.dll
0x00007ff8b3be0000 - 0x00007ff8b3c3e000 	C:\Windows\SYSTEM32\POWRPROF.dll
0x00007ff8abdb0000 - 0x00007ff8abde6000 	C:\Windows\SYSTEM32\WINMM.dll
0x00007ff8abdf0000 - 0x00007ff8abdfb000 	C:\Windows\SYSTEM32\VERSION.dll
0x00007ff8b3bc0000 - 0x00007ff8b3bd4000 	C:\Windows\SYSTEM32\UMPDC.dll
0x00007ff8b2a60000 - 0x00007ff8b2a7b000 	C:\Windows\SYSTEM32\kernel.appcore.dll
0x00007ff8ac660000 - 0x00007ff8ac66a000 	C:\Users\Admin\.vscode\extensions\redhat.java-1.56.0-win32-x64\jre\21.0.12.1-win32-x86_64\bin\jimage.dll
0x00007ff8b13b0000 - 0x00007ff8b15f2000 	C:\Windows\SYSTEM32\DBGHELP.DLL
0x00007ff8b6790000 - 0x00007ff8b6b13000 	C:\Windows\System32\combase.dll
0x00007ff8b6490000 - 0x00007ff8b6569000 	C:\Windows\System32\OLEAUT32.dll
0x00007ff89bc70000 - 0x00007ff89bcab000 	C:\Windows\SYSTEM32\dbgcore.DLL
0x00007ff8b3eb0000 - 0x00007ff8b3f5c000 	C:\Windows\System32\bcryptPrimitives.dll
0x00007ff8a5b70000 - 0x00007ff8a5b7f000 	C:\Users\Admin\.vscode\extensions\redhat.java-1.56.0-win32-x64\jre\21.0.12.1-win32-x86_64\bin\instrument.dll
0x00007ff8a2fb0000 - 0x00007ff8a2fd0000 	C:\Users\Admin\.vscode\extensions\redhat.java-1.56.0-win32-x64\jre\21.0.12.1-win32-x86_64\bin\java.dll
0x00007ff8b48e0000 - 0x00007ff8b5072000 	C:\Windows\System32\SHELL32.dll
0x00007ff8b1860000 - 0x00007ff8b20f2000 	C:\Windows\SYSTEM32\windows.storage.dll
0x00007ff8b6660000 - 0x00007ff8b6757000 	C:\Windows\System32\SHCORE.dll
0x00007ff8b5680000 - 0x00007ff8b56e7000 	C:\Windows\System32\shlwapi.dll
0x00007ff8b3ca0000 - 0x00007ff8b3cc9000 	C:\Windows\SYSTEM32\profapi.dll
0x00007ff8a2660000 - 0x00007ff8a2678000 	C:\Users\Admin\.vscode\extensions\redhat.java-1.56.0-win32-x64\jre\21.0.12.1-win32-x86_64\bin\zip.dll
0x00007ff8a5ed0000 - 0x00007ff8a5ee0000 	C:\Users\Admin\.vscode\extensions\redhat.java-1.56.0-win32-x64\jre\21.0.12.1-win32-x86_64\bin\net.dll
0x00007ff8aba90000 - 0x00007ff8abbb7000 	C:\Windows\SYSTEM32\WINHTTP.dll
0x00007ff8b3010000 - 0x00007ff8b307c000 	C:\Windows\system32\mswsock.dll
0x00007ff8a2640000 - 0x00007ff8a2656000 	C:\Users\Admin\.vscode\extensions\redhat.java-1.56.0-win32-x64\jre\21.0.12.1-win32-x86_64\bin\nio.dll
0x00007ff8a42b0000 - 0x00007ff8a42c0000 	C:\Users\Admin\.vscode\extensions\redhat.java-1.56.0-win32-x64\jre\21.0.12.1-win32-x86_64\bin\verify.dll
0x00007ff8a13a0000 - 0x00007ff8a13c7000 	C:\Users\Admin\.gradle\native\660c5614fbf4a5f2a75b1949f50a0caf5cd603558e7d8a26e50b933a0cfb79d1\windows-amd64\native-platform.dll
0x00007ff881df0000 - 0x00007ff881e67000 	C:\Users\Admin\.gradle\native\0.2.8\x86_64-windows-gnu\gradle-fileevents.dll
0x00007ff8ae780000 - 0x00007ff8ae78a000 	C:\Users\Admin\.vscode\extensions\redhat.java-1.56.0-win32-x64\jre\21.0.12.1-win32-x86_64\bin\management.dll
0x00007ff8ae770000 - 0x00007ff8ae77c000 	C:\Users\Admin\.vscode\extensions\redhat.java-1.56.0-win32-x64\jre\21.0.12.1-win32-x86_64\bin\management_ext.dll
0x00007ff8b5d20000 - 0x00007ff8b5d28000 	C:\Windows\System32\PSAPI.DLL
0x00007ff8b2430000 - 0x00007ff8b2463000 	C:\Windows\SYSTEM32\IPHLPAPI.DLL
0x00007ff8b6250000 - 0x00007ff8b625a000 	C:\Windows\System32\NSI.dll
0x00007ff8a3a70000 - 0x00007ff8a3a79000 	C:\Users\Admin\.vscode\extensions\redhat.java-1.56.0-win32-x64\jre\21.0.12.1-win32-x86_64\bin\extnet.dll
0x00007ff8b3310000 - 0x00007ff8b332b000 	C:\Windows\SYSTEM32\CRYPTSP.dll
0x00007ff8b29c0000 - 0x00007ff8b29f9000 	C:\Windows\system32\rsaenh.dll
0x00007ff8b30d0000 - 0x00007ff8b3102000 	C:\Windows\SYSTEM32\USERENV.dll
0x00007ff8b3c70000 - 0x00007ff8b3c9a000 	C:\Windows\SYSTEM32\bcrypt.dll
0x00007ff8b3330000 - 0x00007ff8b333c000 	C:\Windows\SYSTEM32\CRYPTBASE.dll
0x00007ff8ae700000 - 0x00007ff8ae70e000 	C:\Users\Admin\.vscode\extensions\redhat.java-1.56.0-win32-x64\jre\21.0.12.1-win32-x86_64\bin\sunmscapi.dll
0x00007ff8b45a0000 - 0x00007ff8b4718000 	C:\Windows\System32\CRYPT32.dll
0x00007ff8b3550000 - 0x00007ff8b3580000 	C:\Windows\SYSTEM32\ncrypt.dll
0x00007ff8b3500000 - 0x00007ff8b353f000 	C:\Windows\SYSTEM32\NTASN1.dll
0x00007ff8a7650000 - 0x00007ff8a7658000 	C:\Windows\system32\wshunix.dll

JVMTI agents:
C:\Users\Admin\.gradle\wrapper\dists\gradle-9.5.1-bin\iq79hdu3mqx29lgffhp8bfmx\gradle-9.5.1\lib\agents\gradle-instrumentation-agent-9.5.1.jar path:C:\Users\Admin\.vscode\extensions\redhat.java-1.56.0-win32-x64\jre\21.0.12.1-win32-x86_64\bin\instrument.dll, loaded, initialized, instrumentlib options:none

dbghelp: loaded successfully - version: 4.0.5 - missing functions: none
symbol engine: initialized successfully - sym options: 0x614 - pdb path: .;C:\Users\Admin\.vscode\extensions\redhat.java-1.56.0-win32-x64\jre\21.0.12.1-win32-x86_64\bin;C:\Windows\SYSTEM32;C:\Windows\WinSxS\amd64_microsoft.windows.common-controls_6595b64144ccf1df_6.0.26100.8875_none_3e0d5d42e32fe9dd;C:\Users\Admin\.vscode\extensions\redhat.java-1.56.0-win32-x64\jre\21.0.12.1-win32-x86_64\bin\server;C:\Users\Admin\.gradle\native\660c5614fbf4a5f2a75b1949f50a0caf5cd603558e7d8a26e50b933a0cfb79d1\windows-amd64;C:\Users\Admin\.gradle\native\0.2.8\x86_64-windows-gnu

VM Arguments:
jvm_args: --add-opens=java.base/java.lang=ALL-UNNAMED --add-opens=java.base/java.lang.invoke=ALL-UNNAMED --add-opens=java.base/java.util=ALL-UNNAMED --add-opens=java.prefs/java.util.prefs=ALL-UNNAMED --add-exports=jdk.compiler/com.sun.tools.javac.api=ALL-UNNAMED --add-exports=jdk.compiler/com.sun.tools.javac.util=ALL-UNNAMED --add-opens=java.base/java.nio.charset=ALL-UNNAMED --add-opens=java.base/java.net=ALL-UNNAMED --add-opens=java.base/java.util.concurrent=ALL-UNNAMED --add-opens=java.base/java.util.concurrent.atomic=ALL-UNNAMED --add-opens=java.xml/javax.xml.namespace=ALL-UNNAMED --add-opens=java.base/java.time=ALL-UNNAMED -XX:MaxMetaspaceSize=384m -XX:+HeapDumpOnOutOfMemoryError -Xms256m -Xmx512m -Dfile.encoding=UTF-8 -Duser.country=US -Duser.language=en -Duser.variant -javaagent:C:\Users\Admin\.gradle\wrapper\dists\gradle-9.5.1-bin\iq79hdu3mqx29lgffhp8bfmx\gradle-9.5.1\lib\agents\gradle-instrumentation-agent-9.5.1.jar 
java_command: org.gradle.launcher.daemon.bootstrap.GradleDaemon 9.5.1
java_class_path (initial): C:\Users\Admin\.gradle\wrapper\dists\gradle-9.5.1-bin\iq79hdu3mqx29lgffhp8bfmx\gradle-9.5.1\lib\gradle-daemon-main-9.5.1.jar
Launcher Type: SUN_STANDARD

[Global flags]
     intx CICompilerCount                          = 12                                        {product} {ergonomic}
   size_t CompressedClassSpaceSize                 = 335544320                                 {product} {ergonomic}
     uint ConcGCThreads                            = 3                                         {product} {ergonomic}
     uint G1ConcRefinementThreads                  = 13                                        {product} {ergonomic}
   size_t G1HeapRegionSize                         = 1048576                                   {product} {ergonomic}
    uintx GCDrainStackTargetSize                   = 64                                        {product} {ergonomic}
     bool HeapDumpOnOutOfMemoryError               = true                                   {manageable} {command line}
   size_t InitialHeapSize                          = 268435456                                 {product} {command line}
   size_t MarkStackSize                            = 4194304                                   {product} {ergonomic}
   size_t MaxHeapSize                              = 536870912                                 {product} {command line}
   size_t MaxMetaspaceSize                         = 402653184                                 {product} {command line}
   size_t MaxNewSize                               = 321912832                                 {product} {ergonomic}
   size_t MinHeapDeltaBytes                        = 1048576                                   {product} {ergonomic}
   size_t MinHeapSize                              = 268435456                                 {product} {command line}
    uintx NonNMethodCodeHeapSize                   = 7602480                                {pd product} {ergonomic}
    uintx NonProfiledCodeHeapSize                  = 122027880                              {pd product} {ergonomic}
    uintx ProfiledCodeHeapSize                     = 122027880                              {pd product} {ergonomic}
    uintx ReservedCodeCacheSize                    = 251658240                              {pd product} {ergonomic}
     bool SegmentedCodeCache                       = true                                      {product} {ergonomic}
   size_t SoftMaxHeapSize                          = 536870912                              {manageable} {ergonomic}
     bool UseCompressedOops                        = true                           {product lp64_product} {ergonomic}
     bool UseG1GC                                  = true                                      {product} {ergonomic}
     bool UseLargePagesIndividualAllocation        = false                                  {pd product} {ergonomic}

Logging:
Log output configuration:
 #0: stdout all=warning uptime,level,tags foldmultilines=false
 #1: stderr all=off uptime,level,tags foldmultilines=false

Release file:
JAVA_VERSION="21.0.12.1" 
MODULES="java.base java.compiler java.datatransfer java.xml java.prefs java.desktop java.instrument java.logging java.management java.security.sasl java.naming java.rmi java.management.rmi java.net.http java.scripting java.security.jgss java.transaction.xa java.sql java.sql.rowset java.xml.crypto java.se java.smartcardio jdk.accessibility jdk.internal.jvmstat jdk.attach jdk.charsets jdk.internal.opt jdk.zipfs jdk.compiler jdk.crypto.ec jdk.crypto.cryptoki jdk.crypto.mscapi jdk.dynalink jdk.internal.ed jdk.editpad jdk.hotspot.agent jdk.httpserver jdk.internal.le jdk.internal.vm.ci jdk.internal.vm.compiler jdk.internal.vm.compiler.management jdk.jartool jdk.javadoc jdk.jcmd jdk.management jdk.management.agent jdk.jconsole jdk.jdeps jdk.jdwp.agent jdk.jdi jdk.jfr jdk.jshell jdk.jsobject jdk.jstatd jdk.localedata jdk.management.jfr jdk.naming.dns jdk.naming.rmi jdk.net jdk.nio.mapmode jdk.random jdk.sctp jdk.security.auth jdk.security.jgss jdk.unsupported jdk.unsupported.desktop jdk.xml.dom" 

Environment Variables:
PATH=C:\Program Files\Eclipse Adoptium\jdk-17.0.20.8-hotspot\bin;C:\Windows\system32;C:\Windows;C:\Windows\System32\Wbem;C:\Windows\System32\WindowsPowerShell\v1.0\;C:\Windows\System32\OpenSSH\;C:\Program Files\Git\cmd;C:\Users\Admin\AppData\Local\Microsoft\WindowsApps;C:\Users\Admin\AppData\Local\Programs\Microsoft VS Code\bin;C:\Program Files\swipl\bin;C:\Program Files (x86)\flutter\bin;
USERNAME=Admin
OS=Windows_NT
PROCESSOR_IDENTIFIER=AMD64 Family 25 Model 80 Stepping 0, AuthenticAMD
TMP=C:\Users\Admin\AppData\Local\Temp
TEMP=C:\Users\Admin\AppData\Local\Temp




Periodic native trim disabled

---------------  S Y S T E M  ---------------

OS:
 Windows 11 , 64 bit Build 26100 (10.0.26100.8875)
OS uptime: 0 days 1:15 hours

CPU: total 16 (initial active 16) (16 cores per cpu, 2 threads per core) family 25 model 80 stepping 0 microcode 0xa500011, cx8, cmov, fxsr, ht, mmx, 3dnowpref, sse, sse2, sse3, ssse3, sse4a, sse4.1, sse4.2, popcnt, lzcnt, tsc, tscinvbit, avx, avx2, aes, erms, clmul, bmi1, bmi2, adx, sha, fma, vzeroupper, clflush, clflushopt, rdtscp, rdpid, fsrm, f16c, pku, cet_ss
Processor Information for the first 16 processors :
  Max Mhz: 3201, Current Mhz: 1882, Mhz Limit: 3201

Memory: 4k page, system-wide physical 14182M (721M free)
TotalPageFile size 42805M (AvailPageFile size 332M)
current process WorkingSet (physical memory assigned to process): 317M, peak: 357M
current process commit charge ("private bytes"): 499M, peak: 523M

vm_info: OpenJDK 64-Bit Server VM (21.0.12.1+1-LTS) for windows-amd64 JRE (21.0.12.1+1-LTS), built on 2026-08-18T00:00:00Z by "admin" with MS VC++ 17.12 (VS2022)

END.
